Archive member included to satisfy reference by file (symbol)

c:/nxp/mcuxpressoide_10.3.0_2200/ide/plugins/com.nxp.mcuxpresso.tools.win32_10.3.0.201811011841/tools/bin/../lib/gcc/arm-none-eabi/7.3.1/thumb/v6-m\libgcc.a(_udivsi3.o)
                              ./mbedtls/base64.o (__aeabi_uidiv)
c:/nxp/mcuxpressoide_10.3.0_2200/ide/plugins/com.nxp.mcuxpresso.tools.win32_10.3.0.201811011841/tools/bin/../lib/gcc/arm-none-eabi/7.3.1/thumb/v6-m\libgcc.a(_divsi3.o)
                              ./mbedtls/timing.o (__aeabi_idiv)
c:/nxp/mcuxpressoide_10.3.0_2200/ide/plugins/com.nxp.mcuxpresso.tools.win32_10.3.0.201811011841/tools/bin/../lib/gcc/arm-none-eabi/7.3.1/thumb/v6-m\libgcc.a(_dvmd_tls.o)
                              c:/nxp/mcuxpressoide_10.3.0_2200/ide/plugins/com.nxp.mcuxpresso.tools.win32_10.3.0.201811011841/tools/bin/../lib/gcc/arm-none-eabi/7.3.1/thumb/v6-m\libgcc.a(_udivsi3.o) (__aeabi_idiv0)
c:/nxp/mcuxpressoide_10.3.0_2200/ide/plugins/com.nxp.mcuxpresso.tools.win32_10.3.0.201811011841/tools/bin/../lib/gcc/arm-none-eabi/7.3.1/thumb/v6-m\libgcc.a(_aeabi_uldivmod.o)
                              ./mbedtls/bignum.o (__aeabi_uldivmod)
c:/nxp/mcuxpressoide_10.3.0_2200/ide/plugins/com.nxp.mcuxpresso.tools.win32_10.3.0.201811011841/tools/bin/../lib/gcc/arm-none-eabi/7.3.1/thumb/v6-m\libgcc.a(_muldi3.o)
                              ./mbedtls/bignum.o (__aeabi_lmul)
c:/nxp/mcuxpressoide_10.3.0_2200/ide/plugins/com.nxp.mcuxpresso.tools.win32_10.3.0.201811011841/tools/bin/../lib/gcc/arm-none-eabi/7.3.1/thumb/v6-m\libgcc.a(_udivmoddi4.o)
                              c:/nxp/mcuxpressoide_10.3.0_2200/ide/plugins/com.nxp.mcuxpresso.tools.win32_10.3.0.201811011841/tools/bin/../lib/gcc/arm-none-eabi/7.3.1/thumb/v6-m\libgcc.a(_aeabi_uldivmod.o) (__udivmoddi4)
c:/nxp/mcuxpressoide_10.3.0_2200/ide/plugins/com.nxp.mcuxpresso.tools.win32_10.3.0.201811011841/tools/bin/../lib/gcc/arm-none-eabi/7.3.1/thumb/v6-m\libgcc.a(unwind-arm.o)
                              ./startup/startup_mkl25z4.o (__aeabi_unwind_cpp_pr0)
c:/nxp/mcuxpressoide_10.3.0_2200/ide/plugins/com.nxp.mcuxpresso.tools.win32_10.3.0.201811011841/tools/bin/../lib/gcc/arm-none-eabi/7.3.1/thumb/v6-m\libgcc.a(libunwind.o)
                              c:/nxp/mcuxpressoide_10.3.0_2200/ide/plugins/com.nxp.mcuxpresso.tools.win32_10.3.0.201811011841/tools/bin/../lib/gcc/arm-none-eabi/7.3.1/thumb/v6-m\libgcc.a(unwind-arm.o) (restore_core_regs)
c:/nxp/mcuxpressoide_10.3.0_2200/ide/plugins/com.nxp.mcuxpresso.tools.win32_10.3.0.201811011841/tools/bin/../lib/gcc/arm-none-eabi/7.3.1/thumb/v6-m\libgcc.a(pr-support.o)
                              c:/nxp/mcuxpressoide_10.3.0_2200/ide/plugins/com.nxp.mcuxpresso.tools.win32_10.3.0.201811011841/tools/bin/../lib/gcc/arm-none-eabi/7.3.1/thumb/v6-m\libgcc.a(unwind-arm.o) (__gnu_unwind_execute)
c:/nxp/mcuxpressoide_10.3.0_2200/ide/plugins/com.nxp.mcuxpresso.tools.win32_10.3.0.201811011841/tools/bin/../lib/gcc/arm-none-eabi/7.3.1/thumb/v6-m\libgcc.a(_clzdi2.o)
                              c:/nxp/mcuxpressoide_10.3.0_2200/ide/plugins/com.nxp.mcuxpresso.tools.win32_10.3.0.201811011841/tools/bin/../lib/gcc/arm-none-eabi/7.3.1/thumb/v6-m\libgcc.a(_udivmoddi4.o) (__clzdi2)
c:/nxp/mcuxpressoide_10.3.0_2200/ide/plugins/com.nxp.mcuxpresso.tools.win32_10.3.0.201811011841/tools/bin/../lib/gcc/arm-none-eabi/7.3.1/thumb/v6-m\libgcc.a(_clzsi2.o)
                              c:/nxp/mcuxpressoide_10.3.0_2200/ide/plugins/com.nxp.mcuxpresso.tools.win32_10.3.0.201811011841/tools/bin/../lib/gcc/arm-none-eabi/7.3.1/thumb/v6-m\libgcc.a(_clzdi2.o) (__clzsi2)
c:/nxp/mcuxpressoide_10.3.0_2200/ide/plugins/com.nxp.mcuxpresso.tools.win32_10.3.0.201811011841/tools/bin/../lib/gcc/arm-none-eabi/7.3.1/../../../../arm-none-eabi/lib/thumb/v6-m\libc_nano.a(lib_a-abort.o)
                              c:/nxp/mcuxpressoide_10.3.0_2200/ide/plugins/com.nxp.mcuxpresso.tools.win32_10.3.0.201811011841/tools/bin/../lib/gcc/arm-none-eabi/7.3.1/thumb/v6-m\libgcc.a(unwind-arm.o) (abort)
c:/nxp/mcuxpressoide_10.3.0_2200/ide/plugins/com.nxp.mcuxpresso.tools.win32_10.3.0.201811011841/tools/bin/../lib/gcc/arm-none-eabi/7.3.1/../../../../arm-none-eabi/lib/thumb/v6-m\libc_nano.a(lib_a-calloc.o)
                              ./mbedtls/asn1parse.o (calloc)
c:/nxp/mcuxpressoide_10.3.0_2200/ide/plugins/com.nxp.mcuxpresso.tools.win32_10.3.0.201811011841/tools/bin/../lib/gcc/arm-none-eabi/7.3.1/../../../../arm-none-eabi/lib/thumb/v6-m\libc_nano.a(lib_a-impure.o)
                              c:/nxp/mcuxpressoide_10.3.0_2200/ide/plugins/com.nxp.mcuxpresso.tools.win32_10.3.0.201811011841/tools/bin/../lib/gcc/arm-none-eabi/7.3.1/../../../../arm-none-eabi/lib/thumb/v6-m\libc_nano.a(lib_a-calloc.o) (_impure_ptr)
c:/nxp/mcuxpressoide_10.3.0_2200/ide/plugins/com.nxp.mcuxpresso.tools.win32_10.3.0.201811011841/tools/bin/../lib/gcc/arm-none-eabi/7.3.1/../../../../arm-none-eabi/lib/thumb/v6-m\libc_nano.a(lib_a-init.o)
                              ./startup/startup_mkl25z4.o (__libc_init_array)
[...]
Memory Configuration

Name             Origin             Length             Attributes
PROGRAM_FLASH    0x00000000         0x00020000         xr
SRAM             0x1ffff000         0x00004000         xrw
*default*        0x00000000         0xffffffff

Linker script and memory map

LOAD ./utilities/fsl_debug_console.o
LOAD ./utilities/fsl_notifier.o
LOAD ./utilities/fsl_shell.o
LOAD ./startup/startup_mkl25z4.o
LOAD ./source/MKL25Z128xxx4_Project.o
LOAD ./source/mtb.o
LOAD ./source/semihost_hardfault.o
LOAD ./mbedtls/aes.o
LOAD ./mbedtls/aesni.o
LOAD ./mbedtls/arc4.o
LOAD ./mbedtls/asn1parse.o
LOAD ./mbedtls/asn1write.o
LOAD ./mbedtls/base64.o
LOAD ./mbedtls/bignum.o
LOAD ./mbedtls/blowfish.o
LOAD ./mbedtls/camellia.o
LOAD ./mbedtls/ccm.o
LOAD ./mbedtls/certs.o
LOAD ./mbedtls/cipher.o
LOAD ./mbedtls/cipher_wrap.o
LOAD ./mbedtls/cmac.o
LOAD ./mbedtls/ctr_drbg.o
LOAD ./mbedtls/debug.o
LOAD ./mbedtls/des.o
LOAD ./mbedtls/dhm.o
LOAD ./mbedtls/ecdh.o
LOAD ./mbedtls/ecdsa.o
LOAD ./mbedtls/ecjpake.o
LOAD ./mbedtls/ecp.o
LOAD ./mbedtls/ecp_curves.o
LOAD ./mbedtls/entropy.o
LOAD ./mbedtls/entropy_poll.o
LOAD ./mbedtls/error.o
LOAD ./mbedtls/gcm.o
LOAD ./mbedtls/havege.o
LOAD ./mbedtls/hmac_drbg.o
LOAD ./mbedtls/md.o
LOAD ./mbedtls/md2.o
LOAD ./mbedtls/md4.o
LOAD ./mbedtls/md5.o
LOAD ./mbedtls/md_wrap.o
LOAD ./mbedtls/memory_buffer_alloc.o
LOAD ./mbedtls/net_sockets.o
LOAD ./mbedtls/oid.o
LOAD ./mbedtls/padlock.o
LOAD ./mbedtls/pem.o
LOAD ./mbedtls/pk.o
LOAD ./mbedtls/pk_wrap.o
LOAD ./mbedtls/pkcs11.o
LOAD ./mbedtls/pkcs12.o
LOAD ./mbedtls/pkcs5.o
LOAD ./mbedtls/pkparse.o
LOAD ./mbedtls/pkwrite.o
LOAD ./mbedtls/platform.o
LOAD ./mbedtls/ripemd160.o
LOAD ./mbedtls/rsa.o
LOAD ./mbedtls/rsa_internal.o
LOAD ./mbedtls/sha1.o
LOAD ./mbedtls/sha256.o
LOAD ./mbedtls/sha512.o
LOAD ./mbedtls/ssl_cache.o
LOAD ./mbedtls/ssl_ciphersuites.o
LOAD ./mbedtls/ssl_cli.o
LOAD ./mbedtls/ssl_cookie.o
LOAD ./mbedtls/ssl_srv.o
LOAD ./mbedtls/ssl_ticket.o
LOAD ./mbedtls/ssl_tls.o
LOAD ./mbedtls/threading.o
LOAD ./mbedtls/timing.o
LOAD ./mbedtls/version.o
LOAD ./mbedtls/version_features.o
LOAD ./mbedtls/x509.o
LOAD ./mbedtls/x509_create.o
LOAD ./mbedtls/x509_crl.o
LOAD ./mbedtls/x509_crt.o
LOAD ./mbedtls/x509_csr.o
LOAD ./mbedtls/x509write_crt.o
LOAD ./mbedtls/x509write_csr.o
LOAD ./mbedtls/xtea.o
LOAD ./freertos/croutine.o
LOAD ./freertos/event_groups.o
LOAD ./freertos/fsl_tickless_lptmr.o
LOAD ./freertos/fsl_tickless_systick.o
LOAD ./freertos/heap_4.o
LOAD ./freertos/list.o
LOAD ./freertos/port.o
LOAD ./freertos/queue.o
LOAD ./freertos/tasks.o
LOAD ./freertos/timers.o
LOAD ./drivers/fsl_adc16.o
LOAD ./drivers/fsl_clock.o
LOAD ./drivers/fsl_cmp.o
LOAD ./drivers/fsl_common.o
LOAD ./drivers/fsl_cop.o
LOAD ./drivers/fsl_dac.o
LOAD ./drivers/fsl_dma.o
LOAD ./drivers/fsl_dmamux.o
LOAD ./drivers/fsl_flash.o
LOAD ./drivers/fsl_gpio.o
LOAD ./drivers/fsl_i2c.o
LOAD ./drivers/fsl_i2c_dma.o
LOAD ./drivers/fsl_i2c_freertos.o
LOAD ./drivers/fsl_llwu.o
LOAD ./drivers/fsl_lpsci.o
LOAD ./drivers/fsl_lpsci_dma.o
LOAD ./drivers/fsl_lpsci_freertos.o
LOAD ./drivers/fsl_lptmr.o
LOAD ./drivers/fsl_pit.o
LOAD ./drivers/fsl_pmc.o
LOAD ./drivers/fsl_rcm.o
LOAD ./drivers/fsl_rtc.o
LOAD ./drivers/fsl_sim.o
LOAD ./drivers/fsl_smc.o
LOAD ./drivers/fsl_spi.o
LOAD ./drivers/fsl_spi_dma.o
LOAD ./drivers/fsl_spi_freertos.o
LOAD ./drivers/fsl_tpm.o
LOAD ./drivers/fsl_tsi_v4.o
LOAD ./drivers/fsl_uart.o
LOAD ./drivers/fsl_uart_dma.o
LOAD ./drivers/fsl_uart_freertos.o
LOAD ./board/board.o
LOAD ./board/clock_config.o
LOAD ./board/peripherals.o
LOAD ./board/pin_mux.o
LOAD ./CMSIS_driver/fsl_i2c_cmsis.o
LOAD ./CMSIS_driver/fsl_lpsci_cmsis.o
LOAD ./CMSIS_driver/fsl_spi_cmsis.o
LOAD ./CMSIS_driver/fsl_uart_cmsis.o
LOAD ./CMSIS/system_MKL25Z4.o
START GROUP
LOAD c:/nxp/mcuxpressoide_10.3.0_2200/ide/plugins/com.nxp.mcuxpresso.tools.win32_10.3.0.201811011841/tools/bin/../lib/gcc/arm-none-eabi/7.3.1/thumb/v6-m\libgcc.a
LOAD c:/nxp/mcuxpressoide_10.3.0_2200/ide/plugins/com.nxp.mcuxpresso.tools.win32_10.3.0.201811011841/tools/bin/../lib/gcc/arm-none-eabi/7.3.1/../../../../arm-none-eabi/lib/thumb/v6-m\libc_nano.a
LOAD c:/nxp/mcuxpressoide_10.3.0_2200/ide/plugins/com.nxp.mcuxpresso.tools.win32_10.3.0.201811011841/tools/bin/../lib/gcc/arm-none-eabi/7.3.1/../../../../arm-none-eabi/lib/thumb/v6-m\libstdc++_nano.a
LOAD c:/nxp/mcuxpressoide_10.3.0_2200/ide/plugins/com.nxp.mcuxpresso.tools.win32_10.3.0.201811011841/tools/bin/../lib/gcc/arm-none-eabi/7.3.1/../../../../arm-none-eabi/lib/thumb/v6-m\libm.a
LOAD c:/nxp/mcuxpressoide_10.3.0_2200/ide/plugins/com.nxp.mcuxpresso.tools.win32_10.3.0.201811011841/tools/bin/../lib/gcc/arm-none-eabi/7.3.1/../../../../arm-none-eabi/lib/thumb/v6-m\libcr_newlib_semihost.a
LOAD c:/nxp/mcuxpressoide_10.3.0_2200/ide/plugins/com.nxp.mcuxpresso.tools.win32_10.3.0.201811011841/tools/bin/../lib/gcc/arm-none-eabi/7.3.1/thumb/v6-m\crti.o
LOAD c:/nxp/mcuxpressoide_10.3.0_2200/ide/plugins/com.nxp.mcuxpresso.tools.win32_10.3.0.201811011841/tools/bin/../lib/gcc/arm-none-eabi/7.3.1/thumb/v6-m\crtn.o
LOAD c:/nxp/mcuxpressoide_10.3.0_2200/ide/plugins/com.nxp.mcuxpresso.tools.win32_10.3.0.201811011841/tools/bin/../lib/gcc/arm-none-eabi/7.3.1/thumb/v6-m\crtbegin.o
LOAD c:/nxp/mcuxpressoide_10.3.0_2200/ide/plugins/com.nxp.mcuxpresso.tools.win32_10.3.0.201811011841/tools/bin/../lib/gcc/arm-none-eabi/7.3.1/thumb/v6-m\crtend.o
END GROUP
                0x00000000                __base_PROGRAM_FLASH = 0x0
                0x00000000                __base_Flash = 0x0
                0x00020000                __top_PROGRAM_FLASH = 0x20000
                0x00020000                __top_Flash = 0x20000
                0x1ffff000                __base_SRAM = 0x1ffff000
                0x1ffff000                __base_RAM = 0x1ffff000
                0x20003000                __top_SRAM = 0x20003000
                0x20003000                __top_RAM = 0x20003000

.text           0x00000000     0x6e68
 FILL mask 0xff
                0x00000000                __vectors_start__ = ABSOLUTE (.)
 *(SORT_BY_ALIGNMENT(.isr_vector))
 .isr_vector    0x00000000       0xc0 ./startup/startup_mkl25z4.o
                0x00000000                g_pfnVectors
                0x00000000                __Vectors
                0x000000c0                . = ALIGN (0x4)
                0x000000c0                __section_table_start = .
                0x000000c0                __data_section_table = .
                0x000000c0        0x4 LONG 0x6fd8 LOADADDR (.data)
                0x000000c4        0x4 LONG 0x1ffff080 ADDR (.data)
                0x000000c8        0x4 LONG 0x74 SIZEOF (.data)
                0x000000cc                __data_section_table_end = .
                0x000000cc                __bss_section_table = .
                0x000000cc        0x4 LONG 0x1ffff0f4 ADDR (.bss)
                0x000000d0        0x4 LONG 0x2388 SIZEOF (.bss)
                0x000000d4                __bss_section_table_end = .
                0x000000d4                __section_table_end = .
 *(SORT_BY_ALIGNMENT(.after_vectors*))
 .after_vectors.reset
                0x000000d4       0x50 ./startup/startup_mkl25z4.o
                0x000000d4                ResetISR
 .after_vectors.init_data
                0x00000124       0x16 ./startup/startup_mkl25z4.o
                0x00000124                data_init(unsigned int, unsigned int, unsigned int)
 .after_vectors.init_bss
                0x0000013a       0x12 ./startup/startup_mkl25z4.o
                0x0000013a                bss_init(unsigned int, unsigned int)
 .after_vectors
                0x0000014c      0x10c ./startup/startup_mkl25z4.o
                0x0000014c                NMI_Handler
                0x00000156                PORTD_DriverIRQHandler
                0x00000156                LPTMR0_DriverIRQHandler
                0x00000156                Reserved39_DriverIRQHandler
                0x00000156                PIT_DriverIRQHandler
                0x00000156                CMP0_DriverIRQHandler
                0x00000156                ADC0_DriverIRQHandler
                0x00000156                DAC0_DriverIRQHandler
                0x00000156                TPM2_DriverIRQHandler
                0x00000156                RTC_DriverIRQHandler
                0x00000156                TPM1_DriverIRQHandler
                0x00000156                TSI0_DriverIRQHandler
                0x00000156                RTC_Seconds_DriverIRQHandler
                0x00000156                PORTA_DriverIRQHandler
                0x00000156                Reserved45_DriverIRQHandler
                0x00000156                LLWU_DriverIRQHandler
                0x00000156                MCG_DriverIRQHandler
                0x00000156                Reserved20_DriverIRQHandler
                0x00000156                USB0_DriverIRQHandler
                0x00000156                TPM0_DriverIRQHandler
                0x00000156                FTFA_DriverIRQHandler
                0x00000156                IntDefaultHandler
                0x00000156                LVD_LVW_DriverIRQHandler
                0x00000158                DMA0_IRQHandler
                0x00000160                DMA1_IRQHandler
                0x00000168                DMA2_IRQHandler
                0x00000170                DMA3_IRQHandler
                0x00000178                Reserved20_IRQHandler
                0x00000180                FTFA_IRQHandler
                0x00000188                LVD_LVW_IRQHandler
                0x00000190                LLWU_IRQHandler
                0x00000198                I2C0_IRQHandler
                0x000001a0                I2C1_IRQHandler
                0x000001a8                SPI0_IRQHandler
                0x000001b0                SPI1_IRQHandler
                0x000001b8                UART0_IRQHandler
                0x000001c0                UART1_IRQHandler
                0x000001c8                UART2_IRQHandler
                0x000001d0                ADC0_IRQHandler
                0x000001d8                CMP0_IRQHandler
                0x000001e0                TPM0_IRQHandler
                0x000001e8                TPM1_IRQHandler
                0x000001f0                TPM2_IRQHandler
                0x000001f8                RTC_IRQHandler
                0x00000200                RTC_Seconds_IRQHandler
                0x00000208                PIT_IRQHandler
                0x00000210                Reserved39_IRQHandler
                0x00000218                USB0_IRQHandler
                0x00000220                DAC0_IRQHandler
                0x00000228                TSI0_IRQHandler
                0x00000230                MCG_IRQHandler
                0x00000238                LPTMR0_IRQHandler
                0x00000240                Reserved45_IRQHandler
                0x00000248                PORTA_IRQHandler
                0x00000250                PORTD_IRQHandler
                0x00000400                . = 0x400
 *fill*         0x00000258      0x1a8 ff
                0x00000400                PROVIDE (__FLASH_CONFIG_START__ = .)
 *(SORT_BY_ALIGNMENT(.FlashConfig))
 .FlashConfig   0x00000400       0x10 ./startup/startup_mkl25z4.o
                0x00000410                PROVIDE (__FLASH_CONFIG_END__ = .)
                0x00000001                ASSERT (! ((__FLASH_CONFIG_START__ == __FLASH_CONFIG_END__)), Linker Flash Config Support Enabled, but no .FlashConfig section provided within application)
 *(SORT_BY_ALIGNMENT(.text*))
 .text.PendSV_Handler
                0x00000410       0x48 ./freertos/port.o
                0x00000410                PendSV_Handler
 .text.DbgConsole_Init
                0x00000458       0xf4 ./utilities/fsl_debug_console.o
                0x00000458                DbgConsole_Init
 .text          0x0000054c      0x344 ./source/MKL25Z128xxx4_Project.o
                0x000007d8                main
 .text.HardFault_Handler
                0x00000890       0x30 ./source/semihost_hardfault.o
                0x00000890                HardFault_Handler
 .text          0x000008c0     0x1974 ./mbedtls/aes.o
                0x00000df8                mbedtls_aes_init
                0x00000e16                mbedtls_aes_free
                0x00000e3c                mbedtls_aes_setkey_enc
                0x00001200                mbedtls_aes_setkey_dec
                0x00001474                mbedtls_internal_aes_encrypt
                0x00001a94                mbedtls_aes_encrypt
                0x00001ab4                mbedtls_internal_aes_decrypt
                0x000020d4                mbedtls_aes_decrypt
                0x000020f4                mbedtls_aes_crypt_ecb
                0x0000212e                mbedtls_aes_crypt_cbc
 .text.SysTick_Handler
                0x00002234       0x34 ./freertos/port.o
                0x00002234                SysTick_Handler
 .text.xTaskIncrementTick
                0x00002268      0x14c ./freertos/tasks.o
                0x00002268                xTaskIncrementTick
 .text.vTaskSwitchContext
                0x000023b4       0xa4 ./freertos/tasks.o
                0x000023b4                vTaskSwitchContext
 .text.prvResetNextTaskUnblockTime
                0x00002458       0x48 ./freertos/tasks.o
 .text.CLOCK_SetEr32kClock
                0x000024a0       0x34 ./drivers/fsl_clock.o
 .text.CLOCK_SetPllFllSelClock
                0x000024d4       0x38 ./drivers/fsl_clock.o
 .text.CLOCK_GetMcgExtClkFreq
                0x0000250c       0x34 ./drivers/fsl_clock.o
 .text.CLOCK_GetFllExtRefClkFreq
                0x00002540       0xa4 ./drivers/fsl_clock.o
 .text.CLOCK_GetFllRefClkFreq
                0x000025e4       0x2c ./drivers/fsl_clock.o
 .text.CLOCK_GetOscRangeFromFreq
                0x00002610       0x4c ./drivers/fsl_clock.o
 .text.CLOCK_GetPllFllSelClkFreq
                0x0000265c       0x4c ./drivers/fsl_clock.o
                0x0000265c                CLOCK_GetPllFllSelClkFreq
 .text.CLOCK_SetSimConfig
                0x000026a8       0x38 ./drivers/fsl_clock.o
                0x000026a8                CLOCK_SetSimConfig
 .text.CLOCK_GetFllFreq
                0x000026e0       0x84 ./drivers/fsl_clock.o
                0x000026e0                CLOCK_GetFllFreq
 .text.CLOCK_GetPll0Freq
                0x00002764       0x80 ./drivers/fsl_clock.o
                0x00002764                CLOCK_GetPll0Freq
 .text.CLOCK_SetInternalRefClkConfig
                0x000027e4      0x128 ./drivers/fsl_clock.o
                0x000027e4                CLOCK_SetInternalRefClkConfig
 .text.CLOCK_EnablePll0
                0x0000290c       0xa0 ./drivers/fsl_clock.o
                0x0000290c                CLOCK_EnablePll0
 .text.CLOCK_InitOsc0
                0x000029ac       0x94 ./drivers/fsl_clock.o
                0x000029ac                CLOCK_InitOsc0
 .text.CLOCK_SetPbeMode
                0x00002a40       0xc0 ./drivers/fsl_clock.o
                0x00002a40                CLOCK_SetPbeMode
 .text.CLOCK_BootToPeeMode
                0x00002b00       0x80 ./drivers/fsl_clock.o
                0x00002b00                CLOCK_BootToPeeMode
 .text.__assert_func
                0x00002b80       0x28 ./drivers/fsl_common.o
                0x00002b80                __assert_func
 .text.DMA_ClearChannelStatusFlags
                0x00002ba8       0x64 ./drivers/fsl_dma.o
 .text.DMA_HandleIRQ
                0x00002c0c       0x60 ./drivers/fsl_dma.o
                0x00002c0c                DMA_HandleIRQ
 .text.DMA0_DriverIRQHandler
                0x00002c6c       0x18 ./drivers/fsl_dma.o
                0x00002c6c                DMA0_DriverIRQHandler
 .text.DMA1_DriverIRQHandler
                0x00002c84       0x18 ./drivers/fsl_dma.o
                0x00002c84                DMA1_DriverIRQHandler
 .text.DMA2_DriverIRQHandler
                0x00002c9c       0x18 ./drivers/fsl_dma.o
                0x00002c9c                DMA2_DriverIRQHandler
 .text.DMA3_DriverIRQHandler
                0x00002cb4       0x18 ./drivers/fsl_dma.o
                0x00002cb4                DMA3_DriverIRQHandler
 .text.I2C_TransferCommonIRQHandler
                0x00002ccc       0x54 ./drivers/fsl_i2c.o
 .text.I2C0_DriverIRQHandler
                0x00002d20       0x20 ./drivers/fsl_i2c.o
                0x00002d20                I2C0_DriverIRQHandler
 .text.I2C1_DriverIRQHandler
                0x00002d40       0x20 ./drivers/fsl_i2c.o
                0x00002d40                I2C1_DriverIRQHandler
 .text.CLOCK_EnableClock
                0x00002d60       0x34 ./drivers/fsl_lpsci.o
 .text.LPSCI_GetInstance
                0x00002d94       0x54 ./drivers/fsl_lpsci.o
                0x00002d94                LPSCI_GetInstance
 .text.LPSCI_Init
                0x00002de8      0x270 ./drivers/fsl_lpsci.o
                0x00002de8                LPSCI_Init
 .text.LPSCI_GetDefaultConfig
                0x00003058       0x54 ./drivers/fsl_lpsci.o
                0x00003058                LPSCI_GetDefaultConfig
 .text.LPSCI_ClearStatusFlags
                0x000030ac       0x94 ./drivers/fsl_lpsci.o
                0x000030ac                LPSCI_ClearStatusFlags
 .text.LPSCI_WriteBlocking
                0x00003140       0x5c ./drivers/fsl_lpsci.o
                0x00003140                LPSCI_WriteBlocking
 .text.LPSCI_ReadBlocking
                0x0000319c       0xd0 ./drivers/fsl_lpsci.o
                0x0000319c                LPSCI_ReadBlocking
 .text.UART0_DriverIRQHandler
                0x0000326c       0x24 ./drivers/fsl_lpsci.o
                0x0000326c                UART0_DriverIRQHandler
 .text.SPI_CommonIRQHandler
                0x00003290       0x54 ./drivers/fsl_spi.o
 .text.SPI0_DriverIRQHandler
                0x000032e4       0x40 ./drivers/fsl_spi.o
                0x000032e4                SPI0_DriverIRQHandler
 .text.SPI1_DriverIRQHandler
                0x00003324       0x40 ./drivers/fsl_spi.o
                0x00003324                SPI1_DriverIRQHandler
 .text.CLOCK_EnableClock
                0x00003364       0x34 ./drivers/fsl_uart.o
 .text.UART_GetInstance
                0x00003398       0x60 ./drivers/fsl_uart.o
                0x00003398                UART_GetInstance
 .text.UART_Init
                0x000033f8      0x1f8 ./drivers/fsl_uart.o
                0x000033f8                UART_Init
 .text.UART_GetDefaultConfig
                0x000035f0       0x54 ./drivers/fsl_uart.o
                0x000035f0                UART_GetDefaultConfig
 .text.UART_ReadBlocking
                0x00003644       0xa8 ./drivers/fsl_uart.o
                0x00003644                UART_ReadBlocking
 .text.UART1_DriverIRQHandler
                0x000036ec       0x24 ./drivers/fsl_uart.o
                0x000036ec                UART1_DriverIRQHandler
 .text.UART2_DriverIRQHandler
                0x00003710       0x24 ./drivers/fsl_uart.o
                0x00003710                UART2_DriverIRQHandler
 .text.CLOCK_SetLpsci0Clock
                0x00003734       0x38 ./board/board.o
 .text.BOARD_InitDebugConsole
                0x0000376c       0x30 ./board/board.o
                0x0000376c                BOARD_InitDebugConsole
 .text.CLOCK_SetSimSafeDivs
                0x0000379c       0x20 ./board/clock_config.o
 .text.CLOCK_SetXtal0Freq
                0x000037bc       0x1c ./board/clock_config.o
 .text.CLOCK_CONFIG_SetFllExtRefDiv
                0x000037d8       0x3c ./board/clock_config.o
 .text.BOARD_BootClockRUN
                0x00003814       0x64 ./board/clock_config.o
                0x00003814                BOARD_BootClockRUN
 .text.CLOCK_EnableClock
                0x00003878       0x34 ./board/pin_mux.o
 .text.PORT_SetPinMux
                0x000038ac       0x40 ./board/pin_mux.o
 .text.DMAMUX_SetSource
                0x000038ec       0x5c ./board/pin_mux.o
 .text.BOARD_InitPins
                0x00003948       0x68 ./board/pin_mux.o
                0x00003948                BOARD_InitPins
 .text.SystemInit
                0x000039b0       0x18 ./CMSIS/system_MKL25Z4.o
                0x000039b0                SystemInit
 .text          0x000039c8      0x114 c:/nxp/mcuxpressoide_10.3.0_2200/ide/plugins/com.nxp.mcuxpresso.tools.win32_10.3.0.201811011841/tools/bin/../lib/gcc/arm-none-eabi/7.3.1/thumb/v6-m\libgcc.a(_udivsi3.o)
                0x000039c8                __aeabi_uidiv
                0x000039c8                __udivsi3
                0x00003ad4                __aeabi_uidivmod
 .text          0x00003adc      0x1d4 c:/nxp/mcuxpressoide_10.3.0_2200/ide/plugins/com.nxp.mcuxpresso.tools.win32_10.3.0.201811011841/tools/bin/../lib/gcc/arm-none-eabi/7.3.1/thumb/v6-m\libgcc.a(_divsi3.o)
                0x00003adc                __divsi3
                0x00003adc                __aeabi_idiv
                0x00003ca8                __aeabi_idivmod
 .text          0x00003cb0        0x4 c:/nxp/mcuxpressoide_10.3.0_2200/ide/plugins/com.nxp.mcuxpresso.tools.win32_10.3.0.201811011841/tools/bin/../lib/gcc/arm-none-eabi/7.3.1/thumb/v6-m\libgcc.a(_dvmd_tls.o)
                0x00003cb0                __aeabi_idiv0
                0x00003cb0                __aeabi_ldiv0
 .text          0x00003cb4      0xa08 c:/nxp/mcuxpressoide_10.3.0_2200/ide/plugins/com.nxp.mcuxpresso.tools.win32_10.3.0.201811011841/tools/bin/../lib/gcc/arm-none-eabi/7.3.1/thumb/v6-m\libgcc.a(unwind-arm.o)
                0x00003f70                _Unwind_GetCFA
                0x00003f74                __gnu_Unwind_RaiseException
                0x00003fc8                __gnu_Unwind_ForcedUnwind
                0x00003fdc                __gnu_Unwind_Resume
                0x00004024                __gnu_Unwind_Resume_or_Rethrow
                0x00004040                _Unwind_Complete
                0x00004044                _Unwind_DeleteException
                0x00004054                _Unwind_VRS_Get
                0x0000409c                _Unwind_VRS_Set
                0x000040e4                __gnu_Unwind_Backtrace
                0x00004434                __aeabi_unwind_cpp_pr0
                0x00004440                __aeabi_unwind_cpp_pr1
                0x0000444c                __aeabi_unwind_cpp_pr2
                0x00004458                _Unwind_VRS_Pop
 .text          0x000046bc      0x144 c:/nxp/mcuxpressoide_10.3.0_2200/ide/plugins/com.nxp.mcuxpresso.tools.win32_10.3.0.201811011841/tools/bin/../lib/gcc/arm-none-eabi/7.3.1/thumb/v6-m\libgcc.a(libunwind.o)
                0x000046bc                __restore_core_regs
                0x000046bc                restore_core_regs
                0x000046e8                __gnu_Unwind_Restore_VFP
                0x000046ec                __gnu_Unwind_Save_VFP
                0x000046f0                __gnu_Unwind_Restore_VFP_D
                0x000046f4                __gnu_Unwind_Save_VFP_D
                0x000046f8                __gnu_Unwind_Restore_VFP_D_16_to_31
                0x000046fc                __gnu_Unwind_Save_VFP_D_16_to_31
                0x00004700                __gnu_Unwind_Restore_WMMXD
                0x00004704                __gnu_Unwind_Save_WMMXD
                0x00004708                __gnu_Unwind_Restore_WMMXC
                0x0000470c                __gnu_Unwind_Save_WMMXC
                0x00004710                ___Unwind_RaiseException
                0x00004710                _Unwind_RaiseException
                0x00004740                _Unwind_Resume
                0x00004740                ___Unwind_Resume
                0x00004770                _Unwind_Resume_or_Rethrow
                0x00004770                ___Unwind_Resume_or_Rethrow
                0x000047a0                _Unwind_ForcedUnwind
                0x000047a0                ___Unwind_ForcedUnwind
                0x000047d0                ___Unwind_Backtrace
                0x000047d0                _Unwind_Backtrace
 .text          0x00004800      0x39c c:/nxp/mcuxpressoide_10.3.0_2200/ide/plugins/com.nxp.mcuxpresso.tools.win32_10.3.0.201811011841/tools/bin/../lib/gcc/arm-none-eabi/7.3.1/thumb/v6-m\libgcc.a(pr-support.o)
                0x00004854                __gnu_unwind_execute
                0x00004b44                __gnu_unwind_frame
                0x00004b6c                _Unwind_GetRegionStart
                0x00004b78                _Unwind_GetLanguageSpecificData
                0x00004b8c                _Unwind_GetDataRelBase
                0x00004b94                _Unwind_GetTextRelBase
 .text.__libc_init_array
                0x00004b9c       0x48 c:/nxp/mcuxpressoide_10.3.0_2200/ide/plugins/com.nxp.mcuxpresso.tools.win32_10.3.0.201811011841/tools/bin/../lib/gcc/arm-none-eabi/7.3.1/../../../../arm-none-eabi/lib/thumb/v6-m\libc_nano.a(lib_a-init.o)
                0x00004b9c                __libc_init_array
 .text.free     0x00004be4       0x14 c:/nxp/mcuxpressoide_10.3.0_2200/ide/plugins/com.nxp.mcuxpresso.tools.win32_10.3.0.201811011841/tools/bin/../lib/gcc/arm-none-eabi/7.3.1/../../../../arm-none-eabi/lib/thumb/v6-m\libc_nano.a(lib_a-malloc.o)
                0x00004be4                free
 .text._free_r  0x00004bf8       0x94 c:/nxp/mcuxpressoide_10.3.0_2200/ide/plugins/com.nxp.mcuxpresso.tools.win32_10.3.0.201811011841/tools/bin/../lib/gcc/arm-none-eabi/7.3.1/../../../../arm-none-eabi/lib/thumb/v6-m\libc_nano.a(lib_a-nano-freer.o)
                0x00004bf8                _free_r
 .text._malloc_r
                0x00004c8c       0xbc c:/nxp/mcuxpressoide_10.3.0_2200/ide/plugins/com.nxp.mcuxpresso.tools.win32_10.3.0.201811011841/tools/bin/../lib/gcc/arm-none-eabi/7.3.1/../../../../arm-none-eabi/lib/thumb/v6-m\libc_nano.a(lib_a-nano-mallocr.o)
                0x00004c8c                _malloc_r
 .text.printf   0x00004d48       0x34 c:/nxp/mcuxpressoide_10.3.0_2200/ide/plugins/com.nxp.mcuxpresso.tools.win32_10.3.0.201811011841/tools/bin/../lib/gcc/arm-none-eabi/7.3.1/../../../../arm-none-eabi/lib/thumb/v6-m\libc_nano.a(lib_a-printf.o)
                0x00004d48                iprintf
                0x00004d48                printf
 .text._sbrk_r  0x00004d7c       0x24 c:/nxp/mcuxpressoide_10.3.0_2200/ide/plugins/com.nxp.mcuxpresso.tools.win32_10.3.0.201811011841/tools/bin/../lib/gcc/arm-none-eabi/7.3.1/../../../../arm-none-eabi/lib/thumb/v6-m\libc_nano.a(lib_a-sbrkr.o)
                0x00004d7c                _sbrk_r
 .text.raise    0x00004da0       0x14 c:/nxp/mcuxpressoide_10.3.0_2200/ide/plugins/com.nxp.mcuxpresso.tools.win32_10.3.0.201811011841/tools/bin/../lib/gcc/arm-none-eabi/7.3.1/../../../../arm-none-eabi/lib/thumb/v6-m\libc_nano.a(lib_a-signal.o)
                0x00004da0                raise
 .text._kill_r  0x00004db4       0x24 c:/nxp/mcuxpressoide_10.3.0_2200/ide/plugins/com.nxp.mcuxpresso.tools.win32_10.3.0.201811011841/tools/bin/../lib/gcc/arm-none-eabi/7.3.1/../../../../arm-none-eabi/lib/thumb/v6-m\libc_nano.a(lib_a-signalr.o)
                0x00004db4                _kill_r
 .text.std      0x00004dd8       0x48 c:/nxp/mcuxpressoide_10.3.0_2200/ide/plugins/com.nxp.mcuxpresso.tools.win32_10.3.0.201811011841/tools/bin/../lib/gcc/arm-none-eabi/7.3.1/../../../../arm-none-eabi/lib/thumb/v6-m\libc_nano.a(lib_a-findfp.o)
 .text._cleanup_r
                0x00004e20       0x10 c:/nxp/mcuxpressoide_10.3.0_2200/ide/plugins/com.nxp.mcuxpresso.tools.win32_10.3.0.201811011841/tools/bin/../lib/gcc/arm-none-eabi/7.3.1/../../../../arm-none-eabi/lib/thumb/v6-m\libc_nano.a(lib_a-findfp.o)
                0x00004e20                _cleanup_r
 .text.__sinit  0x00004e30       0x68 c:/nxp/mcuxpressoide_10.3.0_2200/ide/plugins/com.nxp.mcuxpresso.tools.win32_10.3.0.201811011841/tools/bin/../lib/gcc/arm-none-eabi/7.3.1/../../../../arm-none-eabi/lib/thumb/v6-m\libc_nano.a(lib_a-findfp.o)
                0x00004e30                __sinit
 .text.__sfp    0x00004e98       0x7c c:/nxp/mcuxpressoide_10.3.0_2200/ide/plugins/com.nxp.mcuxpresso.tools.win32_10.3.0.201811011841/tools/bin/../lib/gcc/arm-none-eabi/7.3.1/../../../../arm-none-eabi/lib/thumb/v6-m\libc_nano.a(lib_a-findfp.o)
                0x00004e98                __sfp
 .text._vfprintf_r
                0x00004f14      0x22c c:/nxp/mcuxpressoide_10.3.0_2200/ide/plugins/com.nxp.mcuxpresso.tools.win32_10.3.0.201811011841/tools/bin/../lib/gcc/arm-none-eabi/7.3.1/../../../../arm-none-eabi/lib/thumb/v6-m\libc_nano.a(lib_a-nano-vfprintf.o)
                0x00004f14                _vfprintf_r
                0x00004f14                _vfiprintf_r
 .text._printf_i
                0x00005140      0x210 c:/nxp/mcuxpressoide_10.3.0_2200/ide/plugins/com.nxp.mcuxpresso.tools.win32_10.3.0.201811011841/tools/bin/../lib/gcc/arm-none-eabi/7.3.1/../../../../arm-none-eabi/lib/thumb/v6-m\libc_nano.a(lib_a-nano-vfprintf_i.o)
                0x00005140                _printf_i
 .text.__sread  0x00005350       0x28 c:/nxp/mcuxpressoide_10.3.0_2200/ide/plugins/com.nxp.mcuxpresso.tools.win32_10.3.0.201811011841/tools/bin/../lib/gcc/arm-none-eabi/7.3.1/../../../../arm-none-eabi/lib/thumb/v6-m\libc_nano.a(lib_a-stdio.o)
                0x00005350                __sread
 .text.__swrite
                0x00005378       0x38 c:/nxp/mcuxpressoide_10.3.0_2200/ide/plugins/com.nxp.mcuxpresso.tools.win32_10.3.0.201811011841/tools/bin/../lib/gcc/arm-none-eabi/7.3.1/../../../../arm-none-eabi/lib/thumb/v6-m\libc_nano.a(lib_a-stdio.o)
                0x00005378                __swrite
 .text.__sseek  0x000053b0       0x2c c:/nxp/mcuxpressoide_10.3.0_2200/ide/plugins/com.nxp.mcuxpresso.tools.win32_10.3.0.201811011841/tools/bin/../lib/gcc/arm-none-eabi/7.3.1/../../../../arm-none-eabi/lib/thumb/v6-m\libc_nano.a(lib_a-stdio.o)
                0x000053b0                __sseek
 .text.__swbuf_r
                0x000053dc       0xac c:/nxp/mcuxpressoide_10.3.0_2200/ide/plugins/com.nxp.mcuxpresso.tools.win32_10.3.0.201811011841/tools/bin/../lib/gcc/arm-none-eabi/7.3.1/../../../../arm-none-eabi/lib/thumb/v6-m\libc_nano.a(lib_a-wbuf.o)
                0x000053dc                __swbuf_r
 .text._write_r
                0x00005488       0x28 c:/nxp/mcuxpressoide_10.3.0_2200/ide/plugins/com.nxp.mcuxpresso.tools.win32_10.3.0.201811011841/tools/bin/../lib/gcc/arm-none-eabi/7.3.1/../../../../arm-none-eabi/lib/thumb/v6-m\libc_nano.a(lib_a-writer.o)
                0x00005488                _write_r
 .text.__swsetup_r
                0x000054b0       0xec c:/nxp/mcuxpressoide_10.3.0_2200/ide/plugins/com.nxp.mcuxpresso.tools.win32_10.3.0.201811011841/tools/bin/../lib/gcc/arm-none-eabi/7.3.1/../../../../arm-none-eabi/lib/thumb/v6-m\libc_nano.a(lib_a-wsetup.o)
                0x000054b0                __swsetup_r
 .text._close_r
                0x0000559c       0x24 c:/nxp/mcuxpressoide_10.3.0_2200/ide/plugins/com.nxp.mcuxpresso.tools.win32_10.3.0.201811011841/tools/bin/../lib/gcc/arm-none-eabi/7.3.1/../../../../arm-none-eabi/lib/thumb/v6-m\libc_nano.a(lib_a-closer.o)
                0x0000559c                _close_r
 .text.__sflush_r
                0x000055c0      0x114 c:/nxp/mcuxpressoide_10.3.0_2200/ide/plugins/com.nxp.mcuxpresso.tools.win32_10.3.0.201811011841/tools/bin/../lib/gcc/arm-none-eabi/7.3.1/../../../../arm-none-eabi/lib/thumb/v6-m\libc_nano.a(lib_a-fflush.o)
                0x000055c0                __sflush_r
 .text._fflush_r
                0x000056d4       0x58 c:/nxp/mcuxpressoide_10.3.0_2200/ide/plugins/com.nxp.mcuxpresso.tools.win32_10.3.0.201811011841/tools/bin/../lib/gcc/arm-none-eabi/7.3.1/../../../../arm-none-eabi/lib/thumb/v6-m\libc_nano.a(lib_a-fflush.o)
                0x000056d4                _fflush_r
 .text._lseek_r
                0x0000572c       0x28 c:/nxp/mcuxpressoide_10.3.0_2200/ide/plugins/com.nxp.mcuxpresso.tools.win32_10.3.0.201811011841/tools/bin/../lib/gcc/arm-none-eabi/7.3.1/../../../../arm-none-eabi/lib/thumb/v6-m\libc_nano.a(lib_a-lseekr.o)
                0x0000572c                _lseek_r
 .text.__swhatbuf_r
                0x00005754       0x50 c:/nxp/mcuxpressoide_10.3.0_2200/ide/plugins/com.nxp.mcuxpresso.tools.win32_10.3.0.201811011841/tools/bin/../lib/gcc/arm-none-eabi/7.3.1/../../../../arm-none-eabi/lib/thumb/v6-m\libc_nano.a(lib_a-makebuf.o)
                0x00005754                __swhatbuf_r
 .text.__smakebuf_r
                0x000057a4       0x88 c:/nxp/mcuxpressoide_10.3.0_2200/ide/plugins/com.nxp.mcuxpresso.tools.win32_10.3.0.201811011841/tools/bin/../lib/gcc/arm-none-eabi/7.3.1/../../../../arm-none-eabi/lib/thumb/v6-m\libc_nano.a(lib_a-makebuf.o)
                0x000057a4                __smakebuf_r
 .text._read_r  0x0000582c       0x28 c:/nxp/mcuxpressoide_10.3.0_2200/ide/plugins/com.nxp.mcuxpresso.tools.win32_10.3.0.201811011841/tools/bin/../lib/gcc/arm-none-eabi/7.3.1/../../../../arm-none-eabi/lib/thumb/v6-m\libc_nano.a(lib_a-readr.o)
                0x0000582c                _read_r
 .text._fstat_r
                0x00005854       0x24 c:/nxp/mcuxpressoide_10.3.0_2200/ide/plugins/com.nxp.mcuxpresso.tools.win32_10.3.0.201811011841/tools/bin/../lib/gcc/arm-none-eabi/7.3.1/../../../../arm-none-eabi/lib/thumb/v6-m\libc_nano.a(lib_a-fstatr.o)
                0x00005854                _fstat_r
 .text._isatty_r
                0x00005878       0x24 c:/nxp/mcuxpressoide_10.3.0_2200/ide/plugins/com.nxp.mcuxpresso.tools.win32_10.3.0.201811011841/tools/bin/../lib/gcc/arm-none-eabi/7.3.1/../../../../arm-none-eabi/lib/thumb/v6-m\libc_nano.a(lib_a-isattyr.o)
                0x00005878                _isatty_r
 .text.__cxa_get_globals
                0x0000589c        0x8 c:/nxp/mcuxpressoide_10.3.0_2200/ide/plugins/com.nxp.mcuxpresso.tools.win32_10.3.0.201811011841/tools/bin/../lib/gcc/arm-none-eabi/7.3.1/../../../../arm-none-eabi/lib/thumb/v6-m\libstdc++_nano.a(eh_globals.o)
                0x0000589c                __cxa_get_globals
 .text._ZSt9terminatev
                0x000058a4       0x10 c:/nxp/mcuxpressoide_10.3.0_2200/ide/plugins/com.nxp.mcuxpresso.tools.win32_10.3.0.201811011841/tools/bin/../lib/gcc/arm-none-eabi/7.3.1/../../../../arm-none-eabi/lib/thumb/v6-m\libstdc++_nano.a(eh_terminate.o)
                0x000058a4                std::terminate()
 .text._ZSt10unexpectedv
                0x000058b4       0x10 c:/nxp/mcuxpressoide_10.3.0_2200/ide/plugins/com.nxp.mcuxpresso.tools.win32_10.3.0.201811011841/tools/bin/../lib/gcc/arm-none-eabi/7.3.1/../../../../arm-none-eabi/lib/thumb/v6-m\libstdc++_nano.a(eh_terminate.o)
                0x000058b4                std::unexpected()
 .text.__cxa_type_match
                0x000058c4       0xb8 c:/nxp/mcuxpressoide_10.3.0_2200/ide/plugins/com.nxp.mcuxpresso.tools.win32_10.3.0.201811011841/tools/bin/../lib/gcc/arm-none-eabi/7.3.1/../../../../arm-none-eabi/lib/thumb/v6-m\libstdc++_nano.a(eh_arm.o)
                0x000058c4                __cxa_type_match
 .text._ZN10__cxxabiv120__si_class_type_infoD2Ev
                0x0000597c       0x18 c:/nxp/mcuxpressoide_10.3.0_2200/ide/plugins/com.nxp.mcuxpresso.tools.win32_10.3.0.201811011841/tools/bin/../lib/gcc/arm-none-eabi/7.3.1/../../../../arm-none-eabi/lib/thumb/v6-m\libstdc++_nano.a(si_class_type_info.o)
                0x0000597c                __cxxabiv1::__si_class_type_info::~__si_class_type_info()
                0x0000597c                __cxxabiv1::__si_class_type_info::~__si_class_type_info()
 .text._ZN10__cxxabiv117__class_type_infoD2Ev
                0x00005994       0x18 c:/nxp/mcuxpressoide_10.3.0_2200/ide/plugins/com.nxp.mcuxpresso.tools.win32_10.3.0.201811011841/tools/bin/../lib/gcc/arm-none-eabi/7.3.1/../../../../arm-none-eabi/lib/thumb/v6-m\libstdc++_nano.a(class_type_info.o)
                0x00005994                __cxxabiv1::__class_type_info::~__class_type_info()
                0x00005994                __cxxabiv1::__class_type_info::~__class_type_info()
 .text._sbrk    0x000059ac       0x40 c:/nxp/mcuxpressoide_10.3.0_2200/ide/plugins/com.nxp.mcuxpresso.tools.win32_10.3.0.201811011841/tools/bin/../lib/gcc/arm-none-eabi/7.3.1/../../../../arm-none-eabi/lib/thumb/v6-m\libcr_newlib_semihost.a(_cr_sbrk.o)
                0x000059ac                _sbrk
 .text._kill    0x000059ec       0x24 c:/nxp/mcuxpressoide_10.3.0_2200/ide/plugins/com.nxp.mcuxpresso.tools.win32_10.3.0.201811011841/tools/bin/../lib/gcc/arm-none-eabi/7.3.1/../../../../arm-none-eabi/lib/thumb/v6-m\libcr_newlib_semihost.a(_kill.o)
                0x000059ec                _kill
 .text.initialise_monitor_handles.part.0
                0x00005a10       0x9c c:/nxp/mcuxpressoide_10.3.0_2200/ide/plugins/com.nxp.mcuxpresso.tools.win32_10.3.0.201811011841/tools/bin/../lib/gcc/arm-none-eabi/7.3.1/../../../../arm-none-eabi/lib/thumb/v6-m\libcr_newlib_semihost.a(syscalls.o)
 .text.findslot
                0x00005aac       0x30 c:/nxp/mcuxpressoide_10.3.0_2200/ide/plugins/com.nxp.mcuxpresso.tools.win32_10.3.0.201811011841/tools/bin/../lib/gcc/arm-none-eabi/7.3.1/../../../../arm-none-eabi/lib/thumb/v6-m\libcr_newlib_semihost.a(syscalls.o)
 .text._close   0x00005adc       0x4c c:/nxp/mcuxpressoide_10.3.0_2200/ide/plugins/com.nxp.mcuxpresso.tools.win32_10.3.0.201811011841/tools/bin/../lib/gcc/arm-none-eabi/7.3.1/../../../../arm-none-eabi/lib/thumb/v6-m\libcr_newlib_semihost.a(syscalls.o)
                0x00005adc                _close
 .text.__check_heap_overflow
                0x00005b28       0x14 c:/nxp/mcuxpressoide_10.3.0_2200/ide/plugins/com.nxp.mcuxpresso.tools.win32_10.3.0.201811011841/tools/bin/../lib/gcc/arm-none-eabi/7.3.1/../../../../arm-none-eabi/lib/thumb/v6-m\libcr_newlib_semihost.a(_cr_check_heap.o)
                0x00005b28                __check_heap_overflow
 .text          0x00005b3c       0x48 c:/nxp/mcuxpressoide_10.3.0_2200/ide/plugins/com.nxp.mcuxpresso.tools.win32_10.3.0.201811011841/tools/bin/../lib/gcc/arm-none-eabi/7.3.1/thumb/v6-m\crtbegin.o
 .text.__errno  0x00005b84        0xc c:/nxp/mcuxpressoide_10.3.0_2200/ide/plugins/com.nxp.mcuxpresso.tools.win32_10.3.0.201811011841/tools/bin/../lib/gcc/arm-none-eabi/7.3.1/../../../../arm-none-eabi/lib/thumb/v6-m\libc_nano.a(lib_a-errno.o)
                0x00005b84                __errno
 .text.UART_EnableTx
                0x00005b90       0x40 ./utilities/fsl_debug_console.o
 .text.UART_EnableRx
                0x00005bd0       0x40 ./utilities/fsl_debug_console.o
 .text.LPSCI_EnableTx
                0x00005c10       0x40 ./utilities/fsl_debug_console.o
 .text.LPSCI_EnableRx
                0x00005c50       0x40 ./utilities/fsl_debug_console.o
 .text.vListInsertEnd
                0x00005c90       0x44 ./freertos/list.o
                0x00005c90                vListInsertEnd
 .text.uxListRemove
                0x00005cd4       0x50 ./freertos/list.o
                0x00005cd4                uxListRemove
 .text.SVC_Handler
                0x00005d24        0xa ./freertos/port.o
                0x00005d24                SVC_Handler
 .text.ulSetInterruptMaskFromISR
                0x00005d2e        0xc ./freertos/port.o
                0x00005d2e                ulSetInterruptMaskFromISR
 .text.vClearInterruptMaskFromISR
                0x00005d3a        0x8 ./freertos/port.o
                0x00005d3a                vClearInterruptMaskFromISR
 .text.OSC_SetExtRefClkConfig
                0x00005d42       0x3e ./drivers/fsl_clock.o
 .text.OSC_SetCapLoad
                0x00005d80       0x42 ./drivers/fsl_clock.o
 .text.CLOCK_GetPll0RefFreq
                0x00005dc2       0x10 ./drivers/fsl_clock.o
 .text.CLOCK_SetExternalRefClkConfig
                0x00005dd2       0x16 ./drivers/fsl_clock.o
                0x00005dd2                CLOCK_SetExternalRefClkConfig
 .text.LPSCI_GetStatusFlags
                0x00005de8       0x26 ./drivers/fsl_lpsci.o
                0x00005de8                LPSCI_GetStatusFlags
 .text.UART_GetStatusFlags
                0x00005e0e       0x26 ./drivers/fsl_uart.o
                0x00005e0e                UART_GetStatusFlags
 .text.UART_WriteBlocking
                0x00005e34       0x3a ./drivers/fsl_uart.o
                0x00005e34                UART_WriteBlocking
 .text.BOARD_InitBootClocks
                0x00005e6e        0xe ./board/clock_config.o
                0x00005e6e                BOARD_InitBootClocks
 .text.BOARD_InitBootPeripherals
                0x00005e7c        0xa ./board/peripherals.o
                0x00005e7c                BOARD_InitBootPeripherals
 .text.BOARD_InitBootPins
                0x00005e86        0xe ./board/pin_mux.o
                0x00005e86                BOARD_InitBootPins
 .text.abort    0x00005e94        0xe c:/nxp/mcuxpressoide_10.3.0_2200/ide/plugins/com.nxp.mcuxpresso.tools.win32_10.3.0.201811011841/tools/bin/../lib/gcc/arm-none-eabi/7.3.1/../../../../arm-none-eabi/lib/thumb/v6-m\libc_nano.a(lib_a-abort.o)
                0x00005e94                abort
 .text.memcpy   0x00005ea2       0x12 c:/nxp/mcuxpressoide_10.3.0_2200/ide/plugins/com.nxp.mcuxpresso.tools.win32_10.3.0.201811011841/tools/bin/../lib/gcc/arm-none-eabi/7.3.1/../../../../arm-none-eabi/lib/thumb/v6-m\libc_nano.a(lib_a-memcpy-stub.o)
                0x00005ea2                memcpy
 .text.memset   0x00005eb4       0x10 c:/nxp/mcuxpressoide_10.3.0_2200/ide/plugins/com.nxp.mcuxpresso.tools.win32_10.3.0.201811011841/tools/bin/../lib/gcc/arm-none-eabi/7.3.1/../../../../arm-none-eabi/lib/thumb/v6-m\libc_nano.a(lib_a-memset.o)
                0x00005eb4                memset
 .text._raise_r
                0x00005ec4       0x54 c:/nxp/mcuxpressoide_10.3.0_2200/ide/plugins/com.nxp.mcuxpresso.tools.win32_10.3.0.201811011841/tools/bin/../lib/gcc/arm-none-eabi/7.3.1/../../../../arm-none-eabi/lib/thumb/v6-m\libc_nano.a(lib_a-signal.o)
                0x00005ec4                _raise_r
 .text._getpid_r
                0x00005f18        0x8 c:/nxp/mcuxpressoide_10.3.0_2200/ide/plugins/com.nxp.mcuxpresso.tools.win32_10.3.0.201811011841/tools/bin/../lib/gcc/arm-none-eabi/7.3.1/../../../../arm-none-eabi/lib/thumb/v6-m\libc_nano.a(lib_a-signalr.o)
                0x00005f18                _getpid_r
 .text          0x00005f20       0x14 c:/nxp/mcuxpressoide_10.3.0_2200/ide/plugins/com.nxp.mcuxpresso.tools.win32_10.3.0.201811011841/tools/bin/../lib/gcc/arm-none-eabi/7.3.1/../../../../arm-none-eabi/lib/thumb/v6-m\libc_nano.a(lib_a-strcmp.o)
                0x00005f20                strcmp
 .text.__sfmoreglue
                0x00005f34       0x2c c:/nxp/mcuxpressoide_10.3.0_2200/ide/plugins/com.nxp.mcuxpresso.tools.win32_10.3.0.201811011841/tools/bin/../lib/gcc/arm-none-eabi/7.3.1/../../../../arm-none-eabi/lib/thumb/v6-m\libc_nano.a(lib_a-findfp.o)
                0x00005f34                __sfmoreglue
 .text._fwalk_reent
                0x00005f60       0x42 c:/nxp/mcuxpressoide_10.3.0_2200/ide/plugins/com.nxp.mcuxpresso.tools.win32_10.3.0.201811011841/tools/bin/../lib/gcc/arm-none-eabi/7.3.1/../../../../arm-none-eabi/lib/thumb/v6-m\libc_nano.a(lib_a-fwalk.o)
                0x00005f60                _fwalk_reent
 .text.__malloc_lock
                0x00005fa2        0x2 c:/nxp/mcuxpressoide_10.3.0_2200/ide/plugins/com.nxp.mcuxpresso.tools.win32_10.3.0.201811011841/tools/bin/../lib/gcc/arm-none-eabi/7.3.1/../../../../arm-none-eabi/lib/thumb/v6-m\libc_nano.a(lib_a-mlock.o)
                0x00005fa2                __malloc_lock
 .text.__malloc_unlock
                0x00005fa4        0x2 c:/nxp/mcuxpressoide_10.3.0_2200/ide/plugins/com.nxp.mcuxpresso.tools.win32_10.3.0.201811011841/tools/bin/../lib/gcc/arm-none-eabi/7.3.1/../../../../arm-none-eabi/lib/thumb/v6-m\libc_nano.a(lib_a-mlock.o)
                0x00005fa4                __malloc_unlock
 .text.__sfputc_r
                0x00005fa6       0x2a c:/nxp/mcuxpressoide_10.3.0_2200/ide/plugins/com.nxp.mcuxpresso.tools.win32_10.3.0.201811011841/tools/bin/../lib/gcc/arm-none-eabi/7.3.1/../../../../arm-none-eabi/lib/thumb/v6-m\libc_nano.a(lib_a-nano-vfprintf.o)
 .text.__sfputs_r
                0x00005fd0       0x24 c:/nxp/mcuxpressoide_10.3.0_2200/ide/plugins/com.nxp.mcuxpresso.tools.win32_10.3.0.201811011841/tools/bin/../lib/gcc/arm-none-eabi/7.3.1/../../../../arm-none-eabi/lib/thumb/v6-m\libc_nano.a(lib_a-nano-vfprintf.o)
                0x00005fd0                __sfputs_r
 .text._printf_common
                0x00005ff4       0xda c:/nxp/mcuxpressoide_10.3.0_2200/ide/plugins/com.nxp.mcuxpresso.tools.win32_10.3.0.201811011841/tools/bin/../lib/gcc/arm-none-eabi/7.3.1/../../../../arm-none-eabi/lib/thumb/v6-m\libc_nano.a(lib_a-nano-vfprintf_i.o)
                0x00005ff4                _printf_common
 .text.__sclose
                0x000060ce        0xc c:/nxp/mcuxpressoide_10.3.0_2200/ide/plugins/com.nxp.mcuxpresso.tools.win32_10.3.0.201811011841/tools/bin/../lib/gcc/arm-none-eabi/7.3.1/../../../../arm-none-eabi/lib/thumb/v6-m\libc_nano.a(lib_a-stdio.o)
                0x000060ce                __sclose
 .text.memchr   0x000060da       0x16 c:/nxp/mcuxpressoide_10.3.0_2200/ide/plugins/com.nxp.mcuxpresso.tools.win32_10.3.0.201811011841/tools/bin/../lib/gcc/arm-none-eabi/7.3.1/../../../../arm-none-eabi/lib/thumb/v6-m\libc_nano.a(lib_a-memchr-stub.o)
                0x000060da                memchr
 .text._ZN10__cxxabiv1L24__is_gxx_exception_classEPc
                0x000060f0       0x3a c:/nxp/mcuxpressoide_10.3.0_2200/ide/plugins/com.nxp.mcuxpresso.tools.win32_10.3.0.201811011841/tools/bin/../lib/gcc/arm-none-eabi/7.3.1/../../../../arm-none-eabi/lib/thumb/v6-m\libstdc++_nano.a(eh_call.o)
 .text.__cxa_call_unexpected
                0x0000612a       0x2e c:/nxp/mcuxpressoide_10.3.0_2200/ide/plugins/com.nxp.mcuxpresso.tools.win32_10.3.0.201811011841/tools/bin/../lib/gcc/arm-none-eabi/7.3.1/../../../../arm-none-eabi/lib/thumb/v6-m\libstdc++_nano.a(eh_call.o)
                0x0000612a                __cxa_call_unexpected
 .text._ZN10__cxxabiv1L24__is_gxx_exception_classEPc
                0x00006158       0x3a c:/nxp/mcuxpressoide_10.3.0_2200/ide/plugins/com.nxp.mcuxpresso.tools.win32_10.3.0.201811011841/tools/bin/../lib/gcc/arm-none-eabi/7.3.1/../../../../arm-none-eabi/lib/thumb/v6-m\libstdc++_nano.a(eh_catch.o)
 .text.__cxa_begin_catch
                0x00006192       0x4e c:/nxp/mcuxpressoide_10.3.0_2200/ide/plugins/com.nxp.mcuxpresso.tools.win32_10.3.0.201811011841/tools/bin/../lib/gcc/arm-none-eabi/7.3.1/../../../../arm-none-eabi/lib/thumb/v6-m\libstdc++_nano.a(eh_catch.o)
                0x00006192                __cxa_begin_catch
 .text._ZN10__cxxabiv111__terminateEPFvvE
                0x000061e0        0x8 c:/nxp/mcuxpressoide_10.3.0_2200/ide/plugins/com.nxp.mcuxpresso.tools.win32_10.3.0.201811011841/tools/bin/../lib/gcc/arm-none-eabi/7.3.1/../../../../arm-none-eabi/lib/thumb/v6-m\libstdc++_nano.a(eh_terminate.o)
                0x000061e0                __cxxabiv1::__terminate(void (*)())
 .text._ZN10__cxxabiv112__unexpectedEPFvvE
                0x000061e8        0x8 c:/nxp/mcuxpressoide_10.3.0_2200/ide/plugins/com.nxp.mcuxpresso.tools.win32_10.3.0.201811011841/tools/bin/../lib/gcc/arm-none-eabi/7.3.1/../../../../arm-none-eabi/lib/thumb/v6-m\libstdc++_nano.a(eh_terminate.o)
                0x000061e8                __cxxabiv1::__unexpected(void (*)())
 .text._ZN10__cxxabiv1L24__is_gxx_exception_classEPc
                0x000061f0       0x3a c:/nxp/mcuxpressoide_10.3.0_2200/ide/plugins/com.nxp.mcuxpresso.tools.win32_10.3.0.201811011841/tools/bin/../lib/gcc/arm-none-eabi/7.3.1/../../../../arm-none-eabi/lib/thumb/v6-m\libstdc++_nano.a(eh_arm.o)
 .text.__cxa_begin_cleanup
                0x0000622a       0x36 c:/nxp/mcuxpressoide_10.3.0_2200/ide/plugins/com.nxp.mcuxpresso.tools.win32_10.3.0.201811011841/tools/bin/../lib/gcc/arm-none-eabi/7.3.1/../../../../arm-none-eabi/lib/thumb/v6-m\libstdc++_nano.a(eh_arm.o)
                0x0000622a                __cxa_begin_cleanup
 .text._ZdlPvj  0x00006260        0x8 c:/nxp/mcuxpressoide_10.3.0_2200/ide/plugins/com.nxp.mcuxpresso.tools.win32_10.3.0.201811011841/tools/bin/../lib/gcc/arm-none-eabi/7.3.1/../../../../arm-none-eabi/lib/thumb/v6-m\libstdc++_nano.a(del_ops.o)
                0x00006260                operator delete(void*, unsigned int)
 .text._ZN10__cxxabiv120__si_class_type_infoD0Ev
                0x00006268       0x14 c:/nxp/mcuxpressoide_10.3.0_2200/ide/plugins/com.nxp.mcuxpresso.tools.win32_10.3.0.201811011841/tools/bin/../lib/gcc/arm-none-eabi/7.3.1/../../../../arm-none-eabi/lib/thumb/v6-m\libstdc++_nano.a(si_class_type_info.o)
                0x00006268                __cxxabiv1::__si_class_type_info::~__si_class_type_info()
 .text._ZNK10__cxxabiv120__si_class_type_info20__do_find_public_srcEiPKvPKNS_17__class_type_infoES2_
                0x0000627c       0x32 c:/nxp/mcuxpressoide_10.3.0_2200/ide/plugins/com.nxp.mcuxpresso.tools.win32_10.3.0.201811011841/tools/bin/../lib/gcc/arm-none-eabi/7.3.1/../../../../arm-none-eabi/lib/thumb/v6-m\libstdc++_nano.a(si_class_type_info.o)
                0x0000627c                __cxxabiv1::__si_class_type_info::__do_find_public_src(int, void const*, __cxxabiv1::__class_type_info const*, void const*) const
 .text._ZNK10__cxxabiv120__si_class_type_info12__do_dyncastEiNS_17__class_type_info10__sub_kindEPKS1_PKvS4_S6_RNS1_16__dyncast_resultE
                0x000062ae       0x80 c:/nxp/mcuxpressoide_10.3.0_2200/ide/plugins/com.nxp.mcuxpresso.tools.win32_10.3.0.201811011841/tools/bin/../lib/gcc/arm-none-eabi/7.3.1/../../../../arm-none-eabi/lib/thumb/v6-m\libstdc++_nano.a(si_class_type_info.o)
                0x000062ae                __cxxabiv1::__si_class_type_info::__do_dyncast(int, __cxxabiv1::__class_type_info::__sub_kind, __cxxabiv1::__class_type_info const*, void const*, __cxxabiv1::__class_type_info const*, void const*, __cxxabiv1::__class_type_info::__dyncast_result&) const
 .text._ZNK10__cxxabiv120__si_class_type_info11__do_upcastEPKNS_17__class_type_infoEPKvRNS1_15__upcast_resultE
                0x0000632e       0x22 c:/nxp/mcuxpressoide_10.3.0_2200/ide/plugins/com.nxp.mcuxpresso.tools.win32_10.3.0.201811011841/tools/bin/../lib/gcc/arm-none-eabi/7.3.1/../../../../arm-none-eabi/lib/thumb/v6-m\libstdc++_nano.a(si_class_type_info.o)
                0x0000632e                __cxxabiv1::__si_class_type_info::__do_upcast(__cxxabiv1::__class_type_info const*, void const*, __cxxabiv1::__class_type_info::__upcast_result&) const
 .text._ZNSt9type_infoD2Ev
                0x00006350        0x2 c:/nxp/mcuxpressoide_10.3.0_2200/ide/plugins/com.nxp.mcuxpresso.tools.win32_10.3.0.201811011841/tools/bin/../lib/gcc/arm-none-eabi/7.3.1/../../../../arm-none-eabi/lib/thumb/v6-m\libstdc++_nano.a(tinfo.o)
                0x00006350                std::type_info::~type_info()
                0x00006350                std::type_info::~type_info()
 .text._ZNKSt9type_info14__is_pointer_pEv
                0x00006352        0x4 c:/nxp/mcuxpressoide_10.3.0_2200/ide/plugins/com.nxp.mcuxpresso.tools.win32_10.3.0.201811011841/tools/bin/../lib/gcc/arm-none-eabi/7.3.1/../../../../arm-none-eabi/lib/thumb/v6-m\libstdc++_nano.a(tinfo.o)
                0x00006352                std::type_info::__is_pointer_p() const
                0x00006352                std::type_info::__is_function_p() const
 .text._ZNKSt9type_infoeqERKS_
                0x00006356       0x2c c:/nxp/mcuxpressoide_10.3.0_2200/ide/plugins/com.nxp.mcuxpresso.tools.win32_10.3.0.201811011841/tools/bin/../lib/gcc/arm-none-eabi/7.3.1/../../../../arm-none-eabi/lib/thumb/v6-m\libstdc++_nano.a(tinfo.o)
                0x00006356                std::type_info::operator==(std::type_info const&) const
 .text._ZNK10__cxxabiv117__class_type_info11__do_upcastEPKS0_PPv
                0x00006382       0x34 c:/nxp/mcuxpressoide_10.3.0_2200/ide/plugins/com.nxp.mcuxpresso.tools.win32_10.3.0.201811011841/tools/bin/../lib/gcc/arm-none-eabi/7.3.1/../../../../arm-none-eabi/lib/thumb/v6-m\libstdc++_nano.a(class_type_info.o)
                0x00006382                __cxxabiv1::__class_type_info::__do_upcast(__cxxabiv1::__class_type_info const*, void**) const
 .text._ZNK10__cxxabiv117__class_type_info20__do_find_public_srcEiPKvPKS0_S2_
                0x000063b6        0xc c:/nxp/mcuxpressoide_10.3.0_2200/ide/plugins/com.nxp.mcuxpresso.tools.win32_10.3.0.201811011841/tools/bin/../lib/gcc/arm-none-eabi/7.3.1/../../../../arm-none-eabi/lib/thumb/v6-m\libstdc++_nano.a(class_type_info.o)
                0x000063b6                __cxxabiv1::__class_type_info::__do_find_public_src(int, void const*, __cxxabiv1::__class_type_info const*, void const*) const
 .text._ZN10__cxxabiv117__class_type_infoD0Ev
                0x000063c2       0x14 c:/nxp/mcuxpressoide_10.3.0_2200/ide/plugins/com.nxp.mcuxpresso.tools.win32_10.3.0.201811011841/tools/bin/../lib/gcc/arm-none-eabi/7.3.1/../../../../arm-none-eabi/lib/thumb/v6-m\libstdc++_nano.a(class_type_info.o)
                0x000063c2                __cxxabiv1::__class_type_info::~__class_type_info()
 .text._ZNK10__cxxabiv117__class_type_info12__do_dyncastEiNS0_10__sub_kindEPKS0_PKvS3_S5_RNS0_16__dyncast_resultE
                0x000063d6       0x3a c:/nxp/mcuxpressoide_10.3.0_2200/ide/plugins/com.nxp.mcuxpresso.tools.win32_10.3.0.201811011841/tools/bin/../lib/gcc/arm-none-eabi/7.3.1/../../../../arm-none-eabi/lib/thumb/v6-m\libstdc++_nano.a(class_type_info.o)
                0x000063d6                __cxxabiv1::__class_type_info::__do_dyncast(int, __cxxabiv1::__class_type_info::__sub_kind, __cxxabiv1::__class_type_info const*, void const*, __cxxabiv1::__class_type_info const*, void const*, __cxxabiv1::__class_type_info::__dyncast_result&) const
 .text._ZNK10__cxxabiv117__class_type_info11__do_upcastEPKS0_PKvRNS0_15__upcast_resultE
                0x00006410       0x1a c:/nxp/mcuxpressoide_10.3.0_2200/ide/plugins/com.nxp.mcuxpresso.tools.win32_10.3.0.201811011841/tools/bin/../lib/gcc/arm-none-eabi/7.3.1/../../../../arm-none-eabi/lib/thumb/v6-m\libstdc++_nano.a(class_type_info.o)
                0x00006410                __cxxabiv1::__class_type_info::__do_upcast(__cxxabiv1::__class_type_info const*, void const*, __cxxabiv1::__class_type_info::__upcast_result&) const
 .text._ZNK10__cxxabiv117__class_type_info10__do_catchEPKSt9type_infoPPvj
                0x0000642a       0x24 c:/nxp/mcuxpressoide_10.3.0_2200/ide/plugins/com.nxp.mcuxpresso.tools.win32_10.3.0.201811011841/tools/bin/../lib/gcc/arm-none-eabi/7.3.1/../../../../arm-none-eabi/lib/thumb/v6-m\libstdc++_nano.a(class_type_info.o)
                0x0000642a                __cxxabiv1::__class_type_info::__do_catch(std::type_info const*, void**, unsigned int) const
 .text._ZdlPv   0x0000644e        0x8 c:/nxp/mcuxpressoide_10.3.0_2200/ide/plugins/com.nxp.mcuxpresso.tools.win32_10.3.0.201811011841/tools/bin/../lib/gcc/arm-none-eabi/7.3.1/../../../../arm-none-eabi/lib/thumb/v6-m\libstdc++_nano.a(del_op.o)
                0x0000644e                operator delete(void*)
 .text._exit    0x00006456        0xc c:/nxp/mcuxpressoide_10.3.0_2200/ide/plugins/com.nxp.mcuxpresso.tools.win32_10.3.0.201811011841/tools/bin/../lib/gcc/arm-none-eabi/7.3.1/../../../../arm-none-eabi/lib/thumb/v6-m\libcr_newlib_semihost.a(_exit.o)
                0x00006456                _exit
 .text.error    0x00006462       0x1c c:/nxp/mcuxpressoide_10.3.0_2200/ide/plugins/com.nxp.mcuxpresso.tools.win32_10.3.0.201811011841/tools/bin/../lib/gcc/arm-none-eabi/7.3.1/../../../../arm-none-eabi/lib/thumb/v6-m\libcr_newlib_semihost.a(syscalls.o)
 .text.checkerror
                0x0000647e       0x20 c:/nxp/mcuxpressoide_10.3.0_2200/ide/plugins/com.nxp.mcuxpresso.tools.win32_10.3.0.201811011841/tools/bin/../lib/gcc/arm-none-eabi/7.3.1/../../../../arm-none-eabi/lib/thumb/v6-m\libcr_newlib_semihost.a(syscalls.o)
 .text._swiread
                0x0000649e       0x20 c:/nxp/mcuxpressoide_10.3.0_2200/ide/plugins/com.nxp.mcuxpresso.tools.win32_10.3.0.201811011841/tools/bin/../lib/gcc/arm-none-eabi/7.3.1/../../../../arm-none-eabi/lib/thumb/v6-m\libcr_newlib_semihost.a(syscalls.o)
                0x0000649e                _swiread
 .text._read    0x000064be       0x34 c:/nxp/mcuxpressoide_10.3.0_2200/ide/plugins/com.nxp.mcuxpresso.tools.win32_10.3.0.201811011841/tools/bin/../lib/gcc/arm-none-eabi/7.3.1/../../../../arm-none-eabi/lib/thumb/v6-m\libcr_newlib_semihost.a(syscalls.o)
                0x000064be                _read
 .text._swilseek
                0x000064f2       0x76 c:/nxp/mcuxpressoide_10.3.0_2200/ide/plugins/com.nxp.mcuxpresso.tools.win32_10.3.0.201811011841/tools/bin/../lib/gcc/arm-none-eabi/7.3.1/../../../../arm-none-eabi/lib/thumb/v6-m\libcr_newlib_semihost.a(syscalls.o)
                0x000064f2                _swilseek
 .text._lseek   0x00006568        0x8 c:/nxp/mcuxpressoide_10.3.0_2200/ide/plugins/com.nxp.mcuxpresso.tools.win32_10.3.0.201811011841/tools/bin/../lib/gcc/arm-none-eabi/7.3.1/../../../../arm-none-eabi/lib/thumb/v6-m\libcr_newlib_semihost.a(syscalls.o)
                0x00006568                _lseek
 .text._swiwrite
                0x00006570       0x20 c:/nxp/mcuxpressoide_10.3.0_2200/ide/plugins/com.nxp.mcuxpresso.tools.win32_10.3.0.201811011841/tools/bin/../lib/gcc/arm-none-eabi/7.3.1/../../../../arm-none-eabi/lib/thumb/v6-m\libcr_newlib_semihost.a(syscalls.o)
                0x00006570                _swiwrite
 .text._write   0x00006590       0x3e c:/nxp/mcuxpressoide_10.3.0_2200/ide/plugins/com.nxp.mcuxpresso.tools.win32_10.3.0.201811011841/tools/bin/../lib/gcc/arm-none-eabi/7.3.1/../../../../arm-none-eabi/lib/thumb/v6-m\libcr_newlib_semihost.a(syscalls.o)
                0x00006590                _write
 .text._swiclose
                0x000065ce       0x18 c:/nxp/mcuxpressoide_10.3.0_2200/ide/plugins/com.nxp.mcuxpresso.tools.win32_10.3.0.201811011841/tools/bin/../lib/gcc/arm-none-eabi/7.3.1/../../../../arm-none-eabi/lib/thumb/v6-m\libcr_newlib_semihost.a(syscalls.o)
                0x000065ce                _swiclose
 .text._getpid  0x000065e6        0x4 c:/nxp/mcuxpressoide_10.3.0_2200/ide/plugins/com.nxp.mcuxpresso.tools.win32_10.3.0.201811011841/tools/bin/../lib/gcc/arm-none-eabi/7.3.1/../../../../arm-none-eabi/lib/thumb/v6-m\libcr_newlib_semihost.a(syscalls.o)
                0x000065e6                _getpid
 .text._swistat
                0x000065ea       0x44 c:/nxp/mcuxpressoide_10.3.0_2200/ide/plugins/com.nxp.mcuxpresso.tools.win32_10.3.0.201811011841/tools/bin/../lib/gcc/arm-none-eabi/7.3.1/../../../../arm-none-eabi/lib/thumb/v6-m\libcr_newlib_semihost.a(syscalls.o)
                0x000065ea                _swistat
 .text._fstat   0x0000662e       0x1a c:/nxp/mcuxpressoide_10.3.0_2200/ide/plugins/com.nxp.mcuxpresso.tools.win32_10.3.0.201811011841/tools/bin/../lib/gcc/arm-none-eabi/7.3.1/../../../../arm-none-eabi/lib/thumb/v6-m\libcr_newlib_semihost.a(syscalls.o)
                0x0000662e                _fstat
 .text._isatty  0x00006648       0x28 c:/nxp/mcuxpressoide_10.3.0_2200/ide/plugins/com.nxp.mcuxpresso.tools.win32_10.3.0.201811011841/tools/bin/../lib/gcc/arm-none-eabi/7.3.1/../../../../arm-none-eabi/lib/thumb/v6-m\libcr_newlib_semihost.a(syscalls.o)
                0x00006648                _isatty
 *(SORT_BY_ALIGNMENT(.rodata) SORT_BY_ALIGNMENT(.rodata.*) SORT_BY_ALIGNMENT(.constdata) SORT_BY_ALIGNMENT(.constdata.*))
 .rodata        0x00006670       0x27 ./source/MKL25Z128xxx4_Project.o
 *fill*         0x00006697        0x1 ff
 .rodata        0x00006698       0x47 ./drivers/fsl_clock.o
 *fill*         0x000066df        0x1 ff
 .rodata.__func__.5287
                0x000066e0       0x17 ./drivers/fsl_clock.o
 *fill*         0x000066f7        0x1 ff
 .rodata.fllFactorTable.5393
                0x000066f8       0x10 ./drivers/fsl_clock.o
 .rodata.__func__.5408
                0x00006708       0x12 ./drivers/fsl_clock.o
 *fill*         0x0000671a        0x2 ff
 .rodata.__func__.5448
                0x0000671c       0x11 ./drivers/fsl_clock.o
 *fill*         0x0000672d        0x3 ff
 .rodata.__func__.5585
                0x00006730       0x11 ./drivers/fsl_clock.o
 *fill*         0x00006741        0x3 ff
 .rodata.__func__.5652
                0x00006744       0x14 ./drivers/fsl_clock.o
 .rodata        0x00006758       0x3e ./drivers/fsl_common.o
 *fill*         0x00006796        0x2 ff
 .rodata        0x00006798      0x168 ./drivers/fsl_dma.o
 .rodata.__func__.5552
                0x00006900        0xe ./drivers/fsl_dma.o
 *fill*         0x0000690e        0x2 ff
 .rodata.__func__.5420
                0x00006910       0x1c ./drivers/fsl_dma.o
 .rodata        0x0000692c       0xb2 ./drivers/fsl_lpsci.o
 *fill*         0x000069de        0x2 ff
 .rodata.__func__.5468
                0x000069e0       0x12 ./drivers/fsl_lpsci.o
 *fill*         0x000069f2        0x2 ff
 .rodata.__func__.5504
                0x000069f4        0xb ./drivers/fsl_lpsci.o
 *fill*         0x000069ff        0x1 ff
 .rodata.__func__.5525
                0x00006a00       0x17 ./drivers/fsl_lpsci.o
 *fill*         0x00006a17        0x1 ff
 .rodata.__func__.5570
                0x00006a18       0x14 ./drivers/fsl_lpsci.o
 .rodata.__func__.5582
                0x00006a2c       0x13 ./drivers/fsl_lpsci.o
 *fill*         0x00006a3f        0x1 ff
 .rodata        0x00006a40       0x9b ./drivers/fsl_spi.o
 *fill*         0x00006adb        0x1 ff
 .rodata.__func__.5659
                0x00006adc       0x16 ./drivers/fsl_spi.o
 *fill*         0x00006af2        0x2 ff
 .rodata.__func__.5663
                0x00006af4       0x16 ./drivers/fsl_spi.o
 *fill*         0x00006b0a        0x2 ff
 .rodata.s_uartBases
                0x00006b0c        0xc ./drivers/fsl_uart.o
 .rodata.s_uartClock
                0x00006b18        0xc ./drivers/fsl_uart.o
 .rodata        0x00006b24       0xaa ./drivers/fsl_uart.o
 *fill*         0x00006bce        0x2 ff
 .rodata.__func__.5471
                0x00006bd0       0x11 ./drivers/fsl_uart.o
 *fill*         0x00006be1        0x3 ff
 .rodata.__func__.5487
                0x00006be4        0xa ./drivers/fsl_uart.o
 *fill*         0x00006bee        0x2 ff
 .rodata.__func__.5500
                0x00006bf0       0x16 ./drivers/fsl_uart.o
 *fill*         0x00006c06        0x2 ff
 .rodata.__func__.5558
                0x00006c08       0x12 ./drivers/fsl_uart.o
 *fill*         0x00006c1a        0x2 ff
 .rodata.mcgConfig_BOARD_BootClockRUN
                0x00006c1c        0xa ./board/clock_config.o
                0x00006c1c                mcgConfig_BOARD_BootClockRUN
 *fill*         0x00006c26        0x2 ff
 .rodata.simConfig_BOARD_BootClockRUN
                0x00006c28        0x8 ./board/clock_config.o
                0x00006c28                simConfig_BOARD_BootClockRUN
 .rodata.oscConfig_BOARD_BootClockRUN
                0x00006c30        0x8 ./board/clock_config.o
                0x00006c30                oscConfig_BOARD_BootClockRUN
 .rodata        0x00006c38       0x44 ./board/pin_mux.o
 .rodata.__func__.5358
                0x00006c7c       0x11 ./board/pin_mux.o
 *fill*         0x00006c8d        0x3 ff
 .rodata._global_impure_ptr
                0x00006c90        0x4 c:/nxp/mcuxpressoide_10.3.0_2200/ide/plugins/com.nxp.mcuxpresso.tools.win32_10.3.0.201811011841/tools/bin/../lib/gcc/arm-none-eabi/7.3.1/../../../../arm-none-eabi/lib/thumb/v6-m\libc_nano.a(lib_a-impure.o)
                0x00006c90                _global_impure_ptr
 .rodata.__sf_fake_stderr
                0x00006c94       0x20 c:/nxp/mcuxpressoide_10.3.0_2200/ide/plugins/com.nxp.mcuxpresso.tools.win32_10.3.0.201811011841/tools/bin/../lib/gcc/arm-none-eabi/7.3.1/../../../../arm-none-eabi/lib/thumb/v6-m\libc_nano.a(lib_a-findfp.o)
                0x00006c94                __sf_fake_stderr
 .rodata.__sf_fake_stdin
                0x00006cb4       0x20 c:/nxp/mcuxpressoide_10.3.0_2200/ide/plugins/com.nxp.mcuxpresso.tools.win32_10.3.0.201811011841/tools/bin/../lib/gcc/arm-none-eabi/7.3.1/../../../../arm-none-eabi/lib/thumb/v6-m\libc_nano.a(lib_a-findfp.o)
                0x00006cb4                __sf_fake_stdin
 .rodata.__sf_fake_stdout
                0x00006cd4       0x20 c:/nxp/mcuxpressoide_10.3.0_2200/ide/plugins/com.nxp.mcuxpresso.tools.win32_10.3.0.201811011841/tools/bin/../lib/gcc/arm-none-eabi/7.3.1/../../../../arm-none-eabi/lib/thumb/v6-m\libc_nano.a(lib_a-findfp.o)
                0x00006cd4                __sf_fake_stdout
 .rodata._ZTIN10__cxxabiv115__forced_unwindE
                0x00006cf4        0x8 c:/nxp/mcuxpressoide_10.3.0_2200/ide/plugins/com.nxp.mcuxpresso.tools.win32_10.3.0.201811011841/tools/bin/../lib/gcc/arm-none-eabi/7.3.1/../../../../arm-none-eabi/lib/thumb/v6-m\libstdc++_nano.a(eh_exception.o)
                0x00006cf4                typeinfo for __cxxabiv1::__forced_unwind
 .rodata._ZTIN10__cxxabiv119__foreign_exceptionE
                0x00006cfc        0x8 c:/nxp/mcuxpressoide_10.3.0_2200/ide/plugins/com.nxp.mcuxpresso.tools.win32_10.3.0.201811011841/tools/bin/../lib/gcc/arm-none-eabi/7.3.1/../../../../arm-none-eabi/lib/thumb/v6-m\libstdc++_nano.a(eh_exception.o)
                0x00006cfc                typeinfo for __cxxabiv1::__foreign_exception
 .rodata._ZTIN10__cxxabiv120__si_class_type_infoE
                0x00006d04        0xc c:/nxp/mcuxpressoide_10.3.0_2200/ide/plugins/com.nxp.mcuxpresso.tools.win32_10.3.0.201811011841/tools/bin/../lib/gcc/arm-none-eabi/7.3.1/../../../../arm-none-eabi/lib/thumb/v6-m\libstdc++_nano.a(si_class_type_info.o)
                0x00006d04                typeinfo for __cxxabiv1::__si_class_type_info
 .rodata._ZTVN10__cxxabiv120__si_class_type_infoE
                0x00006d10       0x2c c:/nxp/mcuxpressoide_10.3.0_2200/ide/plugins/com.nxp.mcuxpresso.tools.win32_10.3.0.201811011841/tools/bin/../lib/gcc/arm-none-eabi/7.3.1/../../../../arm-none-eabi/lib/thumb/v6-m\libstdc++_nano.a(si_class_type_info.o)
                0x00006d10                vtable for __cxxabiv1::__si_class_type_info
 .rodata._ZTISt9type_info
                0x00006d3c        0x8 c:/nxp/mcuxpressoide_10.3.0_2200/ide/plugins/com.nxp.mcuxpresso.tools.win32_10.3.0.201811011841/tools/bin/../lib/gcc/arm-none-eabi/7.3.1/../../../../arm-none-eabi/lib/thumb/v6-m\libstdc++_nano.a(tinfo.o)
                0x00006d3c                typeinfo for std::type_info
 .rodata._ZTIN10__cxxabiv117__class_type_infoE
                0x00006d44        0xc c:/nxp/mcuxpressoide_10.3.0_2200/ide/plugins/com.nxp.mcuxpresso.tools.win32_10.3.0.201811011841/tools/bin/../lib/gcc/arm-none-eabi/7.3.1/../../../../arm-none-eabi/lib/thumb/v6-m\libstdc++_nano.a(class_type_info.o)
                0x00006d44                typeinfo for __cxxabiv1::__class_type_info
 .rodata._ZTVN10__cxxabiv117__class_type_infoE
                0x00006d50       0x2c c:/nxp/mcuxpressoide_10.3.0_2200/ide/plugins/com.nxp.mcuxpresso.tools.win32_10.3.0.201811011841/tools/bin/../lib/gcc/arm-none-eabi/7.3.1/../../../../arm-none-eabi/lib/thumb/v6-m\libstdc++_nano.a(class_type_info.o)
                0x00006d50                vtable for __cxxabiv1::__class_type_info
 .rodata._vfprintf_r.str1.1
                0x00006d7c       0x11 c:/nxp/mcuxpressoide_10.3.0_2200/ide/plugins/com.nxp.mcuxpresso.tools.win32_10.3.0.201811011841/tools/bin/../lib/gcc/arm-none-eabi/7.3.1/../../../../arm-none-eabi/lib/thumb/v6-m\libc_nano.a(lib_a-nano-vfprintf.o)
 .rodata._printf_i.str1.1
                0x00006d8d       0x22 c:/nxp/mcuxpressoide_10.3.0_2200/ide/plugins/com.nxp.mcuxpresso.tools.win32_10.3.0.201811011841/tools/bin/../lib/gcc/arm-none-eabi/7.3.1/../../../../arm-none-eabi/lib/thumb/v6-m\libc_nano.a(lib_a-nano-vfprintf_i.o)
 .rodata._ZTSN10__cxxabiv115__forced_unwindE
                0x00006daf       0x20 c:/nxp/mcuxpressoide_10.3.0_2200/ide/plugins/com.nxp.mcuxpresso.tools.win32_10.3.0.201811011841/tools/bin/../lib/gcc/arm-none-eabi/7.3.1/../../../../arm-none-eabi/lib/thumb/v6-m\libstdc++_nano.a(eh_exception.o)
                0x00006daf                typeinfo name for __cxxabiv1::__forced_unwind
 .rodata._ZTSN10__cxxabiv119__foreign_exceptionE
                0x00006dcf       0x24 c:/nxp/mcuxpressoide_10.3.0_2200/ide/plugins/com.nxp.mcuxpresso.tools.win32_10.3.0.201811011841/tools/bin/../lib/gcc/arm-none-eabi/7.3.1/../../../../arm-none-eabi/lib/thumb/v6-m\libstdc++_nano.a(eh_exception.o)
                0x00006dcf                typeinfo name for __cxxabiv1::__foreign_exception
 .rodata._ZTSN10__cxxabiv120__si_class_type_infoE
                0x00006df3       0x25 c:/nxp/mcuxpressoide_10.3.0_2200/ide/plugins/com.nxp.mcuxpresso.tools.win32_10.3.0.201811011841/tools/bin/../lib/gcc/arm-none-eabi/7.3.1/../../../../arm-none-eabi/lib/thumb/v6-m\libstdc++_nano.a(si_class_type_info.o)
                0x00006df3                typeinfo name for __cxxabiv1::__si_class_type_info
 .rodata._ZTSSt9type_info
                0x00006e18        0xd c:/nxp/mcuxpressoide_10.3.0_2200/ide/plugins/com.nxp.mcuxpresso.tools.win32_10.3.0.201811011841/tools/bin/../lib/gcc/arm-none-eabi/7.3.1/../../../../arm-none-eabi/lib/thumb/v6-m\libstdc++_nano.a(tinfo.o)
                0x00006e18                typeinfo name for std::type_info
 .rodata._ZTSN10__cxxabiv117__class_type_infoE
                0x00006e25       0x22 c:/nxp/mcuxpressoide_10.3.0_2200/ide/plugins/com.nxp.mcuxpresso.tools.win32_10.3.0.201811011841/tools/bin/../lib/gcc/arm-none-eabi/7.3.1/../../../../arm-none-eabi/lib/thumb/v6-m\libstdc++_nano.a(class_type_info.o)
                0x00006e25                typeinfo name for __cxxabiv1::__class_type_info
 .rodata.initialise_monitor_handles.part.0.str1.1
                0x00006e47        0x4 c:/nxp/mcuxpressoide_10.3.0_2200/ide/plugins/com.nxp.mcuxpresso.tools.win32_10.3.0.201811011841/tools/bin/../lib/gcc/arm-none-eabi/7.3.1/../../../../arm-none-eabi/lib/thumb/v6-m\libcr_newlib_semihost.a(syscalls.o)
                0x00006e4c                . = ALIGN (0x4)
 *fill*         0x00006e4b        0x1 ff
                0x00006e4c                . = ALIGN (0x4)
 *(SORT_BY_ALIGNMENT(.init))
 .init          0x00006e4c        0x4 c:/nxp/mcuxpressoide_10.3.0_2200/ide/plugins/com.nxp.mcuxpresso.tools.win32_10.3.0.201811011841/tools/bin/../lib/gcc/arm-none-eabi/7.3.1/thumb/v6-m\crti.o
                0x00006e4c                _init
 .init          0x00006e50        0x8 c:/nxp/mcuxpressoide_10.3.0_2200/ide/plugins/com.nxp.mcuxpresso.tools.win32_10.3.0.201811011841/tools/bin/../lib/gcc/arm-none-eabi/7.3.1/thumb/v6-m\crtn.o
                0x00006e58                . = ALIGN (0x4)
                0x00006e58                __preinit_array_start = .
 *(SORT_BY_ALIGNMENT(.preinit_array))
                0x00006e58                __preinit_array_end = .
                0x00006e58                . = ALIGN (0x4)
                0x00006e58                __init_array_start = .
 *(SORT_BY_NAME(SORT_BY_ALIGNMENT(.init_array.*)))
 *(SORT_BY_ALIGNMENT(.init_array))
 .init_array    0x00006e58        0x4 c:/nxp/mcuxpressoide_10.3.0_2200/ide/plugins/com.nxp.mcuxpresso.tools.win32_10.3.0.201811011841/tools/bin/../lib/gcc/arm-none-eabi/7.3.1/thumb/v6-m\crtbegin.o
                0x00006e5c                __init_array_end = .
 *(SORT_BY_ALIGNMENT(.fini))
 .fini          0x00006e5c        0x4 c:/nxp/mcuxpressoide_10.3.0_2200/ide/plugins/com.nxp.mcuxpresso.tools.win32_10.3.0.201811011841/tools/bin/../lib/gcc/arm-none-eabi/7.3.1/thumb/v6-m\crti.o
                0x00006e5c                _fini
 .fini          0x00006e60        0x8 c:/nxp/mcuxpressoide_10.3.0_2200/ide/plugins/com.nxp.mcuxpresso.tools.win32_10.3.0.201811011841/tools/bin/../lib/gcc/arm-none-eabi/7.3.1/thumb/v6-m\crtn.o
                0x00006e68                . = ALIGN (0x4)
 *crtbegin.o(SORT_BY_ALIGNMENT(.ctors))
 *(SORT_BY_ALIGNMENT(EXCLUDE_FILE(*crtend.o) .ctors))
 *(SORT_BY_NAME(SORT_BY_ALIGNMENT(.ctors.*)))
 *crtend.o(SORT_BY_ALIGNMENT(.ctors))
                0x00006e68                . = ALIGN (0x4)
 *crtbegin.o(SORT_BY_ALIGNMENT(.dtors))
 *(SORT_BY_ALIGNMENT(EXCLUDE_FILE(*crtend.o) .dtors))
 *(SORT_BY_NAME(SORT_BY_ALIGNMENT(.dtors.*)))
 *crtend.o(SORT_BY_ALIGNMENT(.dtors))
                0x00006e68                . = ALIGN (0x4)

.glue_7         0x00006e68        0x0
 .glue_7        0x00006e68        0x0 linker stubs

.glue_7t        0x00006e68        0x0
 .glue_7t       0x00006e68        0x0 linker stubs

.vfp11_veneer   0x00006e68        0x0
 .vfp11_veneer  0x00006e68        0x0 linker stubs

.v4_bx          0x00006e68        0x0
 .v4_bx         0x00006e68        0x0 linker stubs

.iplt           0x00006e68        0x0
 .iplt          0x00006e68        0x0 ./utilities/fsl_debug_console.o

.ARM.extab      0x00006e68       0x60
 *(SORT_BY_ALIGNMENT(.ARM.extab*) SORT_BY_ALIGNMENT(.gnu.linkonce.armextab.*))
 .ARM.extab     0x00006e68       0x30 ./source/MKL25Z128xxx4_Project.o
 .ARM.extab     0x00006e98       0x24 c:/nxp/mcuxpressoide_10.3.0_2200/ide/plugins/com.nxp.mcuxpresso.tools.win32_10.3.0.201811011841/tools/bin/../lib/gcc/arm-none-eabi/7.3.1/thumb/v6-m\libgcc.a(unwind-arm.o)
 .ARM.extab     0x00006ebc        0xc c:/nxp/mcuxpressoide_10.3.0_2200/ide/plugins/com.nxp.mcuxpresso.tools.win32_10.3.0.201811011841/tools/bin/../lib/gcc/arm-none-eabi/7.3.1/thumb/v6-m\libgcc.a(pr-support.o)
                0x00006ec8                __exidx_start = .

.eh_frame       0x00006ec8        0x0
 .eh_frame      0x00006ec8        0x0 c:/nxp/mcuxpressoide_10.3.0_2200/ide/plugins/com.nxp.mcuxpresso.tools.win32_10.3.0.201811011841/tools/bin/../lib/gcc/arm-none-eabi/7.3.1/thumb/v6-m\crtbegin.o

.ARM.exidx      0x00006ec8      0x110
 *(SORT_BY_ALIGNMENT(.ARM.exidx*) SORT_BY_ALIGNMENT(.gnu.linkonce.armexidx.*))
 .ARM.exidx.after_vectors.init_data
                0x00006ed0        0x8 ./startup/startup_mkl25z4.o
 .ARM.exidx.after_vectors.init_bss
                0x00006ed8        0x0 ./startup/startup_mkl25z4.o
                                  0x8 (size before relaxing)
 .ARM.exidx.after_vectors.reset
                0x00006ec8        0x8 ./startup/startup_mkl25z4.o
 .ARM.exidx.after_vectors
                0x00006ed8       0x10 ./startup/startup_mkl25z4.o
                                0x130 (size before relaxing)
 .ARM.exidx     0x00006ee8       0x30 ./source/MKL25Z128xxx4_Project.o
                                 0x28 (size before relaxing)
 .ARM.exidx     0x00006f18        0x0 ./mbedtls/aes.o
                                 0x60 (size before relaxing)
 .ARM.exidx     0x00006f18       0x90 c:/nxp/mcuxpressoide_10.3.0_2200/ide/plugins/com.nxp.mcuxpresso.tools.win32_10.3.0.201811011841/tools/bin/../lib/gcc/arm-none-eabi/7.3.1/thumb/v6-m\libgcc.a(unwind-arm.o)
                                 0xd8 (size before relaxing)
 .ARM.exidx     0x00006fa8       0x30 c:/nxp/mcuxpressoide_10.3.0_2200/ide/plugins/com.nxp.mcuxpresso.tools.win32_10.3.0.201811011841/tools/bin/../lib/gcc/arm-none-eabi/7.3.1/thumb/v6-m\libgcc.a(pr-support.o)
                                 0x48 (size before relaxing)
                0x00006fd8                __exidx_end = .
                0x00006fd8                _etext = .

.rel.dyn        0x00006fd8        0x0
 .rel.iplt      0x00006fd8        0x0 ./utilities/fsl_debug_console.o

.m_usb_data
 *(SORT_BY_ALIGNMENT(m_usb_bdt))

.mtb_buffer_default
                0x1ffff000       0x80
 *(SORT_BY_ALIGNMENT(.mtb*))
 .mtb.$RAM1     0x1ffff000       0x80 ./source/mtb.o
                0x1ffff000                __mtb_buffer__

.uninit_RESERVED
                0x1ffff080        0x0
 *(SORT_BY_ALIGNMENT(.bss.$RESERVED*))
                0x1ffff080                . = ALIGN (0x4)
                0x1ffff080                _end_uninit_RESERVED = .

.data           0x1ffff080       0x74 load address 0x00006fd8
 FILL mask 0xff
                0x1ffff080                _data = .
 *(SORT_BY_ALIGNMENT(vtable))
 *(SORT_BY_ALIGNMENT(.ramfunc*))
 *(SORT_BY_ALIGNMENT(.data*))
 .data.s_slowIrcFreq
                0x1ffff080        0x4 ./drivers/fsl_clock.o
 .data.SystemCoreClock
                0x1ffff084        0x4 ./CMSIS/system_MKL25Z4.o
                0x1ffff084                SystemCoreClock
 .data._impure_ptr
                0x1ffff088        0x4 c:/nxp/mcuxpressoide_10.3.0_2200/ide/plugins/com.nxp.mcuxpresso.tools.win32_10.3.0.201811011841/tools/bin/../lib/gcc/arm-none-eabi/7.3.1/../../../../arm-none-eabi/lib/thumb/v6-m\libc_nano.a(lib_a-impure.o)
                0x1ffff088                _impure_ptr
 .data.impure_data
                0x1ffff08c       0x60 c:/nxp/mcuxpressoide_10.3.0_2200/ide/plugins/com.nxp.mcuxpresso.tools.win32_10.3.0.201811011841/tools/bin/../lib/gcc/arm-none-eabi/7.3.1/../../../../arm-none-eabi/lib/thumb/v6-m\libc_nano.a(lib_a-impure.o)
 .data._ZN10__cxxabiv119__terminate_handlerE
                0x1ffff0ec        0x4 c:/nxp/mcuxpressoide_10.3.0_2200/ide/plugins/com.nxp.mcuxpresso.tools.win32_10.3.0.201811011841/tools/bin/../lib/gcc/arm-none-eabi/7.3.1/../../../../arm-none-eabi/lib/thumb/v6-m\libstdc++_nano.a(eh_term_handler.o)
                0x1ffff0ec                __cxxabiv1::__terminate_handler
 .data._ZN10__cxxabiv120__unexpected_handlerE
                0x1ffff0f0        0x4 c:/nxp/mcuxpressoide_10.3.0_2200/ide/plugins/com.nxp.mcuxpresso.tools.win32_10.3.0.201811011841/tools/bin/../lib/gcc/arm-none-eabi/7.3.1/../../../../arm-none-eabi/lib/thumb/v6-m\libstdc++_nano.a(eh_unex_handler.o)
                0x1ffff0f0                __cxxabiv1::__unexpected_handler
                0x1ffff0f4                . = ALIGN (0x4)
                0x1ffff0f4                _edata = .

.igot.plt       0x1ffff0f4        0x0 load address 0x0000704c
 .igot.plt      0x1ffff0f4        0x0 ./utilities/fsl_debug_console.o

.bss            0x1ffff0f4     0x2388 load address 0x0000704c
                0x1ffff0f4                _bss = .
 *(SORT_BY_ALIGNMENT(.bss*))
 .bss.s_debugConsole
                0x1ffff0f4       0x10 ./utilities/fsl_debug_console.o
 .bss           0x1ffff104        0x4 ./source/MKL25Z128xxx4_Project.o
 .bss           0x1ffff108     0x222c ./mbedtls/aes.o
 .bss.pxCurrentTCB
                0x20001334        0x4 ./freertos/tasks.o
                0x20001334                pxCurrentTCB
 .bss.pxReadyTasksLists
                0x20001338       0x64 ./freertos/tasks.o
 .bss.pxDelayedTaskList
                0x2000139c        0x4 ./freertos/tasks.o
 .bss.pxOverflowDelayedTaskList
                0x200013a0        0x4 ./freertos/tasks.o
 .bss.xTickCount
                0x200013a4        0x4 ./freertos/tasks.o
 .bss.uxTopReadyPriority
                0x200013a8        0x4 ./freertos/tasks.o
 .bss.uxPendedTicks
                0x200013ac        0x4 ./freertos/tasks.o
 .bss.xYieldPending
                0x200013b0        0x4 ./freertos/tasks.o
 .bss.xNumOfOverflows
                0x200013b4        0x4 ./freertos/tasks.o
 .bss.xNextTaskUnblockTime
                0x200013b8        0x4 ./freertos/tasks.o
 .bss.uxSchedulerSuspended
                0x200013bc        0x4 ./freertos/tasks.o
 .bss.g_xtal0Freq
                0x200013c0        0x4 ./drivers/fsl_clock.o
                0x200013c0                g_xtal0Freq
 .bss.s_DMAHandle
                0x200013c4       0x10 ./drivers/fsl_dma.o
 .bss.s_i2cHandle
                0x200013d4        0x8 ./drivers/fsl_i2c.o
 .bss.s_i2cMasterIsr
                0x200013dc        0x4 ./drivers/fsl_i2c.o
 .bss.s_i2cSlaveIsr
                0x200013e0        0x4 ./drivers/fsl_i2c.o
 .bss.s_lpsciHandle
                0x200013e4        0x4 ./drivers/fsl_lpsci.o
 .bss.s_lpsciIsr
                0x200013e8        0x4 ./drivers/fsl_lpsci.o
 .bss.s_spiHandle
                0x200013ec        0x8 ./drivers/fsl_spi.o
 .bss.s_spiMasterIsr
                0x200013f4        0x4 ./drivers/fsl_spi.o
 .bss.s_spiSlaveIsr
                0x200013f8        0x4 ./drivers/fsl_spi.o
 .bss.s_uartHandle
                0x200013fc        0xc ./drivers/fsl_uart.o
 .bss.s_uartIsr
                0x20001408        0x4 ./drivers/fsl_uart.o
 .bss.__malloc_free_list
                0x2000140c        0x4 c:/nxp/mcuxpressoide_10.3.0_2200/ide/plugins/com.nxp.mcuxpresso.tools.win32_10.3.0.201811011841/tools/bin/../lib/gcc/arm-none-eabi/7.3.1/../../../../arm-none-eabi/lib/thumb/v6-m\libc_nano.a(lib_a-nano-mallocr.o)
                0x2000140c                __malloc_free_list
 .bss.__malloc_sbrk_start
                0x20001410        0x4 c:/nxp/mcuxpressoide_10.3.0_2200/ide/plugins/com.nxp.mcuxpresso.tools.win32_10.3.0.201811011841/tools/bin/../lib/gcc/arm-none-eabi/7.3.1/../../../../arm-none-eabi/lib/thumb/v6-m\libc_nano.a(lib_a-nano-mallocr.o)
                0x20001410                __malloc_sbrk_start
 .bss._ZL10eh_globals
                0x20001414        0xc c:/nxp/mcuxpressoide_10.3.0_2200/ide/plugins/com.nxp.mcuxpresso.tools.win32_10.3.0.201811011841/tools/bin/../lib/gcc/arm-none-eabi/7.3.1/../../../../arm-none-eabi/lib/thumb/v6-m\libstdc++_nano.a(eh_globals.o)
 .bss.__end_of_heap
                0x20001420        0x4 c:/nxp/mcuxpressoide_10.3.0_2200/ide/plugins/com.nxp.mcuxpresso.tools.win32_10.3.0.201811011841/tools/bin/../lib/gcc/arm-none-eabi/7.3.1/../../../../arm-none-eabi/lib/thumb/v6-m\libcr_newlib_semihost.a(_cr_sbrk.o)
                0x20001420                __end_of_heap
 .bss.initialized.5662
                0x20001424        0x4 c:/nxp/mcuxpressoide_10.3.0_2200/ide/plugins/com.nxp.mcuxpresso.tools.win32_10.3.0.201811011841/tools/bin/../lib/gcc/arm-none-eabi/7.3.1/../../../../arm-none-eabi/lib/thumb/v6-m\libcr_newlib_semihost.a(syscalls.o)
 .bss.monitor_stderr
                0x20001428        0x4 c:/nxp/mcuxpressoide_10.3.0_2200/ide/plugins/com.nxp.mcuxpresso.tools.win32_10.3.0.201811011841/tools/bin/../lib/gcc/arm-none-eabi/7.3.1/../../../../arm-none-eabi/lib/thumb/v6-m\libcr_newlib_semihost.a(syscalls.o)
 .bss.monitor_stdin
                0x2000142c        0x4 c:/nxp/mcuxpressoide_10.3.0_2200/ide/plugins/com.nxp.mcuxpresso.tools.win32_10.3.0.201811011841/tools/bin/../lib/gcc/arm-none-eabi/7.3.1/../../../../arm-none-eabi/lib/thumb/v6-m\libcr_newlib_semihost.a(syscalls.o)
 .bss.monitor_stdout
                0x20001430        0x4 c:/nxp/mcuxpressoide_10.3.0_2200/ide/plugins/com.nxp.mcuxpresso.tools.win32_10.3.0.201811011841/tools/bin/../lib/gcc/arm-none-eabi/7.3.1/../../../../arm-none-eabi/lib/thumb/v6-m\libcr_newlib_semihost.a(syscalls.o)
 .bss.openfiles
                0x20001434       0x28 c:/nxp/mcuxpressoide_10.3.0_2200/ide/plugins/com.nxp.mcuxpresso.tools.win32_10.3.0.201811011841/tools/bin/../lib/gcc/arm-none-eabi/7.3.1/../../../../arm-none-eabi/lib/thumb/v6-m\libcr_newlib_semihost.a(syscalls.o)
 .bss           0x2000145c       0x1c c:/nxp/mcuxpressoide_10.3.0_2200/ide/plugins/com.nxp.mcuxpresso.tools.win32_10.3.0.201811011841/tools/bin/../lib/gcc/arm-none-eabi/7.3.1/thumb/v6-m\crtbegin.o
 *(SORT_BY_ALIGNMENT(COMMON))
 COMMON         0x20001478        0x4 c:/nxp/mcuxpressoide_10.3.0_2200/ide/plugins/com.nxp.mcuxpresso.tools.win32_10.3.0.201811011841/tools/bin/../lib/gcc/arm-none-eabi/7.3.1/../../../../arm-none-eabi/lib/thumb/v6-m\libc_nano.a(lib_a-reent.o)
                0x20001478                errno
                0x2000147c                . = ALIGN (0x4)
                0x2000147c                _ebss = .
                [!provide]                PROVIDE (end = .)

.noinit         0x2000147c        0x0 load address 0x0000704c
                0x2000147c                _noinit = .
 *(SORT_BY_ALIGNMENT(.noinit*))
                0x2000147c                . = ALIGN (0x4)
                0x2000147c                _end_noinit = .
                0x00000400                _HeapSize = 0x400

.heap           0x2000147c      0x400 load address 0x0000704c
                0x2000147c                _pvHeapStart = .
                0x2000187c                . = (. + _HeapSize)
 *fill*         0x2000147c      0x400 
                0x2000187c                . = ALIGN (0x4)
                0x2000187c                _pvHeapLimit = .
                0x00000400                _StackSize = 0x400

.heap2stackfill
                0x2000187c      0x400 load address 0x0000704c
                0x20001c7c                . = (. + _StackSize)
 *fill*         0x2000187c      0x400 

.stack          0x20002c00        0x0
                0x20002c00                _vStackBase = .
                0x20002c00                . = ALIGN (0x4)
                0x20003000                _vStackTop = (. + _StackSize)
                0x00000000                _image_start = LOADADDR (.text)
                0x0000704c                _image_end = (LOADADDR (.data) + SIZEOF (.data))
                0x0000704c                _image_size = (_image_end - _image_start)
OUTPUT(Project1.axf elf32-littlearm)

.debug_info     0x00000000    0x15860
 .debug_info    0x00000000     0x109e ./utilities/fsl_debug_console.o
 .debug_info    0x0000109e      0x49e ./startup/startup_mkl25z4.o
 .debug_info    0x0000153c      0xf35 ./source/MKL25Z128xxx4_Project.o
 .debug_info    0x00002471       0x52 ./source/mtb.o
 .debug_info    0x000024c3       0x3b ./source/semihost_hardfault.o
 .debug_info    0x000024fe      0xf6d ./mbedtls/aes.o
 .debug_info    0x0000346b      0xac5 ./freertos/list.o
 .debug_info    0x00003f30      0x234 ./freertos/port.o
 .debug_info    0x00004164     0x1f67 ./freertos/tasks.o
 .debug_info    0x000060cb     0x225e ./drivers/fsl_clock.o
 .debug_info    0x00008329      0xc3e ./drivers/fsl_common.o
 .debug_info    0x00008f67     0x185f ./drivers/fsl_dma.o
 .debug_info    0x0000a7c6     0x2355 ./drivers/fsl_i2c.o
 .debug_info    0x0000cb1b     0x1dd2 ./drivers/fsl_lpsci.o
 .debug_info    0x0000e8ed     0x1cd8 ./drivers/fsl_spi.o
 .debug_info    0x000105c5     0x1d58 ./drivers/fsl_uart.o
 .debug_info    0x0001231d      0xea0 ./board/board.o
 .debug_info    0x000131bd     0x1283 ./board/clock_config.o
 .debug_info    0x00014440       0x3b ./board/peripherals.o
 .debug_info    0x0001447b      0xffb ./board/pin_mux.o
 .debug_info    0x00015476      0x3ea ./CMSIS/system_MKL25Z4.o

.debug_abbrev   0x00000000     0x31c9
 .debug_abbrev  0x00000000      0x294 ./utilities/fsl_debug_console.o
 .debug_abbrev  0x00000294      0x163 ./startup/startup_mkl25z4.o
 .debug_abbrev  0x000003f7      0x2ef ./source/MKL25Z128xxx4_Project.o
 .debug_abbrev  0x000006e6       0x44 ./source/mtb.o
 .debug_abbrev  0x0000072a       0x2f ./source/semihost_hardfault.o
 .debug_abbrev  0x00000759      0x279 ./mbedtls/aes.o
 .debug_abbrev  0x000009d2      0x1fe ./freertos/list.o
 .debug_abbrev  0x00000bd0      0x16f ./freertos/port.o
 .debug_abbrev  0x00000d3f      0x339 ./freertos/tasks.o
 .debug_abbrev  0x00001078      0x3df ./drivers/fsl_clock.o
 .debug_abbrev  0x00001457      0x32e ./drivers/fsl_common.o
 .debug_abbrev  0x00001785      0x340 ./drivers/fsl_dma.o
 .debug_abbrev  0x00001ac5      0x3d2 ./drivers/fsl_i2c.o
 .debug_abbrev  0x00001e97      0x375 ./drivers/fsl_lpsci.o
 .debug_abbrev  0x0000220c      0x375 ./drivers/fsl_spi.o
 .debug_abbrev  0x00002581      0x38d ./drivers/fsl_uart.o
 .debug_abbrev  0x0000290e      0x228 ./board/board.o
 .debug_abbrev  0x00002b36      0x2a8 ./board/clock_config.o
 .debug_abbrev  0x00002dde       0x2f ./board/peripherals.o
 .debug_abbrev  0x00002e0d      0x2a6 ./board/pin_mux.o
 .debug_abbrev  0x000030b3      0x116 ./CMSIS/system_MKL25Z4.o

.debug_aranges  0x00000000      0xda0
 .debug_aranges
                0x00000000       0x48 ./utilities/fsl_debug_console.o
 .debug_aranges
                0x00000048      0x160 ./startup/startup_mkl25z4.o
 .debug_aranges
                0x000001a8       0x20 ./source/MKL25Z128xxx4_Project.o
 .debug_aranges
                0x000001c8       0x18 ./source/mtb.o
 .debug_aranges
                0x000001e0       0x20 ./source/semihost_hardfault.o
 .debug_aranges
                0x00000200       0x20 ./mbedtls/aes.o
 .debug_aranges
                0x00000220       0x40 ./freertos/list.o
 .debug_aranges
                0x00000260       0x80 ./freertos/port.o
 .debug_aranges
                0x000002e0      0x1e8 ./freertos/tasks.o
 .debug_aranges
                0x000004c8      0x1d8 ./drivers/fsl_clock.o
 .debug_aranges
                0x000006a0       0x38 ./drivers/fsl_common.o
 .debug_aranges
                0x000006d8       0xd0 ./drivers/fsl_dma.o
 .debug_aranges
                0x000007a8      0x178 ./drivers/fsl_i2c.o
 .debug_aranges
                0x00000920      0x118 ./drivers/fsl_lpsci.o
 .debug_aranges
                0x00000a38      0x130 ./drivers/fsl_spi.o
 .debug_aranges
                0x00000b68      0x130 ./drivers/fsl_uart.o
 .debug_aranges
                0x00000c98       0x28 ./board/board.o
 .debug_aranges
                0x00000cc0       0x58 ./board/clock_config.o
 .debug_aranges
                0x00000d18       0x20 ./board/peripherals.o
 .debug_aranges
                0x00000d38       0x40 ./board/pin_mux.o
 .debug_aranges
                0x00000d78       0x28 ./CMSIS/system_MKL25Z4.o

.debug_ranges   0x00000000      0xc28
 .debug_ranges  0x00000000       0x38 ./utilities/fsl_debug_console.o
 .debug_ranges  0x00000038      0x150 ./startup/startup_mkl25z4.o
 .debug_ranges  0x00000188       0x10 ./source/semihost_hardfault.o
 .debug_ranges  0x00000198       0x30 ./freertos/list.o
 .debug_ranges  0x000001c8       0x70 ./freertos/port.o
 .debug_ranges  0x00000238      0x1d8 ./freertos/tasks.o
 .debug_ranges  0x00000410      0x1c8 ./drivers/fsl_clock.o
 .debug_ranges  0x000005d8       0x28 ./drivers/fsl_common.o
 .debug_ranges  0x00000600       0xc0 ./drivers/fsl_dma.o
 .debug_ranges  0x000006c0      0x168 ./drivers/fsl_i2c.o
 .debug_ranges  0x00000828      0x108 ./drivers/fsl_lpsci.o
 .debug_ranges  0x00000930      0x120 ./drivers/fsl_spi.o
 .debug_ranges  0x00000a50      0x120 ./drivers/fsl_uart.o
 .debug_ranges  0x00000b70       0x18 ./board/board.o
 .debug_ranges  0x00000b88       0x48 ./board/clock_config.o
 .debug_ranges  0x00000bd0       0x10 ./board/peripherals.o
 .debug_ranges  0x00000be0       0x30 ./board/pin_mux.o
 .debug_ranges  0x00000c10       0x18 ./CMSIS/system_MKL25Z4.o

.debug_macro    0x00000000     0xd95b
 .debug_macro   0x00000000      0x2d7 ./utilities/fsl_debug_console.o
 .debug_macro   0x000002d7      0xa72 ./utilities/fsl_debug_console.o
 .debug_macro   0x00000d49       0x58 ./utilities/fsl_debug_console.o
 .debug_macro   0x00000da1       0x18 ./utilities/fsl_debug_console.o
 .debug_macro   0x00000db9       0x22 ./utilities/fsl_debug_console.o
 .debug_macro   0x00000ddb       0x58 ./utilities/fsl_debug_console.o
 .debug_macro   0x00000e33       0x94 ./utilities/fsl_debug_console.o
 .debug_macro   0x00000ec7       0x35 ./utilities/fsl_debug_console.o
 .debug_macro   0x00000efc       0x34 ./utilities/fsl_debug_console.o
 .debug_macro   0x00000f30       0x16 ./utilities/fsl_debug_console.o
 .debug_macro   0x00000f46      0x10e ./utilities/fsl_debug_console.o
 .debug_macro   0x00001054       0x8d ./utilities/fsl_debug_console.o
 .debug_macro   0x000010e1       0x57 ./utilities/fsl_debug_console.o
 .debug_macro   0x00001138       0x58 ./utilities/fsl_debug_console.o
 .debug_macro   0x00001190       0x1f ./utilities/fsl_debug_console.o
 .debug_macro   0x000011af       0x43 ./utilities/fsl_debug_console.o
 .debug_macro   0x000011f2       0x20 ./utilities/fsl_debug_console.o
 .debug_macro   0x00001212      0x18e ./utilities/fsl_debug_console.o
 .debug_macro   0x000013a0      0x330 ./utilities/fsl_debug_console.o
 .debug_macro   0x000016d0       0x16 ./utilities/fsl_debug_console.o
 .debug_macro   0x000016e6       0x29 ./utilities/fsl_debug_console.o
 .debug_macro   0x0000170f      0x1e1 ./utilities/fsl_debug_console.o
 .debug_macro   0x000018f0       0x1c ./utilities/fsl_debug_console.o
 .debug_macro   0x0000190c       0x22 ./utilities/fsl_debug_console.o
 .debug_macro   0x0000192e       0xef ./utilities/fsl_debug_console.o
 .debug_macro   0x00001a1d       0x6a ./utilities/fsl_debug_console.o
 .debug_macro   0x00001a87      0x1df ./utilities/fsl_debug_console.o
 .debug_macro   0x00001c66       0x16 ./utilities/fsl_debug_console.o
 .debug_macro   0x00001c7c       0x35 ./utilities/fsl_debug_console.o
 .debug_macro   0x00001cb1       0x10 ./utilities/fsl_debug_console.o
 .debug_macro   0x00001cc1       0x3f ./utilities/fsl_debug_console.o
 .debug_macro   0x00001d00       0x3a ./utilities/fsl_debug_console.o
 .debug_macro   0x00001d3a       0x26 ./utilities/fsl_debug_console.o
 .debug_macro   0x00001d60      0x329 ./utilities/fsl_debug_console.o
 .debug_macro   0x00002089       0x30 ./utilities/fsl_debug_console.o
 .debug_macro   0x000020b9     0x51e2 ./utilities/fsl_debug_console.o
 .debug_macro   0x0000729b     0x1352 ./utilities/fsl_debug_console.o
 .debug_macro   0x000085ed       0x3a ./utilities/fsl_debug_console.o
 .debug_macro   0x00008627       0xf4 ./utilities/fsl_debug_console.o
 .debug_macro   0x0000871b       0x35 ./utilities/fsl_debug_console.o
 .debug_macro   0x00008750       0x1c ./utilities/fsl_debug_console.o
 .debug_macro   0x0000876c       0x10 ./utilities/fsl_debug_console.o
 .debug_macro   0x0000877c       0x1c ./utilities/fsl_debug_console.o
 .debug_macro   0x00008798       0x52 ./utilities/fsl_debug_console.o
 .debug_macro   0x000087ea       0x40 ./utilities/fsl_debug_console.o
 .debug_macro   0x0000882a       0x10 ./utilities/fsl_debug_console.o
 .debug_macro   0x0000883a       0x40 ./utilities/fsl_debug_console.o
 .debug_macro   0x0000887a       0xd7 ./utilities/fsl_debug_console.o
 .debug_macro   0x00008951       0x1c ./utilities/fsl_debug_console.o
 .debug_macro   0x0000896d       0x3d ./utilities/fsl_debug_console.o
 .debug_macro   0x000089aa       0x16 ./utilities/fsl_debug_console.o
 .debug_macro   0x000089c0      0x16f ./utilities/fsl_debug_console.o
 .debug_macro   0x00008b2f       0x34 ./utilities/fsl_debug_console.o
 .debug_macro   0x00008b63       0x10 ./utilities/fsl_debug_console.o
 .debug_macro   0x00008b73       0x10 ./utilities/fsl_debug_console.o
 .debug_macro   0x00008b83       0x2a ./startup/startup_mkl25z4.o
 .debug_macro   0x00008bad      0xb62 ./startup/startup_mkl25z4.o
 .debug_macro   0x0000970f      0x481 ./source/MKL25Z128xxx4_Project.o
 .debug_macro   0x00009b90       0x34 ./source/MKL25Z128xxx4_Project.o
 .debug_macro   0x00009bc4       0x16 ./source/MKL25Z128xxx4_Project.o
 .debug_macro   0x00009bda       0x97 ./source/MKL25Z128xxx4_Project.o
 .debug_macro   0x00009c71      0x353 ./source/MKL25Z128xxx4_Project.o
 .debug_macro   0x00009fc4      0x104 ./source/MKL25Z128xxx4_Project.o
 .debug_macro   0x0000a0c8       0x10 ./source/MKL25Z128xxx4_Project.o
 .debug_macro   0x0000a0d8       0x43 ./source/MKL25Z128xxx4_Project.o
 .debug_macro   0x0000a11b      0x137 ./source/MKL25Z128xxx4_Project.o
 .debug_macro   0x0000a252       0x16 ./source/MKL25Z128xxx4_Project.o
 .debug_macro   0x0000a268       0x16 ./source/MKL25Z128xxx4_Project.o
 .debug_macro   0x0000a27e       0x1c ./source/MKL25Z128xxx4_Project.o
 .debug_macro   0x0000a29a       0x35 ./source/MKL25Z128xxx4_Project.o
 .debug_macro   0x0000a2cf      0x329 ./source/MKL25Z128xxx4_Project.o
 .debug_macro   0x0000a5f8       0x16 ./source/MKL25Z128xxx4_Project.o