Archive member included to satisfy reference by file (symbol)

c:/nxp/mcuxpressoide_10.3.0_2200/ide/plugins/com.nxp.mcuxpresso.tools.win32_10.3.0.201811011841/tools/bin/../lib/gcc/arm-none-eabi/7.3.1/thumb/v6-m\libgcc.a(_udivsi3.o)
                              ./drivers/fsl_clock.o (__aeabi_uidiv)
c:/nxp/mcuxpressoide_10.3.0_2200/ide/plugins/com.nxp.mcuxpresso.tools.win32_10.3.0.201811011841/tools/bin/../lib/gcc/arm-none-eabi/7.3.1/thumb/v6-m\libgcc.a(_divsi3.o)
                              ./drivers/fsl_tpm.o (__aeabi_idiv)
c:/nxp/mcuxpressoide_10.3.0_2200/ide/plugins/com.nxp.mcuxpresso.tools.win32_10.3.0.201811011841/tools/bin/../lib/gcc/arm-none-eabi/7.3.1/thumb/v6-m\libgcc.a(_dvmd_tls.o)
                              c:/nxp/mcuxpressoide_10.3.0_2200/ide/plugins/com.nxp.mcuxpresso.tools.win32_10.3.0.201811011841/tools/bin/../lib/gcc/arm-none-eabi/7.3.1/thumb/v6-m\libgcc.a(_udivsi3.o) (__aeabi_idiv0)
c:/nxp/mcuxpressoide_10.3.0_2200/ide/plugins/com.nxp.mcuxpresso.tools.win32_10.3.0.201811011841/tools/bin/../lib/gcc/arm-none-eabi/7.3.1/thumb/v6-m\libgcc.a(unwind-arm.o)
                              ./startup/startup_mkl25z4.o (__aeabi_unwind_cpp_pr0)
c:/nxp/mcuxpressoide_10.3.0_2200/ide/plugins/com.nxp.mcuxpresso.tools.win32_10.3.0.201811011841/tools/bin/../lib/gcc/arm-none-eabi/7.3.1/thumb/v6-m\libgcc.a(libunwind.o)
                              c:/nxp/mcuxpressoide_10.3.0_2200/ide/plugins/com.nxp.mcuxpresso.tools.win32_10.3.0.201811011841/tools/bin/../lib/gcc/arm-none-eabi/7.3.1/thumb/v6-m\libgcc.a(unwind-arm.o) (restore_core_regs)
c:/nxp/mcuxpressoide_10.3.0_2200/ide/plugins/com.nxp.mcuxpresso.tools.win32_10.3.0.201811011841/tools/bin/../lib/gcc/arm-none-eabi/7.3.1/thumb/v6-m\libgcc.a(pr-support.o)
                              c:/nxp/mcuxpressoide_10.3.0_2200/ide/plugins/com.nxp.mcuxpresso.tools.win32_10.3.0.201811011841/tools/bin/../lib/gcc/arm-none-eabi/7.3.1/thumb/v6-m\libgcc.a(unwind-arm.o) (__gnu_unwind_execute)
c:/nxp/mcuxpressoide_10.3.0_2200/ide/plugins/com.nxp.mcuxpresso.tools.win32_10.3.0.201811011841/tools/bin/../lib/gcc/arm-none-eabi/7.3.1/../../../../arm-none-eabi/lib/thumb/v6-m\libc.a(lib_a-abort.o)
                              c:/nxp/mcuxpressoide_10.3.0_2200/ide/plugins/com.nxp.mcuxpresso.tools.win32_10.3.0.201811011841/tools/bin/../lib/gcc/arm-none-eabi/7.3.1/thumb/v6-m\libgcc.a(unwind-arm.o) (abort)
c:/nxp/mcuxpressoide_10.3.0_2200/ide/plugins/com.nxp.mcuxpresso.tools.win32_10.3.0.201811011841/tools/bin/../lib/gcc/arm-none-eabi/7.3.1/../../../../arm-none-eabi/lib/thumb/v6-m\libc.a(lib_a-init.o)
                              ./startup/startup_mkl25z4.o (__libc_init_array)
c:/nxp/mcuxpressoide_10.3.0_2200/ide/plugins/com.nxp.mcuxpresso.tools.win32_10.3.0.201811011841/tools/bin/../lib/gcc/arm-none-eabi/7.3.1/../../../../arm-none-eabi/lib/thumb/v6-m\libc.a(lib_a-malloc.o)
                              ./eRPC_port_stdlib/erpc/port/erpc_port_stdlib.o (malloc)
c:/nxp/mcuxpressoide_10.3.0_2200/ide/plugins/com.nxp.mcuxpresso.tools.win32_10.3.0.201811011841/tools/bin/../lib/gcc/arm-none-eabi/7.3.1/../../../../arm-none-eabi/lib/thumb/v6-m\libc.a(lib_a-mallocr.o)
                              c:/nxp/mcuxpressoide_10.3.0_2200/ide/plugins/com.nxp.mcuxpresso.tools.win32_10.3.0.201811011841/tools/bin/../lib/gcc/arm-none-eabi/7.3.1/../../../../arm-none-eabi/lib/thumb/v6-m\libc.a(lib_a-malloc.o) (_malloc_r)
c:/nxp/mcuxpressoide_10.3.0_2200/ide/plugins/com.nxp.mcuxpresso.tools.win32_10.3.0.201811011841/tools/bin/../lib/gcc/arm-none-eabi/7.3.1/../../../../arm-none-eabi/lib/thumb/v6-m\libc.a(lib_a-memcpy-stub.o)
                              ./eRPC_common_src/erpc/infra/message_buffer.o (memcpy)
c:/nxp/mcuxpressoide_10.3.0_2200/ide/plugins/com.nxp.mcuxpresso.tools.win32_10.3.0.201811011841/tools/bin/../lib/gcc/arm-none-eabi/7.3.1/../../../../arm-none-eabi/lib/thumb/v6-m\libc.a(lib_a-memset.o)
                              ./drivers/fsl_dma.o (memset)
c:/nxp/mcuxpressoide_10.3.0_2200/ide/plugins/com.nxp.mcuxpresso.tools.win32_10.3.0.201811011841/tools/bin/../lib/gcc/arm-none-eabi/7.3.1/../../../../arm-none-eabi/lib/thumb/v6-m\libc.a(lib_a-mlock.o)
                              c:/nxp/mcuxpressoide_10.3.0_2200/ide/plugins/com.nxp.mcuxpresso.tools.win32_10.3.0.201811011841/tools/bin/../lib/gcc/arm-none-eabi/7.3.1/../../../../arm-none-eabi/lib/thumb/v6-m\libc.a(lib_a-mallocr.o) (__malloc_lock)
c:/nxp/mcuxpressoide_10.3.0_2200/ide/plugins/com.nxp.mcuxpresso.tools.win32_10.3.0.201811011841/tools/bin/../lib/gcc/arm-none-eabi/7.3.1/../../../../arm-none-eabi/lib/thumb/v6-m\libc.a(lib_a-printf.o)
                              ./drivers/fsl_common.o (printf)
c:/nxp/mcuxpressoide_10.3.0_2200/ide/plugins/com.nxp.mcuxpresso.tools.win32_10.3.0.201811011841/tools/bin/../lib/gcc/arm-none-eabi/7.3.1/../../../../arm-none-eabi/lib/thumb/v6-m\libc.a(lib_a-puts.o)
                              ./erpc/erpc_error_handler.o (puts)
[...]
Memory Configuration

Name             Origin             Length             Attributes
PROGRAM_FLASH    0x00000000         0x00020000         xr
SRAM             0x1ffff000         0x00004000         xrw
*default*        0x00000000         0xffffffff

Linker script and memory map

LOAD ./utilities/fsl_debug_console.o
LOAD ./startup/startup_mkl25z4.o
LOAD ./source/main_server.o
LOAD ./source/mtb.o
LOAD ./source/semihost_hardfault.o
LOAD ./erpc/service/erpc_matrix_multiply_server.o
LOAD ./erpc/erpc_error_handler.o
LOAD ./eRPC_spi_slave_transport/erpc/transports/spi_slave_transport.o
LOAD ./eRPC_spi_slave_transport/erpc/setup/erpc_setup_mbf_dynamic.o
LOAD ./eRPC_spi_slave_transport/erpc/infra/framed_transport.o
LOAD ./eRPC_spi_slave_c_wrapper/erpc/setup/erpc_setup_spi_slave.o
LOAD ./eRPC_server/erpc/setup/erpc_server_setup.o
LOAD ./eRPC_server/erpc/infra/server.o
LOAD ./eRPC_server/erpc/infra/simple_server.o
LOAD ./eRPC_port_stdlib/erpc/port/erpc_port_stdlib.o
LOAD ./eRPC_common_src/erpc/infra/basic_codec.o
LOAD ./eRPC_common_src/erpc/infra/message_buffer.o
LOAD ./drivers/fsl_adc16.o
LOAD ./drivers/fsl_clock.o
LOAD ./drivers/fsl_cmp.o
LOAD ./drivers/fsl_common.o
LOAD ./drivers/fsl_cop.o
LOAD ./drivers/fsl_dac.o
LOAD ./drivers/fsl_dma.o
LOAD ./drivers/fsl_dmamux.o
LOAD ./drivers/fsl_flash.o
LOAD ./drivers/fsl_gpio.o
LOAD ./drivers/fsl_i2c.o
LOAD ./drivers/fsl_i2c_dma.o
LOAD ./drivers/fsl_llwu.o
LOAD ./drivers/fsl_lpsci.o
LOAD ./drivers/fsl_lpsci_dma.o
LOAD ./drivers/fsl_lptmr.o
LOAD ./drivers/fsl_pit.o
LOAD ./drivers/fsl_pmc.o
LOAD ./drivers/fsl_rcm.o
LOAD ./drivers/fsl_rtc.o
LOAD ./drivers/fsl_sim.o
LOAD ./drivers/fsl_smc.o
LOAD ./drivers/fsl_spi.o
LOAD ./drivers/fsl_spi_dma.o
LOAD ./drivers/fsl_tpm.o
LOAD ./drivers/fsl_tsi_v4.o
LOAD ./drivers/fsl_uart.o
LOAD ./drivers/fsl_uart_dma.o
LOAD ./board/board.o
LOAD ./board/clock_config.o
LOAD ./board/pin_mux.o
LOAD ./CMSIS/system_MKL25Z4.o
START GROUP
LOAD c:/nxp/mcuxpressoide_10.3.0_2200/ide/plugins/com.nxp.mcuxpresso.tools.win32_10.3.0.201811011841/tools/bin/../lib/gcc/arm-none-eabi/7.3.1/thumb/v6-m\libgcc.a
LOAD c:/nxp/mcuxpressoide_10.3.0_2200/ide/plugins/com.nxp.mcuxpresso.tools.win32_10.3.0.201811011841/tools/bin/../lib/gcc/arm-none-eabi/7.3.1/../../../../arm-none-eabi/lib/thumb/v6-m\libc.a
LOAD c:/nxp/mcuxpressoide_10.3.0_2200/ide/plugins/com.nxp.mcuxpresso.tools.win32_10.3.0.201811011841/tools/bin/../lib/gcc/arm-none-eabi/7.3.1/../../../../arm-none-eabi/lib/thumb/v6-m\libstdc++.a
LOAD c:/nxp/mcuxpressoide_10.3.0_2200/ide/plugins/com.nxp.mcuxpresso.tools.win32_10.3.0.201811011841/tools/bin/../lib/gcc/arm-none-eabi/7.3.1/../../../../arm-none-eabi/lib/thumb/v6-m\libm.a
LOAD c:/nxp/mcuxpressoide_10.3.0_2200/ide/plugins/com.nxp.mcuxpresso.tools.win32_10.3.0.201811011841/tools/bin/../lib/gcc/arm-none-eabi/7.3.1/../../../../arm-none-eabi/lib/thumb/v6-m\libcr_newlib_semihost.a
LOAD c:/nxp/mcuxpressoide_10.3.0_2200/ide/plugins/com.nxp.mcuxpresso.tools.win32_10.3.0.201811011841/tools/bin/../lib/gcc/arm-none-eabi/7.3.1/thumb/v6-m\crti.o
LOAD c:/nxp/mcuxpressoide_10.3.0_2200/ide/plugins/com.nxp.mcuxpresso.tools.win32_10.3.0.201811011841/tools/bin/../lib/gcc/arm-none-eabi/7.3.1/thumb/v6-m\crtn.o
LOAD c:/nxp/mcuxpressoide_10.3.0_2200/ide/plugins/com.nxp.mcuxpresso.tools.win32_10.3.0.201811011841/tools/bin/../lib/gcc/arm-none-eabi/7.3.1/thumb/v6-m\crtbegin.o
LOAD c:/nxp/mcuxpressoide_10.3.0_2200/ide/plugins/com.nxp.mcuxpresso.tools.win32_10.3.0.201811011841/tools/bin/../lib/gcc/arm-none-eabi/7.3.1/thumb/v6-m\crtend.o
END GROUP
                0x00000000                __base_PROGRAM_FLASH = 0x0
                0x00000000                __base_Flash = 0x0
                0x00020000                __top_PROGRAM_FLASH = 0x20000
                0x00020000                __top_Flash = 0x20000
                0x1ffff000                __base_SRAM = 0x1ffff000
                0x1ffff000                __base_RAM = 0x1ffff000
                0x20003000                __top_SRAM = 0x20003000
                0x20003000                __top_RAM = 0x20003000

.text           0x00000000    0x1ab60
 FILL mask 0xff
                0x00000000                __vectors_start__ = ABSOLUTE (.)
 *(SORT_BY_ALIGNMENT(.isr_vector))
 .isr_vector    0x00000000       0xc0 ./startup/startup_mkl25z4.o
                0x00000000                g_pfnVectors
                0x00000000                __Vectors
                0x000000c0                . = ALIGN (0x4)
                0x000000c0                __section_table_start = .
                0x000000c0                __data_section_table = .
                0x000000c0        0x4 LONG 0x1b378 LOADADDR (.data)
                0x000000c4        0x4 LONG 0x1ffff080 ADDR (.data)
                0x000000c8        0x4 LONG 0x9c0 SIZEOF (.data)
                0x000000cc                __data_section_table_end = .
                0x000000cc                __bss_section_table = .
                0x000000cc        0x4 LONG 0x1ffffa40 ADDR (.bss)
                0x000000d0        0x4 LONG 0x1a4 SIZEOF (.bss)
                0x000000d4                __bss_section_table_end = .
                0x000000d4                __section_table_end = .
 *(SORT_BY_ALIGNMENT(.after_vectors*))
 .after_vectors.reset
                0x000000d4       0x50 ./startup/startup_mkl25z4.o
                0x000000d4                ResetISR
 .after_vectors.init_data
                0x00000124       0x16 ./startup/startup_mkl25z4.o
                0x00000124                data_init(unsigned int, unsigned int, unsigned int)
 .after_vectors.init_bss
                0x0000013a       0x12 ./startup/startup_mkl25z4.o
                0x0000013a                bss_init(unsigned int, unsigned int)
 .after_vectors
                0x0000014c      0x10c ./startup/startup_mkl25z4.o
                0x0000014c                NMI_Handler
                0x00000150                SVC_Handler
                0x00000152                PendSV_Handler
                0x00000154                SysTick_Handler
                0x00000156                LPTMR0_DriverIRQHandler
                0x00000156                PORTD_DriverIRQHandler
                0x00000156                Reserved39_DriverIRQHandler
                0x00000156                CMP0_DriverIRQHandler
                0x00000156                ADC0_DriverIRQHandler
                0x00000156                TPM0_DriverIRQHandler
                0x00000156                TPM2_DriverIRQHandler
                0x00000156                PIT_DriverIRQHandler
                0x00000156                RTC_DriverIRQHandler
                0x00000156                TSI0_DriverIRQHandler
                0x00000156                RTC_Seconds_DriverIRQHandler
                0x00000156                TPM1_DriverIRQHandler
                0x00000156                PORTA_DriverIRQHandler
                0x00000156                LLWU_DriverIRQHandler
                0x00000156                MCG_DriverIRQHandler
                0x00000156                Reserved45_DriverIRQHandler
                0x00000156                Reserved20_DriverIRQHandler
                0x00000156                DAC0_DriverIRQHandler
                0x00000156                FTFA_DriverIRQHandler
                0x00000156                IntDefaultHandler
                0x00000156                USB0_DriverIRQHandler
                0x00000156                LVD_LVW_DriverIRQHandler
                0x00000158                DMA0_IRQHandler
                0x00000160                DMA1_IRQHandler
                0x00000168                DMA2_IRQHandler
                0x00000170                DMA3_IRQHandler
                0x00000178                Reserved20_IRQHandler
                0x00000180                FTFA_IRQHandler
                0x00000188                LVD_LVW_IRQHandler
                0x00000190                LLWU_IRQHandler
                0x00000198                I2C0_IRQHandler
                0x000001a0                I2C1_IRQHandler
                0x000001a8                SPI0_IRQHandler
                0x000001b0                SPI1_IRQHandler
                0x000001b8                UART0_IRQHandler
                0x000001c0                UART1_IRQHandler
                0x000001c8                UART2_IRQHandler
                0x000001d0                ADC0_IRQHandler
                0x000001d8                CMP0_IRQHandler
                0x000001e0                TPM0_IRQHandler
                0x000001e8                TPM1_IRQHandler
                0x000001f0                TPM2_IRQHandler
                0x000001f8                RTC_IRQHandler
                0x00000200                RTC_Seconds_IRQHandler
                0x00000208                PIT_IRQHandler
                0x00000210                Reserved39_IRQHandler
                0x00000218                USB0_IRQHandler
                0x00000220                DAC0_IRQHandler
                0x00000228                TSI0_IRQHandler
                0x00000230                MCG_IRQHandler
                0x00000238                LPTMR0_IRQHandler
                0x00000240                Reserved45_IRQHandler
                0x00000248                PORTA_IRQHandler
                0x00000250                PORTD_IRQHandler
                0x00000400                . = 0x400
 *fill*         0x00000258      0x1a8 ff
                0x00000400                PROVIDE (__FLASH_CONFIG_START__ = .)
 *(SORT_BY_ALIGNMENT(.FlashConfig))
 .FlashConfig   0x00000400       0x10 ./startup/startup_mkl25z4.o
                0x00000410                PROVIDE (__FLASH_CONFIG_END__ = .)
                0x00000001                ASSERT (! ((__FLASH_CONFIG_START__ == __FLASH_CONFIG_END__)), Linker Flash Config Support Enabled, but no .FlashConfig section provided within application)
 *(SORT_BY_ALIGNMENT(.text*))
 .text.DbgConsole_Init
                0x00000410       0xf4 ./utilities/fsl_debug_console.o
                0x00000410                DbgConsole_Init
 .text.CLOCK_SetTpmClock
                0x00000504       0x38 ./source/main_server.o
 .text.erpcMatrixMultiply
                0x0000053c       0xe8 ./source/main_server.o
                0x0000053c                erpcMatrixMultiply
 .text.main     0x00000624       0xf0 ./source/main_server.o
                0x00000624                main
 .text.HardFault_Handler
                0x00000714       0x30 ./source/semihost_hardfault.o
                0x00000714                HardFault_Handler
 .text          0x00000744      0x27c ./erpc/service/erpc_matrix_multiply_server.o
                0x00000744                MatrixMultiplyService_service::handleInvocation(unsigned long, unsigned long, erpc::Codec*, erpc::MessageBufferFactory*)
                0x00000772                MatrixMultiplyService_service::erpcMatrixMultiply_shim(erpc::Codec*, erpc::MessageBufferFactory*, unsigned long)
                0x0000099c                create_MatrixMultiplyService_service
 .text._ZN4erpc7ServiceC2Em
                0x000009c0       0x2c ./erpc/service/erpc_matrix_multiply_server.o
                0x000009c0                erpc::Service::Service(unsigned long)
                0x000009c0                erpc::Service::Service(unsigned long)
 .text._ZN4erpc7ServiceD2Ev
                0x000009ec       0x1c ./erpc/service/erpc_matrix_multiply_server.o
                0x000009ec                erpc::Service::~Service()
                0x000009ec                erpc::Service::~Service()
 .text._ZN29MatrixMultiplyService_serviceC2Ev
                0x00000a08       0x28 ./erpc/service/erpc_matrix_multiply_server.o
                0x00000a08                MatrixMultiplyService_service::MatrixMultiplyService_service()
                0x00000a08                MatrixMultiplyService_service::MatrixMultiplyService_service()
 .text._ZN29MatrixMultiplyService_serviceD2Ev
                0x00000a30       0x24 ./erpc/service/erpc_matrix_multiply_server.o
                0x00000a30                MatrixMultiplyService_service::~MatrixMultiplyService_service()
                0x00000a30                MatrixMultiplyService_service::~MatrixMultiplyService_service()
 .text          0x00000a54      0x118 ./erpc/erpc_error_handler.o
                0x00000a54                erpc_error_handler
 .text          0x00000b6c      0x278 ./eRPC_spi_slave_transport/erpc/transports/spi_slave_transport.o
                0x00000bbe                SPI_SlaveUserCallback(SPI_Type*, _spi_master_handle*, long, void*)
                0x00000bec                erpc::SpiSlaveTransport::SpiSlaveTransport(SPI_Type*, unsigned long, unsigned long)
                0x00000bec                erpc::SpiSlaveTransport::SpiSlaveTransport(SPI_Type*, unsigned long, unsigned long)
                0x00000c30                erpc::SpiSlaveTransport::~SpiSlaveTransport()
                0x00000c30                erpc::SpiSlaveTransport::~SpiSlaveTransport()
                0x00000c74                erpc::SpiSlaveTransport::~SpiSlaveTransport()
                0x00000c96                erpc::SpiSlaveTransport::init()
                0x00000cfc                erpc::SpiSlaveTransport::underlyingReceive(unsigned char*, unsigned long)
                0x00000d70                erpc::SpiSlaveTransport::underlyingSend(unsigned char const*, unsigned long)
 .text          0x00000de4       0x20 ./eRPC_spi_slave_transport/erpc/setup/erpc_setup_mbf_dynamic.o
                0x00000de4                erpc_mbf_dynamic_init
 .text._ZN4erpc20MessageBufferFactoryC2Ev
                0x00000e04       0x1c ./eRPC_spi_slave_transport/erpc/setup/erpc_setup_mbf_dynamic.o
                0x00000e04                erpc::MessageBufferFactory::MessageBufferFactory()
                0x00000e04                erpc::MessageBufferFactory::MessageBufferFactory()
 .text._ZN4erpc20MessageBufferFactoryD2Ev
                0x00000e20       0x1c ./eRPC_spi_slave_transport/erpc/setup/erpc_setup_mbf_dynamic.o
                0x00000e20                erpc::MessageBufferFactory::~MessageBufferFactory()
                0x00000e20                erpc::MessageBufferFactory::~MessageBufferFactory()
 .text._ZN27DynamicMessageBufferFactory6createEv
                0x00000e3c       0x38 ./eRPC_spi_slave_transport/erpc/setup/erpc_setup_mbf_dynamic.o
                0x00000e3c                DynamicMessageBufferFactory::create()
 .text._ZN27DynamicMessageBufferFactory7disposeEPN4erpc13MessageBufferE
                0x00000e74       0x58 ./eRPC_spi_slave_transport/erpc/setup/erpc_setup_mbf_dynamic.o
                0x00000e74                DynamicMessageBufferFactory::dispose(erpc::MessageBuffer*)
 .text._ZN27DynamicMessageBufferFactoryC2Ev
                0x00000ecc       0x24 ./eRPC_spi_slave_transport/erpc/setup/erpc_setup_mbf_dynamic.o
                0x00000ecc                DynamicMessageBufferFactory::DynamicMessageBufferFactory()
                0x00000ecc                DynamicMessageBufferFactory::DynamicMessageBufferFactory()
 .text._ZN27DynamicMessageBufferFactoryD2Ev
                0x00000ef0       0x24 ./eRPC_spi_slave_transport/erpc/setup/erpc_setup_mbf_dynamic.o
                0x00000ef0                DynamicMessageBufferFactory::~DynamicMessageBufferFactory()
                0x00000ef0                DynamicMessageBufferFactory::~DynamicMessageBufferFactory()
 .text          0x00000f14      0x254 ./eRPC_spi_slave_transport/erpc/infra/framed_transport.o
                0x00000f14                erpc::FramedTransport::FramedTransport()
                0x00000f14                erpc::FramedTransport::FramedTransport()
                0x00000f44                erpc::FramedTransport::~FramedTransport()
                0x00000f44                erpc::FramedTransport::~FramedTransport()
                0x00000f68                erpc::FramedTransport::~FramedTransport()
                0x00000f8a                erpc::FramedTransport::setCRCFunction(unsigned short (*)(unsigned char const*, unsigned long))
                0x00000fc0                erpc::FramedTransport::receive(erpc::MessageBuffer*)
                0x00001066                erpc::FramedTransport::send(erpc::MessageBuffer*)
                0x000010f0                erpc::FramedTransport::computeCRC16(unsigned char const*, unsigned long)
 .text._ZN4erpc9TransportC2Ev
                0x00001168       0x1c ./eRPC_spi_slave_transport/erpc/infra/framed_transport.o
                0x00001168                erpc::Transport::Transport()
                0x00001168                erpc::Transport::Transport()
 .text._ZN4erpc9TransportD2Ev
                0x00001184       0x1c ./eRPC_spi_slave_transport/erpc/infra/framed_transport.o
                0x00001184                erpc::Transport::~Transport()
                0x00001184                erpc::Transport::~Transport()
 .text          0x000011a0       0x4c ./eRPC_spi_slave_c_wrapper/erpc/setup/erpc_setup_spi_slave.o
                0x000011a0                erpc_transport_spi_slave_init
 .text          0x000011ec      0x140 ./eRPC_server/erpc/setup/erpc_server_setup.o
                0x000011ec                erpc_server_init
                0x00001274                erpc_server_deinit
                0x00001298                erpc_add_service_to_server
                0x000012c4                erpc_server_run
                0x000012e8                erpc_server_poll
                0x0000130c                erpc_server_stop
 .text._ZN4erpc5CodecC2Ev
                0x0000132c       0x30 ./eRPC_server/erpc/setup/erpc_server_setup.o
                0x0000132c                erpc::Codec::Codec()
                0x0000132c                erpc::Codec::Codec()
 .text._ZN4erpc12CodecFactoryC2Ev
                0x0000135c       0x1c ./eRPC_server/erpc/setup/erpc_server_setup.o
                0x0000135c                erpc::CodecFactory::CodecFactory()
                0x0000135c                erpc::CodecFactory::CodecFactory()
 .text._ZN4erpc12CodecFactoryD2Ev
                0x00001378       0x1c ./eRPC_server/erpc/setup/erpc_server_setup.o
                0x00001378                erpc::CodecFactory::~CodecFactory()
                0x00001378                erpc::CodecFactory::~CodecFactory()
 .text._ZN4erpc10BasicCodecC2Ev
                0x00001394       0x24 ./eRPC_server/erpc/setup/erpc_server_setup.o
                0x00001394                erpc::BasicCodec::BasicCodec()
                0x00001394                erpc::BasicCodec::BasicCodec()
 .text._ZN4erpc17BasicCodecFactory6createEv
                0x000013b8       0x30 ./eRPC_server/erpc/setup/erpc_server_setup.o
                0x000013b8                erpc::BasicCodecFactory::create()
 .text._ZN4erpc6ServerC2Ev
                0x000013e8       0x34 ./eRPC_server/erpc/setup/erpc_server_setup.o
                0x000013e8                erpc::Server::Server()
                0x000013e8                erpc::Server::Server()
 .text._ZN4erpc12SimpleServerC2Ev
                0x0000141c       0x2c ./eRPC_server/erpc/setup/erpc_server_setup.o
                0x0000141c                erpc::SimpleServer::SimpleServer()
                0x0000141c                erpc::SimpleServer::SimpleServer()
 .text._ZN4erpc17BasicCodecFactoryC2Ev
                0x00001448       0x24 ./eRPC_server/erpc/setup/erpc_server_setup.o
                0x00001448                erpc::BasicCodecFactory::BasicCodecFactory()
                0x00001448                erpc::BasicCodecFactory::BasicCodecFactory()
 .text._ZN4erpc17BasicCodecFactoryD2Ev
                0x0000146c       0x24 ./eRPC_server/erpc/setup/erpc_server_setup.o
                0x0000146c                erpc::BasicCodecFactory::~BasicCodecFactory()
                0x0000146c                erpc::BasicCodecFactory::~BasicCodecFactory()
 .text          0x00001490      0x2cc ./eRPC_server/erpc/infra/simple_server.o
                0x00001490                erpc::SimpleServer::~SimpleServer()
                0x00001490                erpc::SimpleServer::~SimpleServer()
                0x000014e8                erpc::SimpleServer::~SimpleServer()
                0x0000150a                erpc::SimpleServer::disposeBufferAndCodec(erpc::Codec*)
                0x00001568                erpc::SimpleServer::runInternal()
                0x000016ce                erpc::SimpleServer::run()
                0x00001706                erpc::SimpleServer::poll()
                0x00001746                erpc::SimpleServer::stop()
 .text._ZN4erpc6ServerD2Ev
                0x0000175c       0x1c ./eRPC_server/erpc/infra/simple_server.o
                0x0000175c                erpc::Server::~Server()
                0x0000175c                erpc::Server::~Server()
 .text._ZN4erpc5CodecD2Ev
                0x00001778       0x1c ./eRPC_common_src/erpc/infra/basic_codec.o
                0x00001778                erpc::Codec::~Codec()
                0x00001778                erpc::Codec::~Codec()
 .text._ZN4erpc10BasicCodecD2Ev
                0x00001794       0x24 ./eRPC_common_src/erpc/infra/basic_codec.o
                0x00001794                erpc::BasicCodec::~BasicCodec()
                0x00001794                erpc::BasicCodec::~BasicCodec()
 .text          0x000017b8      0x2b4 ./eRPC_common_src/erpc/infra/message_buffer.o
                0x000017b8                erpc::MessageBuffer::read(unsigned short, void*, unsigned long)
                0x00001810                erpc::MessageBuffer::write(unsigned short, void const*, unsigned long)
                0x00001860                erpc::MessageBuffer::copy(erpc::MessageBuffer const*)
                0x000018bc                erpc::MessageBuffer::swap(erpc::MessageBuffer*)
                0x00001930                erpc::MessageBuffer::Cursor::set(erpc::MessageBuffer*)
                0x0000198c                erpc::MessageBuffer::Cursor::read(void*, unsigned long)
                0x000019dc                erpc::MessageBuffer::Cursor::write(void const*, unsigned long)
                0x00001a4e                erpc::MessageBufferFactory::prepareServerBufferForSend(erpc::MessageBuffer*)
 .text.CLOCK_SetEr32kClock
                0x00001a6c       0x34 ./drivers/fsl_clock.o
 .text.CLOCK_SetPllFllSelClock
                0x00001aa0       0x38 ./drivers/fsl_clock.o
 .text.CLOCK_GetMcgExtClkFreq
                0x00001ad8       0x34 ./drivers/fsl_clock.o
 .text.CLOCK_GetFllExtRefClkFreq
                0x00001b0c       0xa4 ./drivers/fsl_clock.o
 .text.CLOCK_GetInternalRefClkSelectFreq
                0x00001bb0       0x40 ./drivers/fsl_clock.o
 .text.CLOCK_GetFllRefClkFreq
                0x00001bf0       0x2c ./drivers/fsl_clock.o
 .text.CLOCK_GetOscRangeFromFreq
                0x00001c1c       0x4c ./drivers/fsl_clock.o
 .text.CLOCK_GetOsc0ErClkFreq
                0x00001c68       0x4c ./drivers/fsl_clock.o
                0x00001c68                CLOCK_GetOsc0ErClkFreq
 .text.CLOCK_GetEr32kClkFreq
                0x00001cb4       0x84 ./drivers/fsl_clock.o
                0x00001cb4                CLOCK_GetEr32kClkFreq
 .text.CLOCK_GetPllFllSelClkFreq
                0x00001d38       0x4c ./drivers/fsl_clock.o
                0x00001d38                CLOCK_GetPllFllSelClkFreq
 .text.CLOCK_GetFreq
                0x00001d84       0xe0 ./drivers/fsl_clock.o
                0x00001d84                CLOCK_GetFreq
 .text.CLOCK_SetSimConfig
                0x00001e64       0x38 ./drivers/fsl_clock.o
                0x00001e64                CLOCK_SetSimConfig
 .text.CLOCK_GetOutClkFreq
                0x00001e9c       0x60 ./drivers/fsl_clock.o
                0x00001e9c                CLOCK_GetOutClkFreq
 .text.CLOCK_GetFllFreq
                0x00001efc       0x84 ./drivers/fsl_clock.o
                0x00001efc                CLOCK_GetFllFreq
 .text.CLOCK_GetInternalRefClkFreq
                0x00001f80       0x28 ./drivers/fsl_clock.o
                0x00001f80                CLOCK_GetInternalRefClkFreq
 .text.CLOCK_GetPll0Freq
                0x00001fa8       0x80 ./drivers/fsl_clock.o
                0x00001fa8                CLOCK_GetPll0Freq
 .text.CLOCK_SetInternalRefClkConfig
                0x00002028      0x128 ./drivers/fsl_clock.o
                0x00002028                CLOCK_SetInternalRefClkConfig
 .text.CLOCK_EnablePll0
                0x00002150       0xa0 ./drivers/fsl_clock.o
                0x00002150                CLOCK_EnablePll0
 .text.CLOCK_InitOsc0
                0x000021f0       0x94 ./drivers/fsl_clock.o
                0x000021f0                CLOCK_InitOsc0
 .text.CLOCK_SetPbeMode
                0x00002284       0xc0 ./drivers/fsl_clock.o
                0x00002284                CLOCK_SetPbeMode
 .text.CLOCK_BootToPeeMode
                0x00002344       0x80 ./drivers/fsl_clock.o
                0x00002344                CLOCK_BootToPeeMode
 .text.__assert_func
                0x000023c4       0x28 ./drivers/fsl_common.o
                0x000023c4                __assert_func
 .text.DMA_ClearChannelStatusFlags
                0x000023ec       0x64 ./drivers/fsl_dma.o
 .text.DMA_HandleIRQ
                0x00002450       0x60 ./drivers/fsl_dma.o
                0x00002450                DMA_HandleIRQ
 .text.DMA0_DriverIRQHandler
                0x000024b0       0x18 ./drivers/fsl_dma.o
                0x000024b0                DMA0_DriverIRQHandler
 .text.DMA1_DriverIRQHandler
                0x000024c8       0x18 ./drivers/fsl_dma.o
                0x000024c8                DMA1_DriverIRQHandler
 .text.DMA2_DriverIRQHandler
                0x000024e0       0x18 ./drivers/fsl_dma.o
                0x000024e0                DMA2_DriverIRQHandler
 .text.DMA3_DriverIRQHandler
                0x000024f8       0x18 ./drivers/fsl_dma.o
                0x000024f8                DMA3_DriverIRQHandler
 .text.GPIO_PinInit
                0x00002510       0x70 ./drivers/fsl_gpio.o
                0x00002510                GPIO_PinInit
 .text.I2C_TransferCommonIRQHandler
                0x00002580       0x54 ./drivers/fsl_i2c.o
 .text.I2C0_DriverIRQHandler
                0x000025d4       0x20 ./drivers/fsl_i2c.o
                0x000025d4                I2C0_DriverIRQHandler
 .text.I2C1_DriverIRQHandler
                0x000025f4       0x20 ./drivers/fsl_i2c.o
                0x000025f4                I2C1_DriverIRQHandler
 .text.CLOCK_EnableClock
                0x00002614       0x34 ./drivers/fsl_lpsci.o
 .text.LPSCI_GetInstance
                0x00002648       0x54 ./drivers/fsl_lpsci.o
                0x00002648                LPSCI_GetInstance
 .text.LPSCI_Init
                0x0000269c      0x270 ./drivers/fsl_lpsci.o
                0x0000269c                LPSCI_Init
 .text.LPSCI_GetDefaultConfig
                0x0000290c       0x54 ./drivers/fsl_lpsci.o
                0x0000290c                LPSCI_GetDefaultConfig
 .text.LPSCI_ClearStatusFlags
                0x00002960       0x94 ./drivers/fsl_lpsci.o
                0x00002960                LPSCI_ClearStatusFlags
 .text.LPSCI_WriteBlocking
                0x000029f4       0x5c ./drivers/fsl_lpsci.o
                0x000029f4                LPSCI_WriteBlocking
 .text.LPSCI_ReadBlocking
                0x00002a50       0xd0 ./drivers/fsl_lpsci.o
                0x00002a50                LPSCI_ReadBlocking
 .text.UART0_DriverIRQHandler
                0x00002b20       0x24 ./drivers/fsl_lpsci.o
                0x00002b20                UART0_DriverIRQHandler
 .text.NVIC_EnableIRQ
                0x00002b44       0x2c ./drivers/fsl_spi.o
 .text.CLOCK_EnableClock
                0x00002b70       0x34 ./drivers/fsl_spi.o
 .text.CLOCK_DisableClock
                0x00002ba4       0x38 ./drivers/fsl_spi.o
 .text.SPI_GetInstance
                0x00002bdc       0x58 ./drivers/fsl_spi.o
                0x00002bdc                SPI_GetInstance
 .text.SPI_SlaveInit
                0x00002c34       0xbc ./drivers/fsl_spi.o
                0x00002c34                SPI_SlaveInit
 .text.SPI_Deinit
                0x00002cf0       0x3c ./drivers/fsl_spi.o
                0x00002cf0                SPI_Deinit
 .text.SPI_MasterTransferCreateHandle
                0x00002d2c       0xa8 ./drivers/fsl_spi.o
                0x00002d2c                SPI_MasterTransferCreateHandle
 .text.SPI_MasterTransferNonBlocking
                0x00002dd4       0xe0 ./drivers/fsl_spi.o
                0x00002dd4                SPI_MasterTransferNonBlocking
 .text.SPI_MasterTransferAbort
                0x00002eb4       0x50 ./drivers/fsl_spi.o
                0x00002eb4                SPI_MasterTransferAbort
 .text.SPI_MasterTransferHandleIRQ
                0x00002f04       0x94 ./drivers/fsl_spi.o
                0x00002f04                SPI_MasterTransferHandleIRQ
 .text.SPI_SlaveTransferCreateHandle
                0x00002f98       0x54 ./drivers/fsl_spi.o
                0x00002f98                SPI_SlaveTransferCreateHandle
 .text.SPI_SlaveTransferHandleIRQ
                0x00002fec       0x94 ./drivers/fsl_spi.o
                0x00002fec                SPI_SlaveTransferHandleIRQ
 .text.SPI_CommonIRQHandler
                0x00003080       0x54 ./drivers/fsl_spi.o
 .text.SPI0_DriverIRQHandler
                0x000030d4       0x40 ./drivers/fsl_spi.o
                0x000030d4                SPI0_DriverIRQHandler
 .text.SPI1_DriverIRQHandler
                0x00003114       0x40 ./drivers/fsl_spi.o
                0x00003114                SPI1_DriverIRQHandler
 .text.CLOCK_EnableClock
                0x00003154       0x34 ./drivers/fsl_tpm.o
 .text.TPM_GetInstance
                0x00003188       0x60 ./drivers/fsl_tpm.o
 .text.TPM_Init
                0x000031e8       0xdc ./drivers/fsl_tpm.o
                0x000031e8                TPM_Init
 .text.TPM_GetDefaultConfig
                0x000032c4       0x60 ./drivers/fsl_tpm.o
                0x000032c4                TPM_GetDefaultConfig
 .text.TPM_SetupPwm
                0x00003324      0x210 ./drivers/fsl_tpm.o
                0x00003324                TPM_SetupPwm
 .text.CLOCK_EnableClock
                0x00003534       0x34 ./drivers/fsl_uart.o
 .text.UART_GetInstance
                0x00003568       0x60 ./drivers/fsl_uart.o
                0x00003568                UART_GetInstance
 .text.UART_Init
                0x000035c8      0x1f8 ./drivers/fsl_uart.o
                0x000035c8                UART_Init
 .text.UART_GetDefaultConfig
                0x000037c0       0x54 ./drivers/fsl_uart.o
                0x000037c0                UART_GetDefaultConfig
 .text.UART_ReadBlocking
                0x00003814       0xa8 ./drivers/fsl_uart.o
                0x00003814                UART_ReadBlocking
 .text.UART1_DriverIRQHandler
                0x000038bc       0x24 ./drivers/fsl_uart.o
                0x000038bc                UART1_DriverIRQHandler
 .text.UART2_DriverIRQHandler
                0x000038e0       0x24 ./drivers/fsl_uart.o
                0x000038e0                UART2_DriverIRQHandler
 .text.CLOCK_SetLpsci0Clock
                0x00003904       0x38 ./board/board.o
 .text.BOARD_InitDebugConsole
                0x0000393c       0x30 ./board/board.o
                0x0000393c                BOARD_InitDebugConsole
 .text.CLOCK_SetSimSafeDivs
                0x0000396c       0x20 ./board/clock_config.o
 .text.CLOCK_SetXtal0Freq
                0x0000398c       0x1c ./board/clock_config.o
 .text.CLOCK_CONFIG_SetFllExtRefDiv
                0x000039a8       0x3c ./board/clock_config.o
 .text.BOARD_BootClockRUN
                0x000039e4       0x64 ./board/clock_config.o
                0x000039e4                BOARD_BootClockRUN
 .text.CLOCK_EnableClock
                0x00003a48       0x34 ./board/pin_mux.o
 .text.PORT_SetPinMux
                0x00003a7c       0x40 ./board/pin_mux.o
 .text.BOARD_InitPins
                0x00003abc       0xf4 ./board/pin_mux.o
                0x00003abc                BOARD_InitPins
 .text.SystemInit
                0x00003bb0       0x18 ./CMSIS/system_MKL25Z4.o
                0x00003bb0                SystemInit
 .text          0x00003bc8      0x114 c:/nxp/mcuxpressoide_10.3.0_2200/ide/plugins/com.nxp.mcuxpresso.tools.win32_10.3.0.201811011841/tools/bin/../lib/gcc/arm-none-eabi/7.3.1/thumb/v6-m\libgcc.a(_udivsi3.o)
                0x00003bc8                __aeabi_uidiv
                0x00003bc8                __udivsi3
                0x00003cd4                __aeabi_uidivmod
 .text          0x00003cdc      0x1d4 c:/nxp/mcuxpressoide_10.3.0_2200/ide/plugins/com.nxp.mcuxpresso.tools.win32_10.3.0.201811011841/tools/bin/../lib/gcc/arm-none-eabi/7.3.1/thumb/v6-m\libgcc.a(_divsi3.o)
                0x00003cdc                __divsi3
                0x00003cdc                __aeabi_idiv
                0x00003ea8                __aeabi_idivmod
 .text          0x00003eb0        0x4 c:/nxp/mcuxpressoide_10.3.0_2200/ide/plugins/com.nxp.mcuxpresso.tools.win32_10.3.0.201811011841/tools/bin/../lib/gcc/arm-none-eabi/7.3.1/thumb/v6-m\libgcc.a(_dvmd_tls.o)
                0x00003eb0                __aeabi_idiv0
                0x00003eb0                __aeabi_ldiv0
 .text          0x00003eb4      0xa08 c:/nxp/mcuxpressoide_10.3.0_2200/ide/plugins/com.nxp.mcuxpresso.tools.win32_10.3.0.201811011841/tools/bin/../lib/gcc/arm-none-eabi/7.3.1/thumb/v6-m\libgcc.a(unwind-arm.o)
                0x00004170                _Unwind_GetCFA
                0x00004174                __gnu_Unwind_RaiseException
                0x000041c8                __gnu_Unwind_ForcedUnwind
                0x000041dc                __gnu_Unwind_Resume
                0x00004224                __gnu_Unwind_Resume_or_Rethrow
                0x00004240                _Unwind_Complete
                0x00004244                _Unwind_DeleteException
                0x00004254                _Unwind_VRS_Get
                0x0000429c                _Unwind_VRS_Set
                0x000042e4                __gnu_Unwind_Backtrace
                0x00004634                __aeabi_unwind_cpp_pr0
                0x00004640                __aeabi_unwind_cpp_pr1
                0x0000464c                __aeabi_unwind_cpp_pr2
                0x00004658                _Unwind_VRS_Pop
 .text          0x000048bc      0x144 c:/nxp/mcuxpressoide_10.3.0_2200/ide/plugins/com.nxp.mcuxpresso.tools.win32_10.3.0.201811011841/tools/bin/../lib/gcc/arm-none-eabi/7.3.1/thumb/v6-m\libgcc.a(libunwind.o)
                0x000048bc                __restore_core_regs
                0x000048bc                restore_core_regs
                0x000048e8                __gnu_Unwind_Restore_VFP
                0x000048ec                __gnu_Unwind_Save_VFP
                0x000048f0                __gnu_Unwind_Restore_VFP_D
                0x000048f4                __gnu_Unwind_Save_VFP_D
                0x000048f8                __gnu_Unwind_Restore_VFP_D_16_to_31
                0x000048fc                __gnu_Unwind_Save_VFP_D_16_to_31
                0x00004900                __gnu_Unwind_Restore_WMMXD
                0x00004904                __gnu_Unwind_Save_WMMXD
                0x00004908                __gnu_Unwind_Restore_WMMXC
                0x0000490c                __gnu_Unwind_Save_WMMXC
                0x00004910                ___Unwind_RaiseException
                0x00004910                _Unwind_RaiseException
                0x00004940                _Unwind_Resume
                0x00004940                ___Unwind_Resume
                0x00004970                _Unwind_Resume_or_Rethrow
                0x00004970                ___Unwind_Resume_or_Rethrow
                0x000049a0                _Unwind_ForcedUnwind
                0x000049a0                ___Unwind_ForcedUnwind
                0x000049d0                ___Unwind_Backtrace
                0x000049d0                _Unwind_Backtrace
 .text          0x00004a00      0x39c c:/nxp/mcuxpressoide_10.3.0_2200/ide/plugins/com.nxp.mcuxpresso.tools.win32_10.3.0.201811011841/tools/bin/../lib/gcc/arm-none-eabi/7.3.1/thumb/v6-m\libgcc.a(pr-support.o)
                0x00004a54                __gnu_unwind_execute
                0x00004d44                __gnu_unwind_frame
                0x00004d6c                _Unwind_GetRegionStart
                0x00004d78                _Unwind_GetLanguageSpecificData
                0x00004d8c                _Unwind_GetDataRelBase
                0x00004d94                _Unwind_GetTextRelBase
 .text.abort    0x00004d9c       0x10 c:/nxp/mcuxpressoide_10.3.0_2200/ide/plugins/com.nxp.mcuxpresso.tools.win32_10.3.0.201811011841/tools/bin/../lib/gcc/arm-none-eabi/7.3.1/../../../../arm-none-eabi/lib/thumb/v6-m\libc.a(lib_a-abort.o)
                0x00004d9c                abort
 .text.__libc_init_array
                0x00004dac       0x48 c:/nxp/mcuxpressoide_10.3.0_2200/ide/plugins/com.nxp.mcuxpresso.tools.win32_10.3.0.201811011841/tools/bin/../lib/gcc/arm-none-eabi/7.3.1/../../../../arm-none-eabi/lib/thumb/v6-m\libc.a(lib_a-init.o)
                0x00004dac                __libc_init_array
 .text.malloc   0x00004df4       0x14 c:/nxp/mcuxpressoide_10.3.0_2200/ide/plugins/com.nxp.mcuxpresso.tools.win32_10.3.0.201811011841/tools/bin/../lib/gcc/arm-none-eabi/7.3.1/../../../../arm-none-eabi/lib/thumb/v6-m\libc.a(lib_a-malloc.o)
                0x00004df4                malloc
 .text.free     0x00004e08       0x14 c:/nxp/mcuxpressoide_10.3.0_2200/ide/plugins/com.nxp.mcuxpresso.tools.win32_10.3.0.201811011841/tools/bin/../lib/gcc/arm-none-eabi/7.3.1/../../../../arm-none-eabi/lib/thumb/v6-m\libc.a(lib_a-malloc.o)
                0x00004e08                free
 .text._malloc_r
                0x00004e1c      0x554 c:/nxp/mcuxpressoide_10.3.0_2200/ide/plugins/com.nxp.mcuxpresso.tools.win32_10.3.0.201811011841/tools/bin/../lib/gcc/arm-none-eabi/7.3.1/../../../../arm-none-eabi/lib/thumb/v6-m\libc.a(lib_a-mallocr.o)
                0x00004e1c                _malloc_r
 .text.memcpy   0x00005370       0x88 c:/nxp/mcuxpressoide_10.3.0_2200/ide/plugins/com.nxp.mcuxpresso.tools.win32_10.3.0.201811011841/tools/bin/../lib/gcc/arm-none-eabi/7.3.1/../../../../arm-none-eabi/lib/thumb/v6-m\libc.a(lib_a-memcpy-stub.o)
                0x00005370                memcpy
 .text.memset   0x000053f8       0x9c c:/nxp/mcuxpressoide_10.3.0_2200/ide/plugins/com.nxp.mcuxpresso.tools.win32_10.3.0.201811011841/tools/bin/../lib/gcc/arm-none-eabi/7.3.1/../../../../arm-none-eabi/lib/thumb/v6-m\libc.a(lib_a-memset.o)
                0x000053f8                memset
 .text.__malloc_lock
                0x00005494       0x10 c:/nxp/mcuxpressoide_10.3.0_2200/ide/plugins/com.nxp.mcuxpresso.tools.win32_10.3.0.201811011841/tools/bin/../lib/gcc/arm-none-eabi/7.3.1/../../../../arm-none-eabi/lib/thumb/v6-m\libc.a(lib_a-mlock.o)
                0x00005494                __malloc_lock
 .text.__malloc_unlock
                0x000054a4       0x10 c:/nxp/mcuxpressoide_10.3.0_2200/ide/plugins/com.nxp.mcuxpresso.tools.win32_10.3.0.201811011841/tools/bin/../lib/gcc/arm-none-eabi/7.3.1/../../../../arm-none-eabi/lib/thumb/v6-m\libc.a(lib_a-mlock.o)
                0x000054a4                __malloc_unlock
 .text.printf   0x000054b4       0x24 c:/nxp/mcuxpressoide_10.3.0_2200/ide/plugins/com.nxp.mcuxpresso.tools.win32_10.3.0.201811011841/tools/bin/../lib/gcc/arm-none-eabi/7.3.1/../../../../arm-none-eabi/lib/thumb/v6-m\libc.a(lib_a-printf.o)
                0x000054b4                printf
 .text._puts_r  0x000054d8       0xa0 c:/nxp/mcuxpressoide_10.3.0_2200/ide/plugins/com.nxp.mcuxpresso.tools.win32_10.3.0.201811011841/tools/bin/../lib/gcc/arm-none-eabi/7.3.1/../../../../arm-none-eabi/lib/thumb/v6-m\libc.a(lib_a-puts.o)
                0x000054d8                _puts_r
 .text.puts     0x00005578       0x14 c:/nxp/mcuxpressoide_10.3.0_2200/ide/plugins/com.nxp.mcuxpresso.tools.win32_10.3.0.201811011841/tools/bin/../lib/gcc/arm-none-eabi/7.3.1/../../../../arm-none-eabi/lib/thumb/v6-m\libc.a(lib_a-puts.o)
                0x00005578                puts
 .text._sbrk_r  0x0000558c       0x24 c:/nxp/mcuxpressoide_10.3.0_2200/ide/plugins/com.nxp.mcuxpresso.tools.win32_10.3.0.201811011841/tools/bin/../lib/gcc/arm-none-eabi/7.3.1/../../../../arm-none-eabi/lib/thumb/v6-m\libc.a(lib_a-sbrkr.o)
                0x0000558c                _sbrk_r
 .text._raise_r
                0x000055b0       0x5c c:/nxp/mcuxpressoide_10.3.0_2200/ide/plugins/com.nxp.mcuxpresso.tools.win32_10.3.0.201811011841/tools/bin/../lib/gcc/arm-none-eabi/7.3.1/../../../../arm-none-eabi/lib/thumb/v6-m\libc.a(lib_a-signal.o)
                0x000055b0                _raise_r
 .text.raise    0x0000560c       0x14 c:/nxp/mcuxpressoide_10.3.0_2200/ide/plugins/com.nxp.mcuxpresso.tools.win32_10.3.0.201811011841/tools/bin/../lib/gcc/arm-none-eabi/7.3.1/../../../../arm-none-eabi/lib/thumb/v6-m\libc.a(lib_a-signal.o)
                0x0000560c                raise
 .text._kill_r  0x00005620       0x28 c:/nxp/mcuxpressoide_10.3.0_2200/ide/plugins/com.nxp.mcuxpresso.tools.win32_10.3.0.201811011841/tools/bin/../lib/gcc/arm-none-eabi/7.3.1/../../../../arm-none-eabi/lib/thumb/v6-m\libc.a(lib_a-signalr.o)
                0x00005620                _kill_r
 .text._getpid_r
                0x00005648        0x8 c:/nxp/mcuxpressoide_10.3.0_2200/ide/plugins/com.nxp.mcuxpresso.tools.win32_10.3.0.201811011841/tools/bin/../lib/gcc/arm-none-eabi/7.3.1/../../../../arm-none-eabi/lib/thumb/v6-m\libc.a(lib_a-signalr.o)
                0x00005648                _getpid_r
 .text.strlen   0x00005650       0x64 c:/nxp/mcuxpressoide_10.3.0_2200/ide/plugins/com.nxp.mcuxpresso.tools.win32_10.3.0.201811011841/tools/bin/../lib/gcc/arm-none-eabi/7.3.1/../../../../arm-none-eabi/lib/thumb/v6-m\libc.a(lib_a-strlen-stub.o)
                0x00005650                strlen
 .text._vfprintf_r
                0x000056b4     0x1c10 c:/nxp/mcuxpressoide_10.3.0_2200/ide/plugins/com.nxp.mcuxpresso.tools.win32_10.3.0.201811011841/tools/bin/../lib/gcc/arm-none-eabi/7.3.1/../../../../arm-none-eabi/lib/thumb/v6-m\libc.a(lib_a-vfprintf.o)
                0x000056b4                _vfprintf_r
 .text.__sbprintf
                0x000072c4       0x88 c:/nxp/mcuxpressoide_10.3.0_2200/ide/plugins/com.nxp.mcuxpresso.tools.win32_10.3.0.201811011841/tools/bin/../lib/gcc/arm-none-eabi/7.3.1/../../../../arm-none-eabi/lib/thumb/v6-m\libc.a(lib_a-vfprintf.o)
 .text.__swsetup_r
                0x0000734c       0xd4 c:/nxp/mcuxpressoide_10.3.0_2200/ide/plugins/com.nxp.mcuxpresso.tools.win32_10.3.0.201811011841/tools/bin/../lib/gcc/arm-none-eabi/7.3.1/../../../../arm-none-eabi/lib/thumb/v6-m\libc.a(lib_a-wsetup.o)
                0x0000734c                __swsetup_r
 .text.quorem   0x00007420      0x154 c:/nxp/mcuxpressoide_10.3.0_2200/ide/plugins/com.nxp.mcuxpresso.tools.win32_10.3.0.201811011841/tools/bin/../lib/gcc/arm-none-eabi/7.3.1/../../../../arm-none-eabi/lib/thumb/v6-m\libc.a(lib_a-dtoa.o)
 .text._dtoa_r  0x00007574      0xf4c c:/nxp/mcuxpressoide_10.3.0_2200/ide/plugins/com.nxp.mcuxpresso.tools.win32_10.3.0.201811011841/tools/bin/../lib/gcc/arm-none-eabi/7.3.1/../../../../arm-none-eabi/lib/thumb/v6-m\libc.a(lib_a-dtoa.o)
                0x00007574                _dtoa_r
 .text.__sflush_r
                0x000084c0      0x150 c:/nxp/mcuxpressoide_10.3.0_2200/ide/plugins/com.nxp.mcuxpresso.tools.win32_10.3.0.201811011841/tools/bin/../lib/gcc/arm-none-eabi/7.3.1/../../../../arm-none-eabi/lib/thumb/v6-m\libc.a(lib_a-fflush.o)
                0x000084c0                __sflush_r
 .text._fflush_r
                0x00008610       0x54 c:/nxp/mcuxpressoide_10.3.0_2200/ide/plugins/com.nxp.mcuxpresso.tools.win32_10.3.0.201811011841/tools/bin/../lib/gcc/arm-none-eabi/7.3.1/../../../../arm-none-eabi/lib/thumb/v6-m\libc.a(lib_a-fflush.o)
                0x00008610                _fflush_r
 .text.std      0x00008664       0x50 c:/nxp/mcuxpressoide_10.3.0_2200/ide/plugins/com.nxp.mcuxpresso.tools.win32_10.3.0.201811011841/tools/bin/../lib/gcc/arm-none-eabi/7.3.1/../../../../arm-none-eabi/lib/thumb/v6-m\libc.a(lib_a-findfp.o)
 .text._cleanup_r
                0x000086b4       0x10 c:/nxp/mcuxpressoide_10.3.0_2200/ide/plugins/com.nxp.mcuxpresso.tools.win32_10.3.0.201811011841/tools/bin/../lib/gcc/arm-none-eabi/7.3.1/../../../../arm-none-eabi/lib/thumb/v6-m\libc.a(lib_a-findfp.o)
                0x000086b4                _cleanup_r
 .text.__sinit  0x000086c4       0x60 c:/nxp/mcuxpressoide_10.3.0_2200/ide/plugins/com.nxp.mcuxpresso.tools.win32_10.3.0.201811011841/tools/bin/../lib/gcc/arm-none-eabi/7.3.1/../../../../arm-none-eabi/lib/thumb/v6-m\libc.a(lib_a-findfp.o)
                0x000086c4                __sinit
 .text.__sfp_lock_acquire
                0x00008724       0x10 c:/nxp/mcuxpressoide_10.3.0_2200/ide/plugins/com.nxp.mcuxpresso.tools.win32_10.3.0.201811011841/tools/bin/../lib/gcc/arm-none-eabi/7.3.1/../../../../arm-none-eabi/lib/thumb/v6-m\libc.a(lib_a-findfp.o)
                0x00008724                __sfp_lock_acquire
 .text.__sfp_lock_release
                0x00008734       0x10 c:/nxp/mcuxpressoide_10.3.0_2200/ide/plugins/com.nxp.mcuxpresso.tools.win32_10.3.0.201811011841/tools/bin/../lib/gcc/arm-none-eabi/7.3.1/../../../../arm-none-eabi/lib/thumb/v6-m\libc.a(lib_a-findfp.o)
                0x00008734                __sfp_lock_release
 .text._malloc_trim_r
                0x00008744       0xa0 c:/nxp/mcuxpressoide_10.3.0_2200/ide/plugins/com.nxp.mcuxpresso.tools.win32_10.3.0.201811011841/tools/bin/../lib/gcc/arm-none-eabi/7.3.1/../../../../arm-none-eabi/lib/thumb/v6-m\libc.a(lib_a-freer.o)
                0x00008744                _malloc_trim_r
 .text._free_r  0x000087e4      0x1d4 c:/nxp/mcuxpressoide_10.3.0_2200/ide/plugins/com.nxp.mcuxpresso.tools.win32_10.3.0.201811011841/tools/bin/../lib/gcc/arm-none-eabi/7.3.1/../../../../arm-none-eabi/lib/thumb/v6-m\libc.a(lib_a-freer.o)
                0x000087e4                _free_r
 .text.__sfvwrite_r
                0x000089b8      0x2fc c:/nxp/mcuxpressoide_10.3.0_2200/ide/plugins/com.nxp.mcuxpresso.tools.win32_10.3.0.201811011841/tools/bin/../lib/gcc/arm-none-eabi/7.3.1/../../../../arm-none-eabi/lib/thumb/v6-m\libc.a(lib_a-fvwrite.o)
                0x000089b8                __sfvwrite_r
 .text._fwalk_reent
                0x00008cb4       0x4c c:/nxp/mcuxpressoide_10.3.0_2200/ide/plugins/com.nxp.mcuxpresso.tools.win32_10.3.0.201811011841/tools/bin/../lib/gcc/arm-none-eabi/7.3.1/../../../../arm-none-eabi/lib/thumb/v6-m\libc.a(lib_a-fwalk.o)
                0x00008cb4                _fwalk_reent
 .text._localeconv_r
                0x00008d00       0x18 c:/nxp/mcuxpressoide_10.3.0_2200/ide/plugins/com.nxp.mcuxpresso.tools.win32_10.3.0.201811011841/tools/bin/../lib/gcc/arm-none-eabi/7.3.1/../../../../arm-none-eabi/lib/thumb/v6-m\libc.a(lib_a-localeconv.o)
                0x00008d00                _localeconv_r
 .text.__retarget_lock_init_recursive
                0x00008d18        0x4 c:/nxp/mcuxpressoide_10.3.0_2200/ide/plugins/com.nxp.mcuxpresso.tools.win32_10.3.0.201811011841/tools/bin/../lib/gcc/arm-none-eabi/7.3.1/../../../../arm-none-eabi/lib/thumb/v6-m\libc.a(lib_a-lock.o)
                0x00008d18                __retarget_lock_init_recursive
 .text.__retarget_lock_close_recursive
                0x00008d1c        0x4 c:/nxp/mcuxpressoide_10.3.0_2200/ide/plugins/com.nxp.mcuxpresso.tools.win32_10.3.0.201811011841/tools/bin/../lib/gcc/arm-none-eabi/7.3.1/../../../../arm-none-eabi/lib/thumb/v6-m\libc.a(lib_a-lock.o)
                0x00008d1c                __retarget_lock_close_recursive
 .text.__retarget_lock_acquire_recursive
                0x00008d20        0x4 c:/nxp/mcuxpressoide_10.3.0_2200/ide/plugins/com.nxp.mcuxpresso.tools.win32_10.3.0.201811011841/tools/bin/../lib/gcc/arm-none-eabi/7.3.1/../../../../arm-none-eabi/lib/thumb/v6-m\libc.a(lib_a-lock.o)
                0x00008d20                __retarget_lock_acquire_recursive
 .text.__retarget_lock_release_recursive
                0x00008d24        0x4 c:/nxp/mcuxpressoide_10.3.0_2200/ide/plugins/com.nxp.mcuxpresso.tools.win32_10.3.0.201811011841/tools/bin/../lib/gcc/arm-none-eabi/7.3.1/../../../../arm-none-eabi/lib/thumb/v6-m\libc.a(lib_a-lock.o)
                0x00008d24                __retarget_lock_release_recursive
 .text.__swhatbuf_r
                0x00008d28       0x60 c:/nxp/mcuxpressoide_10.3.0_2200/ide/plugins/com.nxp.mcuxpresso.tools.win32_10.3.0.201811011841/tools/bin/../lib/gcc/arm-none-eabi/7.3.1/../../../../arm-none-eabi/lib/thumb/v6-m\libc.a(lib_a-makebuf.o)
                0x00008d28                __swhatbuf_r
 .text.__smakebuf_r
                0x00008d88       0x90 c:/nxp/mcuxpressoide_10.3.0_2200/ide/plugins/com.nxp.mcuxpresso.tools.win32_10.3.0.201811011841/tools/bin/../lib/gcc/arm-none-eabi/7.3.1/../../../../arm-none-eabi/lib/thumb/v6-m\libc.a(lib_a-makebuf.o)
                0x00008d88                __smakebuf_r
 .text.memchr   0x00008e18       0x80 c:/nxp/mcuxpressoide_10.3.0_2200/ide/plugins/com.nxp.mcuxpresso.tools.win32_10.3.0.201811011841/tools/bin/../lib/gcc/arm-none-eabi/7.3.1/../../../../arm-none-eabi/lib/thumb/v6-m\libc.a(lib_a-memchr-stub.o)
                0x00008e18                memchr
 .text.memmove  0x00008e98       0x9c c:/nxp/mcuxpressoide_10.3.0_2200/ide/plugins/com.nxp.mcuxpresso.tools.win32_10.3.0.201811011841/tools/bin/../lib/gcc/arm-none-eabi/7.3.1/../../../../arm-none-eabi/lib/thumb/v6-m\libc.a(lib_a-memmove.o)
                0x00008e98                memmove
 .text._Balloc  0x00008f34       0x50 c:/nxp/mcuxpressoide_10.3.0_2200/ide/plugins/com.nxp.mcuxpresso.tools.win32_10.3.0.201811011841/tools/bin/../lib/gcc/arm-none-eabi/7.3.1/../../../../arm-none-eabi/lib/thumb/v6-m\libc.a(lib_a-mprec.o)
                0x00008f34                _Balloc
 .text._Bfree   0x00008f84       0x14 c:/nxp/mcuxpressoide_10.3.0_2200/ide/plugins/com.nxp.mcuxpresso.tools.win32_10.3.0.201811011841/tools/bin/../lib/gcc/arm-none-eabi/7.3.1/../../../../arm-none-eabi/lib/thumb/v6-m\libc.a(lib_a-mprec.o)
                0x00008f84                _Bfree
 .text.__multadd
                0x00008f98       0x8c c:/nxp/mcuxpressoide_10.3.0_2200/ide/plugins/com.nxp.mcuxpresso.tools.win32_10.3.0.201811011841/tools/bin/../lib/gcc/arm-none-eabi/7.3.1/../../../../arm-none-eabi/lib/thumb/v6-m\libc.a(lib_a-mprec.o)
                0x00008f98                __multadd
 .text.__hi0bits
                0x00009024       0x38 c:/nxp/mcuxpressoide_10.3.0_2200/ide/plugins/com.nxp.mcuxpresso.tools.win32_10.3.0.201811011841/tools/bin/../lib/gcc/arm-none-eabi/7.3.1/../../../../arm-none-eabi/lib/thumb/v6-m\libc.a(lib_a-mprec.o)
                0x00009024                __hi0bits
 .text.__lo0bits
                0x0000905c       0x5c c:/nxp/mcuxpressoide_10.3.0_2200/ide/plugins/com.nxp.mcuxpresso.tools.win32_10.3.0.201811011841/tools/bin/../lib/gcc/arm-none-eabi/7.3.1/../../../../arm-none-eabi/lib/thumb/v6-m\libc.a(lib_a-mprec.o)
                0x0000905c                __lo0bits
 .text.__i2b    0x000090b8       0x14 c:/nxp/mcuxpressoide_10.3.0_2200/ide/plugins/com.nxp.mcuxpresso.tools.win32_10.3.0.201811011841/tools/bin/../lib/gcc/arm-none-eabi/7.3.1/../../../../arm-none-eabi/lib/thumb/v6-m\libc.a(lib_a-mprec.o)
                0x000090b8                __i2b
 .text.__multiply
                0x000090cc      0x178 c:/nxp/mcuxpressoide_10.3.0_2200/ide/plugins/com.nxp.mcuxpresso.tools.win32_10.3.0.201811011841/tools/bin/../lib/gcc/arm-none-eabi/7.3.1/../../../../arm-none-eabi/lib/thumb/v6-m\libc.a(lib_a-mprec.o)
                0x000090cc                __multiply
 .text.__pow5mult
                0x00009244       0xc0 c:/nxp/mcuxpressoide_10.3.0_2200/ide/plugins/com.nxp.mcuxpresso.tools.win32_10.3.0.201811011841/tools/bin/../lib/gcc/arm-none-eabi/7.3.1/../../../../arm-none-eabi/lib/thumb/v6-m\libc.a(lib_a-mprec.o)
                0x00009244                __pow5mult
 .text.__lshift
                0x00009304       0xc8 c:/nxp/mcuxpressoide_10.3.0_2200/ide/plugins/com.nxp.mcuxpresso.tools.win32_10.3.0.201811011841/tools/bin/../lib/gcc/arm-none-eabi/7.3.1/../../../../arm-none-eabi/lib/thumb/v6-m\libc.a(lib_a-mprec.o)
                0x00009304                __lshift
 .text.__mcmp   0x000093cc       0x34 c:/nxp/mcuxpressoide_10.3.0_2200/ide/plugins/com.nxp.mcuxpresso.tools.win32_10.3.0.201811011841/tools/bin/../lib/gcc/arm-none-eabi/7.3.1/../../../../arm-none-eabi/lib/thumb/v6-m\libc.a(lib_a-mprec.o)
                0x000093cc                __mcmp
 .text.__mdiff  0x00009400      0x124 c:/nxp/mcuxpressoide_10.3.0_2200/ide/plugins/com.nxp.mcuxpresso.tools.win32_10.3.0.201811011841/tools/bin/../lib/gcc/arm-none-eabi/7.3.1/../../../../arm-none-eabi/lib/thumb/v6-m\libc.a(lib_a-mprec.o)
                0x00009400                __mdiff
 .text.__d2b    0x00009524       0xbc c:/nxp/mcuxpressoide_10.3.0_2200/ide/plugins/com.nxp.mcuxpresso.tools.win32_10.3.0.201811011841/tools/bin/../lib/gcc/arm-none-eabi/7.3.1/../../../../arm-none-eabi/lib/thumb/v6-m\libc.a(lib_a-mprec.o)
                0x00009524                __d2b
 .text._realloc_r
                0x000095e0      0x3b0 c:/nxp/mcuxpressoide_10.3.0_2200/ide/plugins/com.nxp.mcuxpresso.tools.win32_10.3.0.201811011841/tools/bin/../lib/gcc/arm-none-eabi/7.3.1/../../../../arm-none-eabi/lib/thumb/v6-m\libc.a(lib_a-reallocr.o)
                0x000095e0                _realloc_r
 .text.frexp    0x00009990       0x64 c:/nxp/mcuxpressoide_10.3.0_2200/ide/plugins/com.nxp.mcuxpresso.tools.win32_10.3.0.201811011841/tools/bin/../lib/gcc/arm-none-eabi/7.3.1/../../../../arm-none-eabi/lib/thumb/v6-m\libc.a(lib_a-s_frexp.o)
                0x00009990                frexp
 .text.__sread  0x000099f4       0x28 c:/nxp/mcuxpressoide_10.3.0_2200/ide/plugins/com.nxp.mcuxpresso.tools.win32_10.3.0.201811011841/tools/bin/../lib/gcc/arm-none-eabi/7.3.1/../../../../arm-none-eabi/lib/thumb/v6-m\libc.a(lib_a-stdio.o)
                0x000099f4                __sread
 .text.__swrite
                0x00009a1c       0x3c c:/nxp/mcuxpressoide_10.3.0_2200/ide/plugins/com.nxp.mcuxpresso.tools.win32_10.3.0.201811011841/tools/bin/../lib/gcc/arm-none-eabi/7.3.1/../../../../arm-none-eabi/lib/thumb/v6-m\libc.a(lib_a-stdio.o)
                0x00009a1c                __swrite
 .text.__sseek  0x00009a58       0x2c c:/nxp/mcuxpressoide_10.3.0_2200/ide/plugins/com.nxp.mcuxpresso.tools.win32_10.3.0.201811011841/tools/bin/../lib/gcc/arm-none-eabi/7.3.1/../../../../arm-none-eabi/lib/thumb/v6-m\libc.a(lib_a-stdio.o)
                0x00009a58                __sseek
 .text.__sclose
                0x00009a84        0xc c:/nxp/mcuxpressoide_10.3.0_2200/ide/plugins/com.nxp.mcuxpresso.tools.win32_10.3.0.201811011841/tools/bin/../lib/gcc/arm-none-eabi/7.3.1/../../../../arm-none-eabi/lib/thumb/v6-m\libc.a(lib_a-stdio.o)
                0x00009a84                __sclose
 .text.strncpy  0x00009a90       0x8c c:/nxp/mcuxpressoide_10.3.0_2200/ide/plugins/com.nxp.mcuxpresso.tools.win32_10.3.0.201811011841/tools/bin/../lib/gcc/arm-none-eabi/7.3.1/../../../../arm-none-eabi/lib/thumb/v6-m\libc.a(lib_a-strncpy.o)
                0x00009a90                strncpy
 .text.__sprint_r.part.0
                0x00009b1c       0x80 c:/nxp/mcuxpressoide_10.3.0_2200/ide/plugins/com.nxp.mcuxpresso.tools.win32_10.3.0.201811011841/tools/bin/../lib/gcc/arm-none-eabi/7.3.1/../../../../arm-none-eabi/lib/thumb/v6-m\libc.a(lib_a-vfiprintf.o)
 .text.__sprint_r
                0x00009b9c       0x14 c:/nxp/mcuxpressoide_10.3.0_2200/ide/plugins/com.nxp.mcuxpresso.tools.win32_10.3.0.201811011841/tools/bin/../lib/gcc/arm-none-eabi/7.3.1/../../../../arm-none-eabi/lib/thumb/v6-m\libc.a(lib_a-vfiprintf.o)
                0x00009b9c                __sprint_r
 .text._write_r
                0x00009bb0       0x28 c:/nxp/mcuxpressoide_10.3.0_2200/ide/plugins/com.nxp.mcuxpresso.tools.win32_10.3.0.201811011841/tools/bin/../lib/gcc/arm-none-eabi/7.3.1/../../../../arm-none-eabi/lib/thumb/v6-m\libc.a(lib_a-writer.o)
                0x00009bb0                _write_r
 .text._calloc_r
                0x00009bd8       0x58 c:/nxp/mcuxpressoide_10.3.0_2200/ide/plugins/com.nxp.mcuxpresso.tools.win32_10.3.0.201811011841/tools/bin/../lib/gcc/arm-none-eabi/7.3.1/../../../../arm-none-eabi/lib/thumb/v6-m\libc.a(lib_a-callocr.o)
                0x00009bd8                _calloc_r
 .text._close_r
                0x00009c30       0x24 c:/nxp/mcuxpressoide_10.3.0_2200/ide/plugins/com.nxp.mcuxpresso.tools.win32_10.3.0.201811011841/tools/bin/../lib/gcc/arm-none-eabi/7.3.1/../../../../arm-none-eabi/lib/thumb/v6-m\libc.a(lib_a-closer.o)
                0x00009c30                _close_r
 .text._fclose_r
                0x00009c54       0xd8 c:/nxp/mcuxpressoide_10.3.0_2200/ide/plugins/com.nxp.mcuxpresso.tools.win32_10.3.0.201811011841/tools/bin/../lib/gcc/arm-none-eabi/7.3.1/../../../../arm-none-eabi/lib/thumb/v6-m\libc.a(lib_a-fclose.o)
                0x00009c54                _fclose_r
 .text.__fputwc
                0x00009d2c       0x94 c:/nxp/mcuxpressoide_10.3.0_2200/ide/plugins/com.nxp.mcuxpresso.tools.win32_10.3.0.201811011841/tools/bin/../lib/gcc/arm-none-eabi/7.3.1/../../../../arm-none-eabi/lib/thumb/v6-m\libc.a(lib_a-fputwc.o)
                0x00009d2c                __fputwc
 .text._fputwc_r
                0x00009dc0       0x5c c:/nxp/mcuxpressoide_10.3.0_2200/ide/plugins/com.nxp.mcuxpresso.tools.win32_10.3.0.201811011841/tools/bin/../lib/gcc/arm-none-eabi/7.3.1/../../../../arm-none-eabi/lib/thumb/v6-m\libc.a(lib_a-fputwc.o)
                0x00009dc0                _fputwc_r
 .text._fstat_r
                0x00009e1c       0x28 c:/nxp/mcuxpressoide_10.3.0_2200/ide/plugins/com.nxp.mcuxpresso.tools.win32_10.3.0.201811011841/tools/bin/../lib/gcc/arm-none-eabi/7.3.1/../../../../arm-none-eabi/lib/thumb/v6-m\libc.a(lib_a-fstatr.o)
                0x00009e1c                _fstat_r
 .text._isatty_r
                0x00009e44       0x24 c:/nxp/mcuxpressoide_10.3.0_2200/ide/plugins/com.nxp.mcuxpresso.tools.win32_10.3.0.201811011841/tools/bin/../lib/gcc/arm-none-eabi/7.3.1/../../../../arm-none-eabi/lib/thumb/v6-m\libc.a(lib_a-isattyr.o)
                0x00009e44                _isatty_r
 .text.__locale_mb_cur_max
                0x00009e68       0x1c c:/nxp/mcuxpressoide_10.3.0_2200/ide/plugins/com.nxp.mcuxpresso.tools.win32_10.3.0.201811011841/tools/bin/../lib/gcc/arm-none-eabi/7.3.1/../../../../arm-none-eabi/lib/thumb/v6-m\libc.a(lib_a-locale.o)
                0x00009e68                __locale_mb_cur_max
 .text._lseek_r
                0x00009e84       0x28 c:/nxp/mcuxpressoide_10.3.0_2200/ide/plugins/com.nxp.mcuxpresso.tools.win32_10.3.0.201811011841/tools/bin/../lib/gcc/arm-none-eabi/7.3.1/../../../../arm-none-eabi/lib/thumb/v6-m\libc.a(lib_a-lseekr.o)
                0x00009e84                _lseek_r
 .text.__ascii_mbtowc
                0x00009eac       0x2c c:/nxp/mcuxpressoide_10.3.0_2200/ide/plugins/com.nxp.mcuxpresso.tools.win32_10.3.0.201811011841/tools/bin/../lib/gcc/arm-none-eabi/7.3.1/../../../../arm-none-eabi/lib/thumb/v6-m\libc.a(lib_a-mbtowc_r.o)
                0x00009eac                __ascii_mbtowc
 .text._read_r  0x00009ed8       0x28 c:/nxp/mcuxpressoide_10.3.0_2200/ide/plugins/com.nxp.mcuxpresso.tools.win32_10.3.0.201811011841/tools/bin/../lib/gcc/arm-none-eabi/7.3.1/../../../../arm-none-eabi/lib/thumb/v6-m\libc.a(lib_a-readr.o)
                0x00009ed8                _read_r
 .text          0x00009f00       0x88 c:/nxp/mcuxpressoide_10.3.0_2200/ide/plugins/com.nxp.mcuxpresso.tools.win32_10.3.0.201811011841/tools/bin/../lib/gcc/arm-none-eabi/7.3.1/../../../../arm-none-eabi/lib/thumb/v6-m\libc.a(lib_a-strcmp.o)
                0x00009f00                strcmp
 .text.__swbuf_r
                0x00009f88       0xc8 c:/nxp/mcuxpressoide_10.3.0_2200/ide/plugins/com.nxp.mcuxpresso.tools.win32_10.3.0.201811011841/tools/bin/../lib/gcc/arm-none-eabi/7.3.1/../../../../arm-none-eabi/lib/thumb/v6-m\libc.a(lib_a-wbuf.o)
                0x00009f88                __swbuf_r
 .text._wcrtomb_r
                0x0000a050       0x58 c:/nxp/mcuxpressoide_10.3.0_2200/ide/plugins/com.nxp.mcuxpresso.tools.win32_10.3.0.201811011841/tools/bin/../lib/gcc/arm-none-eabi/7.3.1/../../../../arm-none-eabi/lib/thumb/v6-m\libc.a(lib_a-wcrtomb.o)
                0x0000a050                _wcrtomb_r
 .text.__ascii_wctomb
                0x0000a0a8       0x1c c:/nxp/mcuxpressoide_10.3.0_2200/ide/plugins/com.nxp.mcuxpresso.tools.win32_10.3.0.201811011841/tools/bin/../lib/gcc/arm-none-eabi/7.3.1/../../../../arm-none-eabi/lib/thumb/v6-m\libc.a(lib_a-wctomb_r.o)
                0x0000a0a8                __ascii_wctomb
 .text._ZL28read_encoded_value_with_basehjPKhPj
                0x0000a0c4      0x108 c:/nxp/mcuxpressoide_10.3.0_2200/ide/plugins/com.nxp.mcuxpresso.tools.win32_10.3.0.201811011841/tools/bin/../lib/gcc/arm-none-eabi/7.3.1/../../../../arm-none-eabi/lib/thumb/v6-m\libstdc++.a(eh_personality.o)
 .text._ZL21base_of_encoded_valuehP15_Unwind_Context.part.3
                0x0000a1cc       0x40 c:/nxp/mcuxpressoide_10.3.0_2200/ide/plugins/com.nxp.mcuxpresso.tools.win32_10.3.0.201811011841/tools/bin/../lib/gcc/arm-none-eabi/7.3.1/../../../../arm-none-eabi/lib/thumb/v6-m\libstdc++.a(eh_personality.o)
 .text._ZL17parse_lsda_headerP15_Unwind_ContextPKhP16lsda_header_info
                0x0000a20c       0x9c c:/nxp/mcuxpressoide_10.3.0_2200/ide/plugins/com.nxp.mcuxpresso.tools.win32_10.3.0.201811011841/tools/bin/../lib/gcc/arm-none-eabi/7.3.1/../../../../arm-none-eabi/lib/thumb/v6-m\libstdc++.a(eh_personality.o)
 .text.__gxx_personality_v0
                0x0000a2a8      0x4c8 c:/nxp/mcuxpressoide_10.3.0_2200/ide/plugins/com.nxp.mcuxpresso.tools.win32_10.3.0.201811011841/tools/bin/../lib/gcc/arm-none-eabi/7.3.1/../../../../arm-none-eabi/lib/thumb/v6-m\libstdc++.a(eh_personality.o)
                0x0000a2a8                __gxx_personality_v0
 .text._ZN10__cxxabiv1L24__is_gxx_exception_classEPc
                0x0000a770       0x3c c:/nxp/mcuxpressoide_10.3.0_2200/ide/plugins/com.nxp.mcuxpresso.tools.win32_10.3.0.201811011841/tools/bin/../lib/gcc/arm-none-eabi/7.3.1/../../../../arm-none-eabi/lib/thumb/v6-m\libstdc++.a(eh_call.o)
 .text.__cxa_call_terminate
                0x0000a7ac       0x20 c:/nxp/mcuxpressoide_10.3.0_2200/ide/plugins/com.nxp.mcuxpresso.tools.win32_10.3.0.201811011841/tools/bin/../lib/gcc/arm-none-eabi/7.3.1/../../../../arm-none-eabi/lib/thumb/v6-m\libstdc++.a(eh_call.o)
                0x0000a7ac                __cxa_call_terminate
 .text.__cxa_call_unexpected
                0x0000a7cc       0xf4 c:/nxp/mcuxpressoide_10.3.0_2200/ide/plugins/com.nxp.mcuxpresso.tools.win32_10.3.0.201811011841/tools/bin/../lib/gcc/arm-none-eabi/7.3.1/../../../../arm-none-eabi/lib/thumb/v6-m\libstdc++.a(eh_call.o)
                0x0000a7cc                __cxa_call_unexpected
 .text.__cxa_begin_catch
                0x0000a8c0       0x78 c:/nxp/mcuxpressoide_10.3.0_2200/ide/plugins/com.nxp.mcuxpresso.tools.win32_10.3.0.201811011841/tools/bin/../lib/gcc/arm-none-eabi/7.3.1/../../../../arm-none-eabi/lib/thumb/v6-m\libstdc++.a(eh_catch.o)
                0x0000a8c0                __cxa_begin_catch
 .text.__cxa_end_catch
                0x0000a938       0x8c c:/nxp/mcuxpressoide_10.3.0_2200/ide/plugins/com.nxp.mcuxpresso.tools.win32_10.3.0.201811011841/tools/bin/../lib/gcc/arm-none-eabi/7.3.1/../../../../arm-none-eabi/lib/thumb/v6-m\libstdc++.a(eh_catch.o)
                0x0000a938                __cxa_end_catch
 .text.__cxa_get_globals_fast
                0x0000a9c4        0x8 c:/nxp/mcuxpressoide_10.3.0_2200/ide/plugins/com.nxp.mcuxpresso.tools.win32_10.3.0.201811011841/tools/bin/../lib/gcc/arm-none-eabi/7.3.1/../../../../arm-none-eabi/lib/thumb/v6-m\libstdc++.a(eh_globals.o)
                0x0000a9c4                __cxa_get_globals_fast
 .text.__cxa_get_globals
                0x0000a9cc        0x8 c:/nxp/mcuxpressoide_10.3.0_2200/ide/plugins/com.nxp.mcuxpresso.tools.win32_10.3.0.201811011841/tools/bin/../lib/gcc/arm-none-eabi/7.3.1/../../../../arm-none-eabi/lib/thumb/v6-m\libstdc++.a(eh_globals.o)
                0x0000a9cc                __cxa_get_globals
 .text._ZN10__cxxabiv111__terminateEPFvvE
                0x0000a9d4       0x28 c:/nxp/mcuxpressoide_10.3.0_2200/ide/plugins/com.nxp.mcuxpresso.tools.win32_10.3.0.201811011841/tools/bin/../lib/gcc/arm-none-eabi/7.3.1/../../../../arm-none-eabi/lib/thumb/v6-m\libstdc++.a(eh_terminate.o)
                0x0000a9d4                __cxxabiv1::__terminate(void (*)())
 .text._ZSt9terminatev
                0x0000a9fc       0x10 c:/nxp/mcuxpressoide_10.3.0_2200/ide/plugins/com.nxp.mcuxpresso.tools.win32_10.3.0.201811011841/tools/bin/../lib/gcc/arm-none-eabi/7.3.1/../../../../arm-none-eabi/lib/thumb/v6-m\libstdc++.a(eh_terminate.o)
                0x0000a9fc                std::terminate()
 .text._ZN10__cxxabiv112__unexpectedEPFvvE
                0x0000aa0c        0x8 c:/nxp/mcuxpressoide_10.3.0_2200/ide/plugins/com.nxp.mcuxpresso.tools.win32_10.3.0.201811011841/tools/bin/../lib/gcc/arm-none-eabi/7.3.1/../../../../arm-none-eabi/lib/thumb/v6-m\libstdc++.a(eh_terminate.o)
                0x0000aa0c                __cxxabiv1::__unexpected(void (*)())
 .text._ZSt10unexpectedv
                0x0000aa14       0x10 c:/nxp/mcuxpressoide_10.3.0_2200/ide/plugins/com.nxp.mcuxpresso.tools.win32_10.3.0.201811011841/tools/bin/../lib/gcc/arm-none-eabi/7.3.1/../../../../arm-none-eabi/lib/thumb/v6-m\libstdc++.a(eh_terminate.o)
                0x0000aa14                std::unexpected()
 .text._ZSt13get_terminatev
                0x0000aa24        0xc c:/nxp/mcuxpressoide_10.3.0_2200/ide/plugins/com.nxp.mcuxpresso.tools.win32_10.3.0.201811011841/tools/bin/../lib/gcc/arm-none-eabi/7.3.1/../../../../arm-none-eabi/lib/thumb/v6-m\libstdc++.a(eh_terminate.o)
                0x0000aa24                std::get_terminate()
 .text._ZSt14get_unexpectedv
                0x0000aa30        0xc c:/nxp/mcuxpressoide_10.3.0_2200/ide/plugins/com.nxp.mcuxpresso.tools.win32_10.3.0.201811011841/tools/bin/../lib/gcc/arm-none-eabi/7.3.1/../../../../arm-none-eabi/lib/thumb/v6-m\libstdc++.a(eh_terminate.o)
                0x0000aa30                std::get_unexpected()
 .text.__cxa_type_match
                0x0000aa3c       0xc0 c:/nxp/mcuxpressoide_10.3.0_2200/ide/plugins/com.nxp.mcuxpresso.tools.win32_10.3.0.201811011841/tools/bin/../lib/gcc/arm-none-eabi/7.3.1/../../../../arm-none-eabi/lib/thumb/v6-m\libstdc++.a(eh_arm.o)
                0x0000aa3c                __cxa_type_match
 .text.__cxa_begin_cleanup
                0x0000aafc       0x60 c:/nxp/mcuxpressoide_10.3.0_2200/ide/plugins/com.nxp.mcuxpresso.tools.win32_10.3.0.201811011841/tools/bin/../lib/gcc/arm-none-eabi/7.3.1/../../../../arm-none-eabi/lib/thumb/v6-m\libstdc++.a(eh_arm.o)
                0x0000aafc                __cxa_begin_cleanup
 .text.__gnu_end_cleanup
                0x0000ab5c       0x70 c:/nxp/mcuxpressoide_10.3.0_2200/ide/plugins/com.nxp.mcuxpresso.tools.win32_10.3.0.201811011841/tools/bin/../lib/gcc/arm-none-eabi/7.3.1/../../../../arm-none-eabi/lib/thumb/v6-m\libstdc++.a(eh_arm.o)
                0x0000ab5c                __gnu_end_cleanup
 .text._ZL23__gxx_exception_cleanup19_Unwind_Reason_CodeP21_Unwind_Control_Block
                0x0000abcc       0x34 c:/nxp/mcuxpressoide_10.3.0_2200/ide/plugins/com.nxp.mcuxpresso.tools.win32_10.3.0.201811011841/tools/bin/../lib/gcc/arm-none-eabi/7.3.1/../../../../arm-none-eabi/lib/thumb/v6-m\libstdc++.a(eh_throw.o)
 .text.__cxa_init_primary_exception
                0x0000ac00       0x4c c:/nxp/mcuxpressoide_10.3.0_2200/ide/plugins/com.nxp.mcuxpresso.tools.win32_10.3.0.201811011841/tools/bin/../lib/gcc/arm-none-eabi/7.3.1/../../../../arm-none-eabi/lib/thumb/v6-m\libstdc++.a(eh_throw.o)
                0x0000ac00                __cxa_init_primary_exception
 .text.__cxa_throw
                0x0000ac4c       0x34 c:/nxp/mcuxpressoide_10.3.0_2200/ide/plugins/com.nxp.mcuxpresso.tools.win32_10.3.0.201811011841/tools/bin/../lib/gcc/arm-none-eabi/7.3.1/../../../../arm-none-eabi/lib/thumb/v6-m\libstdc++.a(eh_throw.o)
                0x0000ac4c                __cxa_throw
 .text.__cxa_rethrow
                0x0000ac80       0x70 c:/nxp/mcuxpressoide_10.3.0_2200/ide/plugins/com.nxp.mcuxpresso.tools.win32_10.3.0.201811011841/tools/bin/../lib/gcc/arm-none-eabi/7.3.1/../../../../arm-none-eabi/lib/thumb/v6-m\libstdc++.a(eh_throw.o)
                0x0000ac80                __cxa_rethrow
 .text._ZN10__cxxabiv120__si_class_type_infoD2Ev
                0x0000acf0       0x18 c:/nxp/mcuxpressoide_10.3.0_2200/ide/plugins/com.nxp.mcuxpresso.tools.win32_10.3.0.201811011841/tools/bin/../lib/gcc/arm-none-eabi/7.3.1/../../../../arm-none-eabi/lib/thumb/v6-m\libstdc++.a(si_class_type_info.o)
                0x0000acf0                __cxxabiv1::__si_class_type_info::~__si_class_type_info()
                0x0000acf0                __cxxabiv1::__si_class_type_info::~__si_class_type_info()
 .text._ZN10__cxxabiv120__si_class_type_infoD0Ev
                0x0000ad08       0x20 c:/nxp/mcuxpressoide_10.3.0_2200/ide/plugins/com.nxp.mcuxpresso.tools.win32_10.3.0.201811011841/tools/bin/../lib/gcc/arm-none-eabi/7.3.1/../../../../arm-none-eabi/lib/thumb/v6-m\libstdc++.a(si_class_type_info.o)
                0x0000ad08                __cxxabiv1::__si_class_type_info::~__si_class_type_info()
 .text._ZNK10__cxxabiv120__si_class_type_info20__do_find_public_srcEiPKvPKNS_17__class_type_infoES2_
                0x0000ad28       0x38 c:/nxp/mcuxpressoide_10.3.0_2200/ide/plugins/com.nxp.mcuxpresso.tools.win32_10.3.0.201811011841/tools/bin/../lib/gcc/arm-none-eabi/7.3.1/../../../../arm-none-eabi/lib/thumb/v6-m\libstdc++.a(si_class_type_info.o)
                0x0000ad28                __cxxabiv1::__si_class_type_info::__do_find_public_src(int, void const*, __cxxabiv1::__class_type_info const*, void const*) const
 .text._ZNK10__cxxabiv120__si_class_type_info12__do_dyncastEiNS_17__class_type_info10__sub_kindEPKS1_PKvS4_S6_RNS1_16__dyncast_resultE
                0x0000ad60       0x94 c:/nxp/mcuxpressoide_10.3.0_2200/ide/plugins/com.nxp.mcuxpresso.tools.win32_10.3.0.201811011841/tools/bin/../lib/gcc/arm-none-eabi/7.3.1/../../../../arm-none-eabi/lib/thumb/v6-m\libstdc++.a(si_class_type_info.o)
                0x0000ad60                __cxxabiv1::__si_class_type_info::__do_dyncast(int, __cxxabiv1::__class_type_info::__sub_kind, __cxxabiv1::__class_type_info const*, void const*, __cxxabiv1::__class_type_info const*, void const*, __cxxabiv1::__class_type_info::__dyncast_result&) const
 .text._ZNK10__cxxabiv120__si_class_type_info11__do_upcastEPKNS_17__class_type_infoEPKvRNS1_15__upcast_resultE
                0x0000adf4       0x24 c:/nxp/mcuxpressoide_10.3.0_2200/ide/plugins/com.nxp.mcuxpresso.tools.win32_10.3.0.201811011841/tools/bin/../lib/gcc/arm-none-eabi/7.3.1/../../../../arm-none-eabi/lib/thumb/v6-m\libstdc++.a(si_class_type_info.o)
                0x0000adf4                __cxxabiv1::__si_class_type_info::__do_upcast(__cxxabiv1::__class_type_info const*, void const*, __cxxabiv1::__class_type_info::__upcast_result&) const
 .text._ZNSt9type_infoD2Ev
                0x0000ae18        0x4 c:/nxp/mcuxpressoide_10.3.0_2200/ide/plugins/com.nxp.mcuxpresso.tools.win32_10.3.0.201811011841/tools/bin/../lib/gcc/arm-none-eabi/7.3.1/../../../../arm-none-eabi/lib/thumb/v6-m\libstdc++.a(tinfo.o)
                0x0000ae18                std::type_info::~type_info()
                0x0000ae18                std::type_info::~type_info()
 .text._ZNKSt9type_info14__is_pointer_pEv
                0x0000ae1c        0x4 c:/nxp/mcuxpressoide_10.3.0_2200/ide/plugins/com.nxp.mcuxpresso.tools.win32_10.3.0.201811011841/tools/bin/../lib/gcc/arm-none-eabi/7.3.1/../../../../arm-none-eabi/lib/thumb/v6-m\libstdc++.a(tinfo.o)
                0x0000ae1c                std::type_info::__is_pointer_p() const
                0x0000ae1c                std::type_info::__is_function_p() const
 .text._ZNKSt9type_infoeqERKS_
                0x0000ae20       0x30 c:/nxp/mcuxpressoide_10.3.0_2200/ide/plugins/com.nxp.mcuxpresso.tools.win32_10.3.0.201811011841/tools/bin/../lib/gcc/arm-none-eabi/7.3.1/../../../../arm-none-eabi/lib/thumb/v6-m\libstdc++.a(tinfo.o)
                0x0000ae20                std::type_info::operator==(std::type_info const&) const
 .text._ZNK10__cxxabiv117__class_type_info11__do_upcastEPKS0_PPv
                0x0000ae50       0x38 c:/nxp/mcuxpressoide_10.3.0_2200/ide/plugins/com.nxp.mcuxpresso.tools.win32_10.3.0.201811011841/tools/bin/../lib/gcc/arm-none-eabi/7.3.1/../../../../arm-none-eabi/lib/thumb/v6-m\libstdc++.a(class_type_info.o)
                0x0000ae50                __cxxabiv1::__class_type_info::__do_upcast(__cxxabiv1::__class_type_info const*, void**) const
 .text._ZNK10__cxxabiv117__class_type_info20__do_find_public_srcEiPKvPKS0_S2_
                0x0000ae88       0x14 c:/nxp/mcuxpressoide_10.3.0_2200/ide/plugins/com.nxp.mcuxpresso.tools.win32_10.3.0.201811011841/tools/bin/../lib/gcc/arm-none-eabi/7.3.1/../../../../arm-none-eabi/lib/thumb/v6-m\libstdc++.a(class_type_info.o)
                0x0000ae88                __cxxabiv1::__class_type_info::__do_find_public_src(int, void const*, __cxxabiv1::__class_type_info const*, void const*) const
 .text._ZN10__cxxabiv117__class_type_infoD2Ev
                0x0000ae9c       0x18 c:/nxp/mcuxpressoide_10.3.0_2200/ide/plugins/com.nxp.mcuxpresso.tools.win32_10.3.0.201811011841/tools/bin/../lib/gcc/arm-none-eabi/7.3.1/../../../../arm-none-eabi/lib/thumb/v6-m\libstdc++.a(class_type_info.o)
                0x0000ae9c                __cxxabiv1::__class_type_info::~__class_type_info()
                0x0000ae9c                __cxxabiv1::__class_type_info::~__class_type_info()
 .text._ZN10__cxxabiv117__class_type_infoD0Ev
                0x0000aeb4       0x20 c:/nxp/mcuxpressoide_10.3.0_2200/ide/plugins/com.nxp.mcuxpresso.tools.win32_10.3.0.201811011841/tools/bin/../lib/gcc/arm-none-eabi/7.3.1/../../../../arm-none-eabi/lib/thumb/v6-m\libstdc++.a(class_type_info.o)
                0x0000aeb4                __cxxabiv1::__class_type_info::~__class_type_info()
 .text._ZNK10__cxxabiv117__class_type_info12__do_dyncastEiNS0_10__sub_kindEPKS0_PKvS3_S5_RNS0_16__dyncast_resultE
                0x0000aed4       0x40 c:/nxp/mcuxpressoide_10.3.0_2200/ide/plugins/com.nxp.mcuxpresso.tools.win32_10.3.0.201811011841/tools/bin/../lib/gcc/arm-none-eabi/7.3.1/../../../../arm-none-eabi/lib/thumb/v6-m\libstdc++.a(class_type_info.o)
                0x0000aed4                __cxxabiv1::__class_type_info::__do_dyncast(int, __cxxabiv1::__class_type_info::__sub_kind, __cxxabiv1::__class_type_info const*, void const*, __cxxabiv1::__class_type_info const*, void const*, __cxxabiv1::__class_type_info::__dyncast_result&) const
 .text._ZNK10__cxxabiv117__class_type_info11__do_upcastEPKS0_PKvRNS0_15__upcast_resultE
                0x0000af14       0x1c c:/nxp/mcuxpressoide_10.3.0_2200/ide/plugins/com.nxp.mcuxpresso.tools.win32_10.3.0.201811011841/tools/bin/../lib/gcc/arm-none-eabi/7.3.1/../../../../arm-none-eabi/lib/thumb/v6-m\libstdc++.a(class_type_info.o)
                0x0000af14                __cxxabiv1::__class_type_info::__do_upcast(__cxxabiv1::__class_type_info const*, void const*, __cxxabiv1::__class_type_info::__upcast_result&) const
 .text._ZNK10__cxxabiv117__class_type_info10__do_catchEPKSt9type_infoPPvj
                0x0000af30       0x28 c:/nxp/mcuxpressoide_10.3.0_2200/ide/plugins/com.nxp.mcuxpresso.tools.win32_10.3.0.201811011841/tools/bin/../lib/gcc/arm-none-eabi/7.3.1/../../../../arm-none-eabi/lib/thumb/v6-m\libstdc++.a(class_type_info.o)
                0x0000af30                __cxxabiv1::__class_type_info::__do_catch(std::type_info const*, void**, unsigned int) const
 .text._ZNSt13bad_exceptionD2Ev
                0x0000af58        0x4 c:/nxp/mcuxpressoide_10.3.0_2200/ide/plugins/com.nxp.mcuxpresso.tools.win32_10.3.0.201811011841/tools/bin/../lib/gcc/arm-none-eabi/7.3.1/../../../../arm-none-eabi/lib/thumb/v6-m\libstdc++.a(eh_exception.o)
                0x0000af58                std::bad_exception::~bad_exception()
                0x0000af58                std::bad_exception::~bad_exception()
 .text._ZNKSt13bad_exception4whatEv
                0x0000af5c        0x8 c:/nxp/mcuxpressoide_10.3.0_2200/ide/plugins/com.nxp.mcuxpresso.tools.win32_10.3.0.201811011841/tools/bin/../lib/gcc/arm-none-eabi/7.3.1/../../../../arm-none-eabi/lib/thumb/v6-m\libstdc++.a(eh_exception.o)
                0x0000af5c                std::bad_exception::what() const
                0x0000af5c                transaction clone for std::bad_exception::what() const
 .text._ZNSt13bad_exceptionD0Ev
                0x0000af64       0x10 c:/nxp/mcuxpressoide_10.3.0_2200/ide/plugins/com.nxp.mcuxpresso.tools.win32_10.3.0.201811011841/tools/bin/../lib/gcc/arm-none-eabi/7.3.1/../../../../arm-none-eabi/lib/thumb/v6-m\libstdc++.a(eh_exception.o)
                0x0000af64                std::bad_exception::~bad_exception()
 .text._ZN12_GLOBAL__N_14pool4freeEPv.constprop.4
                0x0000af74       0x84 c:/nxp/mcuxpressoide_10.3.0_2200/ide/plugins/com.nxp.mcuxpresso.tools.win32_10.3.0.201811011841/tools/bin/../lib/gcc/arm-none-eabi/7.3.1/../../../../arm-none-eabi/lib/thumb/v6-m\libstdc++.a(eh_alloc.o)
 .text._ZN12_GLOBAL__N_14pool8allocateEj.constprop.5
                0x0000aff8       0x60 c:/nxp/mcuxpressoide_10.3.0_2200/ide/plugins/com.nxp.mcuxpresso.tools.win32_10.3.0.201811011841/tools/bin/../lib/gcc/arm-none-eabi/7.3.1/../../../../arm-none-eabi/lib/thumb/v6-m\libstdc++.a(eh_alloc.o)
 .text.__cxa_allocate_exception
                0x0000b058       0x2c c:/nxp/mcuxpressoide_10.3.0_2200/ide/plugins/com.nxp.mcuxpresso.tools.win32_10.3.0.201811011841/tools/bin/../lib/gcc/arm-none-eabi/7.3.1/../../../../arm-none-eabi/lib/thumb/v6-m\libstdc++.a(eh_alloc.o)
                0x0000b058                __cxa_allocate_exception
 .text.__cxa_free_exception
                0x0000b084       0x24 c:/nxp/mcuxpressoide_10.3.0_2200/ide/plugins/com.nxp.mcuxpresso.tools.win32_10.3.0.201811011841/tools/bin/../lib/gcc/arm-none-eabi/7.3.1/../../../../arm-none-eabi/lib/thumb/v6-m\libstdc++.a(eh_alloc.o)
                0x0000b084                __cxa_free_exception
 .text.startup._GLOBAL__sub_I__ZN9__gnu_cxx9__freeresEv
                0x0000b0a8       0x2c c:/nxp/mcuxpressoide_10.3.0_2200/ide/plugins/com.nxp.mcuxpresso.tools.win32_10.3.0.201811011841/tools/bin/../lib/gcc/arm-none-eabi/7.3.1/../../../../arm-none-eabi/lib/thumb/v6-m\libstdc++.a(eh_alloc.o)
 .text._ZN9__gnu_cxx27__verbose_terminate_handlerEv
                0x0000b0d4      0x114 c:/nxp/mcuxpressoide_10.3.0_2200/ide/plugins/com.nxp.mcuxpresso.tools.win32_10.3.0.201811011841/tools/bin/../lib/gcc/arm-none-eabi/7.3.1/../../../../arm-none-eabi/lib/thumb/v6-m\libstdc++.a(vterminate.o)
                0x0000b0d4                __gnu_cxx::__verbose_terminate_handler()
 .text          0x0000b1e8     0x6efc c:/nxp/mcuxpressoide_10.3.0_2200/ide/plugins/com.nxp.mcuxpresso.tools.win32_10.3.0.201811011841/tools/bin/../lib/gcc/arm-none-eabi/7.3.1/../../../../arm-none-eabi/lib/thumb/v6-m\libstdc++.a(cp-demangle.o)
                0x00011ff4                __cxa_demangle
                0x000120c4                __gcclibcxx_demangle_callback
 .text._ZdlPvj  0x000120e4        0x8 c:/nxp/mcuxpressoide_10.3.0_2200/ide/plugins/com.nxp.mcuxpresso.tools.win32_10.3.0.201811011841/tools/bin/../lib/gcc/arm-none-eabi/7.3.1/../../../../arm-none-eabi/lib/thumb/v6-m\libstdc++.a(del_ops.o)
                0x000120e4                operator delete(void*, unsigned int)
 .text.__cxa_current_exception_type
                0x000120ec       0x20 c:/nxp/mcuxpressoide_10.3.0_2200/ide/plugins/com.nxp.mcuxpresso.tools.win32_10.3.0.201811011841/tools/bin/../lib/gcc/arm-none-eabi/7.3.1/../../../../arm-none-eabi/lib/thumb/v6-m\libstdc++.a(eh_type.o)
                0x000120ec                __cxa_current_exception_type
 .text._sbrk    0x0001210c       0x40 c:/nxp/mcuxpressoide_10.3.0_2200/ide/plugins/com.nxp.mcuxpresso.tools.win32_10.3.0.201811011841/tools/bin/../lib/gcc/arm-none-eabi/7.3.1/../../../../arm-none-eabi/lib/thumb/v6-m\libcr_newlib_semihost.a(_cr_sbrk.o)
                0x0001210c                _sbrk
 .text._kill    0x0001214c       0x24 c:/nxp/mcuxpressoide_10.3.0_2200/ide/plugins/com.nxp.mcuxpresso.tools.win32_10.3.0.201811011841/tools/bin/../lib/gcc/arm-none-eabi/7.3.1/../../../../arm-none-eabi/lib/thumb/v6-m\libcr_newlib_semihost.a(_kill.o)
                0x0001214c                _kill
 .text.initialise_monitor_handles.part.0
                0x00012170       0x9c c:/nxp/mcuxpressoide_10.3.0_2200/ide/plugins/com.nxp.mcuxpresso.tools.win32_10.3.0.201811011841/tools/bin/../lib/gcc/arm-none-eabi/7.3.1/../../../../arm-none-eabi/lib/thumb/v6-m\libcr_newlib_semihost.a(syscalls.o)
 .text.findslot
                0x0001220c       0x30 c:/nxp/mcuxpressoide_10.3.0_2200/ide/plugins/com.nxp.mcuxpresso.tools.win32_10.3.0.201811011841/tools/bin/../lib/gcc/arm-none-eabi/7.3.1/../../../../arm-none-eabi/lib/thumb/v6-m\libcr_newlib_semihost.a(syscalls.o)
 .text._close   0x0001223c       0x4c c:/nxp/mcuxpressoide_10.3.0_2200/ide/plugins/com.nxp.mcuxpresso.tools.win32_10.3.0.201811011841/tools/bin/../lib/gcc/arm-none-eabi/7.3.1/../../../../arm-none-eabi/lib/thumb/v6-m\libcr_newlib_semihost.a(syscalls.o)
                0x0001223c                _close
 .text.__check_heap_overflow
                0x00012288       0x14 c:/nxp/mcuxpressoide_10.3.0_2200/ide/plugins/com.nxp.mcuxpresso.tools.win32_10.3.0.201811011841/tools/bin/../lib/gcc/arm-none-eabi/7.3.1/../../../../arm-none-eabi/lib/thumb/v6-m\libcr_newlib_semihost.a(_cr_check_heap.o)
                0x00012288                __check_heap_overflow
 .text          0x0001229c       0x48 c:/nxp/mcuxpressoide_10.3.0_2200/ide/plugins/com.nxp.mcuxpresso.tools.win32_10.3.0.201811011841/tools/bin/../lib/gcc/arm-none-eabi/7.3.1/thumb/v6-m\crtbegin.o
 .text          0x000122e4       0x7c c:/nxp/mcuxpressoide_10.3.0_2200/ide/plugins/com.nxp.mcuxpresso.tools.win32_10.3.0.201811011841/tools/bin/../lib/gcc/arm-none-eabi/7.3.1/thumb/v6-m\libgcc.a(_arm_cmpdf2.o)
                0x000122e4                __aeabi_cdrcmple
                0x000122f4                __aeabi_cdcmple
                0x000122f4                __aeabi_cdcmpeq
                0x00012304                __aeabi_dcmpeq
                0x00012310                __aeabi_dcmplt
                0x00012324                __aeabi_dcmple
                0x00012338                __aeabi_dcmpgt
                0x0001234c                __aeabi_dcmpge
 .text          0x00012360       0x40 c:/nxp/mcuxpressoide_10.3.0_2200/ide/plugins/com.nxp.mcuxpresso.tools.win32_10.3.0.201811011841/tools/bin/../lib/gcc/arm-none-eabi/7.3.1/thumb/v6-m\libgcc.a(_aeabi_uldivmod.o)
                0x00012360                __aeabi_uldivmod
 .text          0x000123a0      0x184 c:/nxp/mcuxpressoide_10.3.0_2200/ide/plugins/com.nxp.mcuxpresso.tools.win32_10.3.0.201811011841/tools/bin/../lib/gcc/arm-none-eabi/7.3.1/thumb/v6-m\libgcc.a(_udivmoddi4.o)
                0x000123a0                __udivmoddi4
 .text          0x00012524      0x638 c:/nxp/mcuxpressoide_10.3.0_2200/ide/plugins/com.nxp.mcuxpresso.tools.win32_10.3.0.201811011841/tools/bin/../lib/gcc/arm-none-eabi/7.3.1/thumb/v6-m\libgcc.a(adddf3.o)
                0x00012524                __aeabi_dadd
 .text          0x00012b5c      0x604 c:/nxp/mcuxpressoide_10.3.0_2200/ide/plugins/com.nxp.mcuxpresso.tools.win32_10.3.0.201811011841/tools/bin/../lib/gcc/arm-none-eabi/7.3.1/thumb/v6-m\libgcc.a(divdf3.o)
                0x00012b5c                __aeabi_ddiv
 .text          0x00013160       0x78 c:/nxp/mcuxpressoide_10.3.0_2200/ide/plugins/com.nxp.mcuxpresso.tools.win32_10.3.0.201811011841/tools/bin/../lib/gcc/arm-none-eabi/7.3.1/thumb/v6-m\libgcc.a(eqdf2.o)
                0x00013160                __nedf2
                0x00013160                __eqdf2
 .text          0x000131d8       0xc8 c:/nxp/mcuxpressoide_10.3.0_2200/ide/plugins/com.nxp.mcuxpresso.tools.win32_10.3.0.201811011841/tools/bin/../lib/gcc/arm-none-eabi/7.3.1/thumb/v6-m\libgcc.a(gedf2.o)
                0x000131d8                __gedf2
                0x000131d8                __gtdf2
 .text          0x000132a0       0xd0 c:/nxp/mcuxpressoide_10.3.0_2200/ide/plugins/com.nxp.mcuxpresso.tools.win32_10.3.0.201811011841/tools/bin/../lib/gcc/arm-none-eabi/7.3.1/thumb/v6-m\libgcc.a(ledf2.o)
                0x000132a0                __ledf2
                0x000132a0                __ltdf2
 .text          0x00013370      0x4e4 c:/nxp/mcuxpressoide_10.3.0_2200/ide/plugins/com.nxp.mcuxpresso.tools.win32_10.3.0.201811011841/tools/bin/../lib/gcc/arm-none-eabi/7.3.1/thumb/v6-m\libgcc.a(muldf3.o)
                0x00013370                __aeabi_dmul
 .text          0x00013854      0x690 c:/nxp/mcuxpressoide_10.3.0_2200/ide/plugins/com.nxp.mcuxpresso.tools.win32_10.3.0.201811011841/tools/bin/../lib/gcc/arm-none-eabi/7.3.1/thumb/v6-m\libgcc.a(subdf3.o)
                0x00013854                __aeabi_dsub
 .text          0x00013ee4       0x38 c:/nxp/mcuxpressoide_10.3.0_2200/ide/plugins/com.nxp.mcuxpresso.tools.win32_10.3.0.201811011841/tools/bin/../lib/gcc/arm-none-eabi/7.3.1/thumb/v6-m\libgcc.a(unorddf2.o)
                0x00013ee4                __aeabi_dcmpun
 .text          0x00013f1c       0x6c c:/nxp/mcuxpressoide_10.3.0_2200/ide/plugins/com.nxp.mcuxpresso.tools.win32_10.3.0.201811011841/tools/bin/../lib/gcc/arm-none-eabi/7.3.1/thumb/v6-m\libgcc.a(fixdfsi.o)
                0x00013f1c                __aeabi_d2iz
 .text          0x00013f88       0x74 c:/nxp/mcuxpressoide_10.3.0_2200/ide/plugins/com.nxp.mcuxpresso.tools.win32_10.3.0.201811011841/tools/bin/../lib/gcc/arm-none-eabi/7.3.1/thumb/v6-m\libgcc.a(floatsidf.o)
                0x00013f88                __aeabi_i2d
 .text          0x00013ffc       0x64 c:/nxp/mcuxpressoide_10.3.0_2200/ide/plugins/com.nxp.mcuxpresso.tools.win32_10.3.0.201811011841/tools/bin/../lib/gcc/arm-none-eabi/7.3.1/thumb/v6-m\libgcc.a(floatunsidf.o)
                0x00013ffc                __aeabi_ui2d
 .text          0x00014060       0x3c c:/nxp/mcuxpressoide_10.3.0_2200/ide/plugins/com.nxp.mcuxpresso.tools.win32_10.3.0.201811011841/tools/bin/../lib/gcc/arm-none-eabi/7.3.1/thumb/v6-m\libgcc.a(_clzsi2.o)
                0x00014060                __clzsi2
 .text          0x0001409c       0x18 c:/nxp/mcuxpressoide_10.3.0_2200/ide/plugins/com.nxp.mcuxpresso.tools.win32_10.3.0.201811011841/tools/bin/../lib/gcc/arm-none-eabi/7.3.1/thumb/v6-m\libgcc.a(_clzdi2.o)
                0x0001409c                __clzdi2
 .text.__errno  0x000140b4        0xc c:/nxp/mcuxpressoide_10.3.0_2200/ide/plugins/com.nxp.mcuxpresso.tools.win32_10.3.0.201811011841/tools/bin/../lib/gcc/arm-none-eabi/7.3.1/../../../../arm-none-eabi/lib/thumb/v6-m\libc.a(lib_a-errno.o)
                0x000140b4                __errno
 .text.fputc    0x000140c0       0x58 c:/nxp/mcuxpressoide_10.3.0_2200/ide/plugins/com.nxp.mcuxpresso.tools.win32_10.3.0.201811011841/tools/bin/../lib/gcc/arm-none-eabi/7.3.1/../../../../arm-none-eabi/lib/thumb/v6-m\libc.a(lib_a-fputc.o)
                0x000140c0                fputc
 .text._fputs_r
                0x00014118       0x8c c:/nxp/mcuxpressoide_10.3.0_2200/ide/plugins/com.nxp.mcuxpresso.tools.win32_10.3.0.201811011841/tools/bin/../lib/gcc/arm-none-eabi/7.3.1/../../../../arm-none-eabi/lib/thumb/v6-m\libc.a(lib_a-fputs.o)
                0x00014118                _fputs_r
 .text.fputs    0x000141a4       0x18 c:/nxp/mcuxpressoide_10.3.0_2200/ide/plugins/com.nxp.mcuxpresso.tools.win32_10.3.0.201811011841/tools/bin/../lib/gcc/arm-none-eabi/7.3.1/../../../../arm-none-eabi/lib/thumb/v6-m\libc.a(lib_a-fputs.o)
                0x000141a4                fputs
 .text._fwrite_r
                0x000141bc       0xb4 c:/nxp/mcuxpressoide_10.3.0_2200/ide/plugins/com.nxp.mcuxpresso.tools.win32_10.3.0.201811011841/tools/bin/../lib/gcc/arm-none-eabi/7.3.1/../../../../arm-none-eabi/lib/thumb/v6-m\libc.a(lib_a-fwrite.o)
                0x000141bc                _fwrite_r
 .text.fwrite   0x00014270       0x20 c:/nxp/mcuxpressoide_10.3.0_2200/ide/plugins/com.nxp.mcuxpresso.tools.win32_10.3.0.201811011841/tools/bin/../lib/gcc/arm-none-eabi/7.3.1/../../../../arm-none-eabi/lib/thumb/v6-m\libc.a(lib_a-fwrite.o)
                0x00014270                fwrite
 .text.memcmp   0x00014290       0x4c c:/nxp/mcuxpressoide_10.3.0_2200/ide/plugins/com.nxp.mcuxpresso.tools.win32_10.3.0.201811011841/tools/bin/../lib/gcc/arm-none-eabi/7.3.1/../../../../arm-none-eabi/lib/thumb/v6-m\libc.a(lib_a-memcmp.o)
                0x00014290                memcmp
 .text._putc_r  0x000142dc       0x74 c:/nxp/mcuxpressoide_10.3.0_2200/ide/plugins/com.nxp.mcuxpresso.tools.win32_10.3.0.201811011841/tools/bin/../lib/gcc/arm-none-eabi/7.3.1/../../../../arm-none-eabi/lib/thumb/v6-m\libc.a(lib_a-putc.o)
                0x000142dc                _putc_r
 .text.realloc  0x00014350       0x18 c:/nxp/mcuxpressoide_10.3.0_2200/ide/plugins/com.nxp.mcuxpresso.tools.win32_10.3.0.201811011841/tools/bin/../lib/gcc/arm-none-eabi/7.3.1/../../../../arm-none-eabi/lib/thumb/v6-m\libc.a(lib_a-realloc.o)
                0x00014350                realloc
 .text.sprintf  0x00014368       0x40 c:/nxp/mcuxpressoide_10.3.0_2200/ide/plugins/com.nxp.mcuxpresso.tools.win32_10.3.0.201811011841/tools/bin/../lib/gcc/arm-none-eabi/7.3.1/../../../../arm-none-eabi/lib/thumb/v6-m\libc.a(lib_a-sprintf.o)
                0x00014368                sprintf
 .text.strncmp  0x000143a8       0x8c c:/nxp/mcuxpressoide_10.3.0_2200/ide/plugins/com.nxp.mcuxpresso.tools.win32_10.3.0.201811011841/tools/bin/../lib/gcc/arm-none-eabi/7.3.1/../../../../arm-none-eabi/lib/thumb/v6-m\libc.a(lib_a-strncmp.o)
                0x000143a8                strncmp
 .text._svfprintf_r
                0x00014434     0x1b6c c:/nxp/mcuxpressoide_10.3.0_2200/ide/plugins/com.nxp.mcuxpresso.tools.win32_10.3.0.201811011841/tools/bin/../lib/gcc/arm-none-eabi/7.3.1/../../../../arm-none-eabi/lib/thumb/v6-m\libc.a(lib_a-svfprintf.o)
                0x00014434                _svfprintf_r
 .text.__ssprint_r
                0x00015fa0      0x118 c:/nxp/mcuxpressoide_10.3.0_2200/ide/plugins/com.nxp.mcuxpresso.tools.win32_10.3.0.201811011841/tools/bin/../lib/gcc/arm-none-eabi/7.3.1/../../../../arm-none-eabi/lib/thumb/v6-m\libc.a(lib_a-svfiprintf.o)
                0x00015fa0                __ssprint_r
 .text.UART_EnableTx
                0x000160b8       0x40 ./utilities/fsl_debug_console.o
 .text.UART_EnableRx
                0x000160f8       0x40 ./utilities/fsl_debug_console.o
 .text.LPSCI_EnableTx
                0x00016138       0x40 ./utilities/fsl_debug_console.o
 .text.LPSCI_EnableRx
                0x00016178       0x40 ./utilities/fsl_debug_console.o
 .text.TPM_StartTimer
                0x000161b8       0x3a ./source/main_server.o
 .text._ZN4erpc5Codec9getBufferEv
                0x000161f2       0x14 ./erpc/service/erpc_matrix_multiply_server.o
                0x000161f2                erpc::Codec::getBuffer()
 .text._ZN4erpc7ServiceD0Ev
                0x00016206       0x22 ./erpc/service/erpc_matrix_multiply_server.o
                0x00016206                erpc::Service::~Service()
 .text._ZN29MatrixMultiplyService_serviceD0Ev
                0x00016228       0x22 ./erpc/service/erpc_matrix_multiply_server.o
                0x00016228                MatrixMultiplyService_service::~MatrixMultiplyService_service()
 .text._ZN4erpc9Transport10hasMessageEv
                0x0001624a       0x12 ./eRPC_spi_slave_transport/erpc/transports/spi_slave_transport.o
                0x0001624a                erpc::Transport::hasMessage()
 .text._ZnwjPv  0x0001625c       0x14 ./eRPC_spi_slave_transport/erpc/setup/erpc_setup_mbf_dynamic.o
                0x0001625c                operator new(unsigned int, void*)
 .text._ZN4erpc13MessageBufferC2EPht
                0x00016270       0x2c ./eRPC_spi_slave_transport/erpc/setup/erpc_setup_mbf_dynamic.o
                0x00016270                erpc::MessageBuffer::MessageBuffer(unsigned char*, unsigned short)
                0x00016270                erpc::MessageBuffer::MessageBuffer(unsigned char*, unsigned short)
 .text._ZN4erpc13MessageBuffer3getEv
                0x0001629c       0x14 ./eRPC_spi_slave_transport/erpc/setup/erpc_setup_mbf_dynamic.o
                0x0001629c                erpc::MessageBuffer::get()
 .text._ZN4erpc20MessageBufferFactoryD0Ev
                0x000162b0       0x22 ./eRPC_spi_slave_transport/erpc/setup/erpc_setup_mbf_dynamic.o
                0x000162b0                erpc::MessageBufferFactory::~MessageBufferFactory()
 .text._ZN4erpc20MessageBufferFactory18createServerBufferEv
                0x000162d2       0x12 ./eRPC_spi_slave_transport/erpc/setup/erpc_setup_mbf_dynamic.o
                0x000162d2                erpc::MessageBufferFactory::createServerBuffer()
 .text._ZN4erpc19ManuallyConstructedI27DynamicMessageBufferFactoryE9constructEv
                0x000162e4       0x24 ./eRPC_spi_slave_transport/erpc/setup/erpc_setup_mbf_dynamic.o
                0x000162e4                erpc::ManuallyConstructed<DynamicMessageBufferFactory>::construct()
 .text._ZN4erpc19ManuallyConstructedI27DynamicMessageBufferFactoryE3getEv
                0x00016308       0x12 ./eRPC_spi_slave_transport/erpc/setup/erpc_setup_mbf_dynamic.o
                0x00016308                erpc::ManuallyConstructed<DynamicMessageBufferFactory>::get()
 .text._ZN27DynamicMessageBufferFactoryD0Ev
                0x0001631a       0x22 ./eRPC_spi_slave_transport/erpc/setup/erpc_setup_mbf_dynamic.o
                0x0001631a                DynamicMessageBufferFactory::~DynamicMessageBufferFactory()
 .text._ZNK4erpc13MessageBuffer7getUsedEv
                0x0001633c       0x16 ./eRPC_spi_slave_transport/erpc/infra/framed_transport.o
                0x0001633c                erpc::MessageBuffer::getUsed() const
 .text._ZN4erpc13MessageBuffer7setUsedEt
                0x00016352       0x1e ./eRPC_spi_slave_transport/erpc/infra/framed_transport.o
                0x00016352                erpc::MessageBuffer::setUsed(unsigned short)
 .text._ZN4erpc9TransportD0Ev
                0x00016370       0x22 ./eRPC_spi_slave_transport/erpc/infra/framed_transport.o
                0x00016370                erpc::Transport::~Transport()
 .text._ZdlPvS_
                0x00016392       0x12 ./eRPC_spi_slave_c_wrapper/erpc/setup/erpc_setup_spi_slave.o
                0x00016392                operator delete(void*, void*)
 .text._ZN4erpc19ManuallyConstructedINS_17SpiSlaveTransportEE9constructIP8SPI_TypemmEEvRKT_RKT0_RKT1_