Archive member included to satisfy reference by file (symbol)

c:/nxp/mcuxpressoide_10.3.0_2200/ide/plugins/com.nxp.mcuxpresso.tools.win32_10.3.0.201811011841/tools/bin/../lib/gcc/arm-none-eabi/7.3.1/thumb/v6-m\libgcc.a(_udivsi3.o)
                              ./drivers/fsl_clock.o (__aeabi_uidiv)
c:/nxp/mcuxpressoide_10.3.0_2200/ide/plugins/com.nxp.mcuxpresso.tools.win32_10.3.0.201811011841/tools/bin/../lib/gcc/arm-none-eabi/7.3.1/thumb/v6-m\libgcc.a(_divsi3.o)
                              ./source/main_client.o (__aeabi_idiv)
c:/nxp/mcuxpressoide_10.3.0_2200/ide/plugins/com.nxp.mcuxpresso.tools.win32_10.3.0.201811011841/tools/bin/../lib/gcc/arm-none-eabi/7.3.1/thumb/v6-m\libgcc.a(_dvmd_tls.o)
                              c:/nxp/mcuxpressoide_10.3.0_2200/ide/plugins/com.nxp.mcuxpresso.tools.win32_10.3.0.201811011841/tools/bin/../lib/gcc/arm-none-eabi/7.3.1/thumb/v6-m\libgcc.a(_udivsi3.o) (__aeabi_idiv0)
c:/nxp/mcuxpressoide_10.3.0_2200/ide/plugins/com.nxp.mcuxpresso.tools.win32_10.3.0.201811011841/tools/bin/../lib/gcc/arm-none-eabi/7.3.1/thumb/v6-m\libgcc.a(_aeabi_uldivmod.o)
                              ./source/main_client.o (__aeabi_uldivmod)
c:/nxp/mcuxpressoide_10.3.0_2200/ide/plugins/com.nxp.mcuxpresso.tools.win32_10.3.0.201811011841/tools/bin/../lib/gcc/arm-none-eabi/7.3.1/thumb/v6-m\libgcc.a(_muldi3.o)
                              ./source/main_client.o (__aeabi_lmul)
c:/nxp/mcuxpressoide_10.3.0_2200/ide/plugins/com.nxp.mcuxpresso.tools.win32_10.3.0.201811011841/tools/bin/../lib/gcc/arm-none-eabi/7.3.1/thumb/v6-m\libgcc.a(_udivmoddi4.o)
                              c:/nxp/mcuxpressoide_10.3.0_2200/ide/plugins/com.nxp.mcuxpresso.tools.win32_10.3.0.201811011841/tools/bin/../lib/gcc/arm-none-eabi/7.3.1/thumb/v6-m\libgcc.a(_aeabi_uldivmod.o) (__udivmoddi4)
c:/nxp/mcuxpressoide_10.3.0_2200/ide/plugins/com.nxp.mcuxpresso.tools.win32_10.3.0.201811011841/tools/bin/../lib/gcc/arm-none-eabi/7.3.1/thumb/v6-m\libgcc.a(unwind-arm.o)
                              ./startup/startup_mkl25z4.o (__aeabi_unwind_cpp_pr0)
c:/nxp/mcuxpressoide_10.3.0_2200/ide/plugins/com.nxp.mcuxpresso.tools.win32_10.3.0.201811011841/tools/bin/../lib/gcc/arm-none-eabi/7.3.1/thumb/v6-m\libgcc.a(libunwind.o)
                              c:/nxp/mcuxpressoide_10.3.0_2200/ide/plugins/com.nxp.mcuxpresso.tools.win32_10.3.0.201811011841/tools/bin/../lib/gcc/arm-none-eabi/7.3.1/thumb/v6-m\libgcc.a(unwind-arm.o) (restore_core_regs)
c:/nxp/mcuxpressoide_10.3.0_2200/ide/plugins/com.nxp.mcuxpresso.tools.win32_10.3.0.201811011841/tools/bin/../lib/gcc/arm-none-eabi/7.3.1/thumb/v6-m\libgcc.a(pr-support.o)
                              c:/nxp/mcuxpressoide_10.3.0_2200/ide/plugins/com.nxp.mcuxpresso.tools.win32_10.3.0.201811011841/tools/bin/../lib/gcc/arm-none-eabi/7.3.1/thumb/v6-m\libgcc.a(unwind-arm.o) (__gnu_unwind_execute)
c:/nxp/mcuxpressoide_10.3.0_2200/ide/plugins/com.nxp.mcuxpresso.tools.win32_10.3.0.201811011841/tools/bin/../lib/gcc/arm-none-eabi/7.3.1/thumb/v6-m\libgcc.a(_clzdi2.o)
                              c:/nxp/mcuxpressoide_10.3.0_2200/ide/plugins/com.nxp.mcuxpresso.tools.win32_10.3.0.201811011841/tools/bin/../lib/gcc/arm-none-eabi/7.3.1/thumb/v6-m\libgcc.a(_udivmoddi4.o) (__clzdi2)
c:/nxp/mcuxpressoide_10.3.0_2200/ide/plugins/com.nxp.mcuxpresso.tools.win32_10.3.0.201811011841/tools/bin/../lib/gcc/arm-none-eabi/7.3.1/thumb/v6-m\libgcc.a(_clzsi2.o)
                              c:/nxp/mcuxpressoide_10.3.0_2200/ide/plugins/com.nxp.mcuxpresso.tools.win32_10.3.0.201811011841/tools/bin/../lib/gcc/arm-none-eabi/7.3.1/thumb/v6-m\libgcc.a(_clzdi2.o) (__clzsi2)
c:/nxp/mcuxpressoide_10.3.0_2200/ide/plugins/com.nxp.mcuxpresso.tools.win32_10.3.0.201811011841/tools/bin/../lib/gcc/arm-none-eabi/7.3.1/../../../../arm-none-eabi/lib/thumb/v6-m\libc_nano.a(lib_a-abort.o)
                              c:/nxp/mcuxpressoide_10.3.0_2200/ide/plugins/com.nxp.mcuxpresso.tools.win32_10.3.0.201811011841/tools/bin/../lib/gcc/arm-none-eabi/7.3.1/thumb/v6-m\libgcc.a(unwind-arm.o) (abort)
c:/nxp/mcuxpressoide_10.3.0_2200/ide/plugins/com.nxp.mcuxpresso.tools.win32_10.3.0.201811011841/tools/bin/../lib/gcc/arm-none-eabi/7.3.1/../../../../arm-none-eabi/lib/thumb/v6-m\libc_nano.a(lib_a-init.o)
                              ./startup/startup_mkl25z4.o (__libc_init_array)
c:/nxp/mcuxpressoide_10.3.0_2200/ide/plugins/com.nxp.mcuxpresso.tools.win32_10.3.0.201811011841/tools/bin/../lib/gcc/arm-none-eabi/7.3.1/../../../../arm-none-eabi/lib/thumb/v6-m\libc_nano.a(lib_a-malloc.o)
                              ./eRPC_port_stdlib/erpc/port/erpc_port_stdlib.o (malloc)
c:/nxp/mcuxpressoide_10.3.0_2200/ide/plugins/com.nxp.mcuxpresso.tools.win32_10.3.0.201811011841/tools/bin/../lib/gcc/arm-none-eabi/7.3.1/../../../../arm-none-eabi/lib/thumb/v6-m\libc_nano.a(lib_a-memcpy-stub.o)
                              ./eRPC_common_src/erpc/infra/message_buffer.o (memcpy)
[...]
Memory Configuration

Name             Origin             Length             Attributes
PROGRAM_FLASH    0x00000000         0x00020000         xr
SRAM             0x1ffff000         0x00004000         xrw
*default*        0x00000000         0xffffffff

Linker script and memory map

LOAD ./utilities/fsl_debug_console.o
LOAD ./startup/startup_mkl25z4.o
LOAD ./source/erpc_touch_client.o
LOAD ./source/main_client.o
LOAD ./source/mtb.o
LOAD ./source/semihost_hardfault.o
LOAD ./erpc/service/erpc_matrix_multiply_client.o
LOAD ./erpc/erpc_error_handler.o
LOAD ./eRPC_spi_master_transport/erpc/transports/spi_master_transport.o
LOAD ./eRPC_spi_master_transport/erpc/setup/erpc_setup_mbf_dynamic.o
LOAD ./eRPC_spi_master_transport/erpc/infra/framed_transport.o
LOAD ./eRPC_spi_master_c_wrapper/erpc/setup/erpc_setup_spi_master.o
LOAD ./eRPC_port_stdlib/erpc/port/erpc_port_stdlib.o
LOAD ./eRPC_common_src/erpc/infra/basic_codec.o
LOAD ./eRPC_common_src/erpc/infra/message_buffer.o
LOAD ./eRPC_client/erpc/setup/erpc_client_setup.o
LOAD ./eRPC_client/erpc/infra/client_manager.o
LOAD ./drivers/fsl_adc16.o
LOAD ./drivers/fsl_clock.o
LOAD ./drivers/fsl_cmp.o
LOAD ./drivers/fsl_common.o
LOAD ./drivers/fsl_cop.o
LOAD ./drivers/fsl_dac.o
LOAD ./drivers/fsl_dma.o
LOAD ./drivers/fsl_dmamux.o
LOAD ./drivers/fsl_flash.o
LOAD ./drivers/fsl_gpio.o
LOAD ./drivers/fsl_i2c.o
LOAD ./drivers/fsl_i2c_dma.o
LOAD ./drivers/fsl_llwu.o
LOAD ./drivers/fsl_lpsci.o
LOAD ./drivers/fsl_lpsci_dma.o
LOAD ./drivers/fsl_lptmr.o
LOAD ./drivers/fsl_pit.o
LOAD ./drivers/fsl_pmc.o
LOAD ./drivers/fsl_rcm.o
LOAD ./drivers/fsl_rtc.o
LOAD ./drivers/fsl_sim.o
LOAD ./drivers/fsl_smc.o
LOAD ./drivers/fsl_spi.o
LOAD ./drivers/fsl_spi_dma.o
LOAD ./drivers/fsl_tpm.o
LOAD ./drivers/fsl_tsi_v4.o
LOAD ./drivers/fsl_uart.o
LOAD ./drivers/fsl_uart_dma.o
LOAD ./board/board.o
LOAD ./board/clock_config.o
LOAD ./board/pin_mux.o
LOAD ./CMSIS/system_MKL25Z4.o
START GROUP
LOAD c:/nxp/mcuxpressoide_10.3.0_2200/ide/plugins/com.nxp.mcuxpresso.tools.win32_10.3.0.201811011841/tools/bin/../lib/gcc/arm-none-eabi/7.3.1/thumb/v6-m\libgcc.a
LOAD c:/nxp/mcuxpressoide_10.3.0_2200/ide/plugins/com.nxp.mcuxpresso.tools.win32_10.3.0.201811011841/tools/bin/../lib/gcc/arm-none-eabi/7.3.1/../../../../arm-none-eabi/lib/thumb/v6-m\libc_nano.a
LOAD c:/nxp/mcuxpressoide_10.3.0_2200/ide/plugins/com.nxp.mcuxpresso.tools.win32_10.3.0.201811011841/tools/bin/../lib/gcc/arm-none-eabi/7.3.1/../../../../arm-none-eabi/lib/thumb/v6-m\libstdc++_nano.a
LOAD c:/nxp/mcuxpressoide_10.3.0_2200/ide/plugins/com.nxp.mcuxpresso.tools.win32_10.3.0.201811011841/tools/bin/../lib/gcc/arm-none-eabi/7.3.1/../../../../arm-none-eabi/lib/thumb/v6-m\libm.a
LOAD c:/nxp/mcuxpressoide_10.3.0_2200/ide/plugins/com.nxp.mcuxpresso.tools.win32_10.3.0.201811011841/tools/bin/../lib/gcc/arm-none-eabi/7.3.1/../../../../arm-none-eabi/lib/thumb/v6-m\libcr_newlib_semihost.a
LOAD c:/nxp/mcuxpressoide_10.3.0_2200/ide/plugins/com.nxp.mcuxpresso.tools.win32_10.3.0.201811011841/tools/bin/../lib/gcc/arm-none-eabi/7.3.1/thumb/v6-m\crti.o
LOAD c:/nxp/mcuxpressoide_10.3.0_2200/ide/plugins/com.nxp.mcuxpresso.tools.win32_10.3.0.201811011841/tools/bin/../lib/gcc/arm-none-eabi/7.3.1/thumb/v6-m\crtn.o
LOAD c:/nxp/mcuxpressoide_10.3.0_2200/ide/plugins/com.nxp.mcuxpresso.tools.win32_10.3.0.201811011841/tools/bin/../lib/gcc/arm-none-eabi/7.3.1/thumb/v6-m\crtbegin.o
LOAD c:/nxp/mcuxpressoide_10.3.0_2200/ide/plugins/com.nxp.mcuxpresso.tools.win32_10.3.0.201811011841/tools/bin/../lib/gcc/arm-none-eabi/7.3.1/thumb/v6-m\crtend.o
END GROUP
                0x00000000                __base_PROGRAM_FLASH = 0x0
                0x00000000                __base_Flash = 0x0
                0x00020000                __top_PROGRAM_FLASH = 0x20000
                0x00020000                __top_Flash = 0x20000
                0x1ffff000                __base_SRAM = 0x1ffff000
                0x1ffff000                __base_RAM = 0x1ffff000
                0x20003000                __top_SRAM = 0x20003000
                0x20003000                __top_RAM = 0x20003000

.text           0x00000000     0x956c
 FILL mask 0xff
                0x00000000                __vectors_start__ = ABSOLUTE (.)
 *(SORT_BY_ALIGNMENT(.isr_vector))
 .isr_vector    0x00000000       0xc0 ./startup/startup_mkl25z4.o
                0x00000000                g_pfnVectors
                0x00000000                __Vectors
                0x000000c0                . = ALIGN (0x4)
                0x000000c0                __section_table_start = .
                0x000000c0                __data_section_table = .
                0x000000c0        0x4 LONG 0x9b64 LOADADDR (.data)
                0x000000c4        0x4 LONG 0x1ffff080 ADDR (.data)
                0x000000c8        0x4 LONG 0x78 SIZEOF (.data)
                0x000000cc                __data_section_table_end = .
                0x000000cc                __bss_section_table = .
                0x000000cc        0x4 LONG 0x1ffff0f8 ADDR (.bss)
                0x000000d0        0x4 LONG 0x140 SIZEOF (.bss)
                0x000000d4                __bss_section_table_end = .
                0x000000d4                __section_table_end = .
 *(SORT_BY_ALIGNMENT(.after_vectors*))
 .after_vectors.reset
                0x000000d4       0x50 ./startup/startup_mkl25z4.o
                0x000000d4                ResetISR
 .after_vectors.init_data
                0x00000124       0x16 ./startup/startup_mkl25z4.o
                0x00000124                data_init(unsigned int, unsigned int, unsigned int)
 .after_vectors.init_bss
                0x0000013a       0x12 ./startup/startup_mkl25z4.o
                0x0000013a                bss_init(unsigned int, unsigned int)
 .after_vectors
                0x0000014c      0x10c ./startup/startup_mkl25z4.o
                0x0000014c                NMI_Handler
                0x00000150                SVC_Handler
                0x00000152                PendSV_Handler
                0x00000154                SysTick_Handler
                0x00000156                LPTMR0_DriverIRQHandler
                0x00000156                PORTD_DriverIRQHandler
                0x00000156                Reserved39_DriverIRQHandler
                0x00000156                CMP0_DriverIRQHandler
                0x00000156                ADC0_DriverIRQHandler
                0x00000156                LVD_LVW_DriverIRQHandler
                0x00000156                TPM2_DriverIRQHandler
                0x00000156                PIT_DriverIRQHandler
                0x00000156                RTC_DriverIRQHandler
                0x00000156                TSI0_DriverIRQHandler
                0x00000156                RTC_Seconds_DriverIRQHandler
                0x00000156                TPM1_DriverIRQHandler
                0x00000156                LLWU_DriverIRQHandler
                0x00000156                MCG_DriverIRQHandler
                0x00000156                PORTA_DriverIRQHandler
                0x00000156                Reserved45_DriverIRQHandler
                0x00000156                Reserved20_DriverIRQHandler
                0x00000156                FTFA_DriverIRQHandler
                0x00000156                IntDefaultHandler
                0x00000156                USB0_DriverIRQHandler
                0x00000156                DAC0_DriverIRQHandler
                0x00000156                TPM0_DriverIRQHandler
                0x00000158                DMA0_IRQHandler
                0x00000160                DMA1_IRQHandler
                0x00000168                DMA2_IRQHandler
                0x00000170                DMA3_IRQHandler
                0x00000178                Reserved20_IRQHandler
                0x00000180                FTFA_IRQHandler
                0x00000188                LVD_LVW_IRQHandler
                0x00000190                LLWU_IRQHandler
                0x00000198                I2C0_IRQHandler
                0x000001a0                I2C1_IRQHandler
                0x000001a8                SPI0_IRQHandler
                0x000001b0                SPI1_IRQHandler
                0x000001b8                UART0_IRQHandler
                0x000001c0                UART1_IRQHandler
                0x000001c8                UART2_IRQHandler
                0x000001d0                ADC0_IRQHandler
                0x000001d8                CMP0_IRQHandler
                0x000001e0                TPM0_IRQHandler
                0x000001e8                TPM1_IRQHandler
                0x000001f0                TPM2_IRQHandler
                0x000001f8                RTC_IRQHandler
                0x00000200                RTC_Seconds_IRQHandler
                0x00000208                PIT_IRQHandler
                0x00000210                Reserved39_IRQHandler
                0x00000218                USB0_IRQHandler
                0x00000220                DAC0_IRQHandler
                0x00000230                MCG_IRQHandler
                0x00000238                LPTMR0_IRQHandler
                0x00000240                Reserved45_IRQHandler
                0x00000248                PORTA_IRQHandler
                0x00000400                . = 0x400
 *fill*         0x00000258      0x1a8 ff
                0x00000400                PROVIDE (__FLASH_CONFIG_START__ = .)
 *(SORT_BY_ALIGNMENT(.FlashConfig))
 .FlashConfig   0x00000400       0x10 ./startup/startup_mkl25z4.o
                0x00000410                PROVIDE (__FLASH_CONFIG_END__ = .)
                0x00000001                ASSERT (! ((__FLASH_CONFIG_START__ == __FLASH_CONFIG_END__)), Linker Flash Config Support Enabled, but no .FlashConfig section provided within application)
 *(SORT_BY_ALIGNMENT(.text*))
 .text.DbgConsole_Init
                0x00000410       0xf4 ./utilities/fsl_debug_console.o
                0x00000410                DbgConsole_Init
 .text.NVIC_EnableIRQ
                0x00000504       0x2c ./source/main_client.o
 .text.TSI_EnableModule
                0x00000530       0x40 ./source/main_client.o
 .text.TSI_EnableHardwareTriggerScan
                0x00000570       0x40 ./source/main_client.o
 .text.TSI_SetMeasuredChannelNumber
                0x000005b0       0x50 ./source/main_client.o
 .text.LPTMR_SetTimerPeriod
                0x00000600       0x40 ./source/main_client.o
 .text.TSI0_IRQHandler
                0x00000640      0x134 ./source/main_client.o
                0x00000640                TSI0_IRQHandler
 .text.main     0x00000774      0x194 ./source/main_client.o
                0x00000774                main
 .text.HardFault_Handler
                0x00000908       0x30 ./source/semihost_hardfault.o
                0x00000908                HardFault_Handler
 .text          0x00000938      0x118 ./erpc/erpc_error_handler.o
                0x00000938                erpc_error_handler
 .text          0x00000a50      0x2b8 ./eRPC_spi_master_transport/erpc/transports/spi_master_transport.o
                0x00000b08                erpc::SpiMasterTransport::SpiMasterTransport(SPI_Type*, unsigned long, unsigned long)
                0x00000b08                erpc::SpiMasterTransport::SpiMasterTransport(SPI_Type*, unsigned long, unsigned long)
                0x00000b44                erpc::SpiMasterTransport::~SpiMasterTransport()
                0x00000b44                erpc::SpiMasterTransport::~SpiMasterTransport()
                0x00000b74                erpc::SpiMasterTransport::~SpiMasterTransport()
                0x00000b96                erpc::SpiMasterTransport::init()
                0x00000c1c                erpc::SpiMasterTransport::underlyingReceive(unsigned char*, unsigned long)
                0x00000c80                erpc::SpiMasterTransport::underlyingSend(unsigned char const*, unsigned long)
                0x00000ce4                PORTD_IRQHandler
 .text          0x00000d08       0x20 ./eRPC_spi_master_transport/erpc/setup/erpc_setup_mbf_dynamic.o
                0x00000d08                erpc_mbf_dynamic_init
 .text._ZN4erpc20MessageBufferFactoryC2Ev
                0x00000d28       0x1c ./eRPC_spi_master_transport/erpc/setup/erpc_setup_mbf_dynamic.o
                0x00000d28                erpc::MessageBufferFactory::MessageBufferFactory()
                0x00000d28                erpc::MessageBufferFactory::MessageBufferFactory()
 .text._ZN4erpc20MessageBufferFactoryD2Ev
                0x00000d44       0x1c ./eRPC_spi_master_transport/erpc/setup/erpc_setup_mbf_dynamic.o
                0x00000d44                erpc::MessageBufferFactory::~MessageBufferFactory()
                0x00000d44                erpc::MessageBufferFactory::~MessageBufferFactory()
 .text._ZN27DynamicMessageBufferFactory6createEv
                0x00000d60       0x38 ./eRPC_spi_master_transport/erpc/setup/erpc_setup_mbf_dynamic.o
                0x00000d60                DynamicMessageBufferFactory::create()
 .text._ZN27DynamicMessageBufferFactory7disposeEPN4erpc13MessageBufferE
                0x00000d98       0x58 ./eRPC_spi_master_transport/erpc/setup/erpc_setup_mbf_dynamic.o
                0x00000d98                DynamicMessageBufferFactory::dispose(erpc::MessageBuffer*)
 .text._ZN27DynamicMessageBufferFactoryC2Ev
                0x00000df0       0x24 ./eRPC_spi_master_transport/erpc/setup/erpc_setup_mbf_dynamic.o
                0x00000df0                DynamicMessageBufferFactory::DynamicMessageBufferFactory()
                0x00000df0                DynamicMessageBufferFactory::DynamicMessageBufferFactory()
 .text._ZN27DynamicMessageBufferFactoryD2Ev
                0x00000e14       0x24 ./eRPC_spi_master_transport/erpc/setup/erpc_setup_mbf_dynamic.o
                0x00000e14                DynamicMessageBufferFactory::~DynamicMessageBufferFactory()
                0x00000e14                DynamicMessageBufferFactory::~DynamicMessageBufferFactory()
 .text          0x00000e38      0x254 ./eRPC_spi_master_transport/erpc/infra/framed_transport.o
                0x00000e38                erpc::FramedTransport::FramedTransport()
                0x00000e38                erpc::FramedTransport::FramedTransport()
                0x00000e68                erpc::FramedTransport::~FramedTransport()
                0x00000e68                erpc::FramedTransport::~FramedTransport()
                0x00000e8c                erpc::FramedTransport::~FramedTransport()
                0x00000eae                erpc::FramedTransport::setCRCFunction(unsigned short (*)(unsigned char const*, unsigned long))
                0x00000ee4                erpc::FramedTransport::receive(erpc::MessageBuffer*)
                0x00000f8a                erpc::FramedTransport::send(erpc::MessageBuffer*)
                0x00001014                erpc::FramedTransport::computeCRC16(unsigned char const*, unsigned long)
 .text._ZN4erpc9TransportC2Ev
                0x0000108c       0x1c ./eRPC_spi_master_transport/erpc/infra/framed_transport.o
                0x0000108c                erpc::Transport::Transport()
                0x0000108c                erpc::Transport::Transport()
 .text._ZN4erpc9TransportD2Ev
                0x000010a8       0x1c ./eRPC_spi_master_transport/erpc/infra/framed_transport.o
                0x000010a8                erpc::Transport::~Transport()
                0x000010a8                erpc::Transport::~Transport()
 .text          0x000010c4       0x4c ./eRPC_spi_master_c_wrapper/erpc/setup/erpc_setup_spi_master.o
                0x000010c4                erpc_transport_spi_master_init
 .text._ZN4erpc5CodecD2Ev
                0x00001110       0x1c ./eRPC_common_src/erpc/infra/basic_codec.o
                0x00001110                erpc::Codec::~Codec()
                0x00001110                erpc::Codec::~Codec()
 .text._ZN4erpc10BasicCodecD2Ev
                0x0000112c       0x24 ./eRPC_common_src/erpc/infra/basic_codec.o
                0x0000112c                erpc::BasicCodec::~BasicCodec()
                0x0000112c                erpc::BasicCodec::~BasicCodec()
 .text          0x00001150      0x2b4 ./eRPC_common_src/erpc/infra/message_buffer.o
                0x00001150                erpc::MessageBuffer::read(unsigned short, void*, unsigned long)
                0x000011a8                erpc::MessageBuffer::write(unsigned short, void const*, unsigned long)
                0x000011f8                erpc::MessageBuffer::copy(erpc::MessageBuffer const*)
                0x00001254                erpc::MessageBuffer::swap(erpc::MessageBuffer*)
                0x000012c8                erpc::MessageBuffer::Cursor::set(erpc::MessageBuffer*)
                0x00001324                erpc::MessageBuffer::Cursor::read(void*, unsigned long)
                0x00001374                erpc::MessageBuffer::Cursor::write(void const*, unsigned long)
                0x000013e6                erpc::MessageBufferFactory::prepareServerBufferForSend(erpc::MessageBuffer*)
 .text          0x00001404       0xd0 ./eRPC_client/erpc/setup/erpc_client_setup.o
                0x00001404                erpc_client_init
                0x00001484                erpc_client_set_error_handler
                0x000014b0                erpc_client_deinit
 .text._ZN4erpc5CodecC2Ev
                0x000014d4       0x30 ./eRPC_client/erpc/setup/erpc_client_setup.o
                0x000014d4                erpc::Codec::Codec()
                0x000014d4                erpc::Codec::Codec()
 .text._ZN4erpc12CodecFactoryC2Ev
                0x00001504       0x1c ./eRPC_client/erpc/setup/erpc_client_setup.o
                0x00001504                erpc::CodecFactory::CodecFactory()
                0x00001504                erpc::CodecFactory::CodecFactory()
 .text._ZN4erpc12CodecFactoryD2Ev
                0x00001520       0x1c ./eRPC_client/erpc/setup/erpc_client_setup.o
                0x00001520                erpc::CodecFactory::~CodecFactory()
                0x00001520                erpc::CodecFactory::~CodecFactory()
 .text._ZN4erpc13ClientManagerC2Ev
                0x0000153c       0x3c ./eRPC_client/erpc/setup/erpc_client_setup.o
                0x0000153c                erpc::ClientManager::ClientManager()
                0x0000153c                erpc::ClientManager::ClientManager()
 .text._ZN4erpc10BasicCodecC2Ev
                0x00001578       0x24 ./eRPC_client/erpc/setup/erpc_client_setup.o
                0x00001578                erpc::BasicCodec::BasicCodec()
                0x00001578                erpc::BasicCodec::BasicCodec()
 .text._ZN4erpc17BasicCodecFactory6createEv
                0x0000159c       0x30 ./eRPC_client/erpc/setup/erpc_client_setup.o
                0x0000159c                erpc::BasicCodecFactory::create()
 .text._ZN4erpc17BasicCodecFactoryC2Ev
                0x000015cc       0x24 ./eRPC_client/erpc/setup/erpc_client_setup.o
                0x000015cc                erpc::BasicCodecFactory::BasicCodecFactory()
                0x000015cc                erpc::BasicCodecFactory::BasicCodecFactory()
 .text._ZN4erpc17BasicCodecFactoryD2Ev
                0x000015f0       0x24 ./eRPC_client/erpc/setup/erpc_client_setup.o
                0x000015f0                erpc::BasicCodecFactory::~BasicCodecFactory()
                0x000015f0                erpc::BasicCodecFactory::~BasicCodecFactory()
 .text._ZN4erpc13ClientManagerD2Ev
                0x00001614       0x1c ./eRPC_client/erpc/infra/client_manager.o
                0x00001614                erpc::ClientManager::~ClientManager()
                0x00001614                erpc::ClientManager::~ClientManager()
 .text.CLOCK_SetEr32kClock
                0x00001630       0x34 ./drivers/fsl_clock.o
 .text.CLOCK_SetPllFllSelClock
                0x00001664       0x38 ./drivers/fsl_clock.o
 .text.CLOCK_GetMcgExtClkFreq
                0x0000169c       0x34 ./drivers/fsl_clock.o
 .text.CLOCK_GetFllExtRefClkFreq
                0x000016d0       0xa4 ./drivers/fsl_clock.o
 .text.CLOCK_GetInternalRefClkSelectFreq
                0x00001774       0x40 ./drivers/fsl_clock.o
 .text.CLOCK_GetFllRefClkFreq
                0x000017b4       0x2c ./drivers/fsl_clock.o
 .text.CLOCK_GetOscRangeFromFreq
                0x000017e0       0x4c ./drivers/fsl_clock.o
 .text.CLOCK_GetOsc0ErClkFreq
                0x0000182c       0x4c ./drivers/fsl_clock.o
                0x0000182c                CLOCK_GetOsc0ErClkFreq
 .text.CLOCK_GetEr32kClkFreq
                0x00001878       0x84 ./drivers/fsl_clock.o
                0x00001878                CLOCK_GetEr32kClkFreq
 .text.CLOCK_GetPllFllSelClkFreq
                0x000018fc       0x4c ./drivers/fsl_clock.o
                0x000018fc                CLOCK_GetPllFllSelClkFreq
 .text.CLOCK_GetFreq
                0x00001948       0xe0 ./drivers/fsl_clock.o
                0x00001948                CLOCK_GetFreq
 .text.CLOCK_SetSimConfig
                0x00001a28       0x38 ./drivers/fsl_clock.o
                0x00001a28                CLOCK_SetSimConfig
 .text.CLOCK_GetOutClkFreq
                0x00001a60       0x60 ./drivers/fsl_clock.o
                0x00001a60                CLOCK_GetOutClkFreq
 .text.CLOCK_GetFllFreq
                0x00001ac0       0x84 ./drivers/fsl_clock.o
                0x00001ac0                CLOCK_GetFllFreq
 .text.CLOCK_GetInternalRefClkFreq
                0x00001b44       0x28 ./drivers/fsl_clock.o
                0x00001b44                CLOCK_GetInternalRefClkFreq
 .text.CLOCK_GetPll0Freq
                0x00001b6c       0x80 ./drivers/fsl_clock.o
                0x00001b6c                CLOCK_GetPll0Freq
 .text.CLOCK_SetInternalRefClkConfig
                0x00001bec      0x128 ./drivers/fsl_clock.o
                0x00001bec                CLOCK_SetInternalRefClkConfig
 .text.CLOCK_EnablePll0
                0x00001d14       0xa0 ./drivers/fsl_clock.o
                0x00001d14                CLOCK_EnablePll0
 .text.CLOCK_InitOsc0
                0x00001db4       0x94 ./drivers/fsl_clock.o
                0x00001db4                CLOCK_InitOsc0
 .text.CLOCK_SetPbeMode
                0x00001e48       0xc0 ./drivers/fsl_clock.o
                0x00001e48                CLOCK_SetPbeMode
 .text.CLOCK_BootToPeeMode
                0x00001f08       0x80 ./drivers/fsl_clock.o
                0x00001f08                CLOCK_BootToPeeMode
 .text.__assert_func
                0x00001f88       0x28 ./drivers/fsl_common.o
                0x00001f88                __assert_func
 .text.DMA_ClearChannelStatusFlags
                0x00001fb0       0x64 ./drivers/fsl_dma.o
 .text.DMA_HandleIRQ
                0x00002014       0x60 ./drivers/fsl_dma.o
                0x00002014                DMA_HandleIRQ
 .text.DMA0_DriverIRQHandler
                0x00002074       0x18 ./drivers/fsl_dma.o
                0x00002074                DMA0_DriverIRQHandler
 .text.DMA1_DriverIRQHandler
                0x0000208c       0x18 ./drivers/fsl_dma.o
                0x0000208c                DMA1_DriverIRQHandler
 .text.DMA2_DriverIRQHandler
                0x000020a4       0x18 ./drivers/fsl_dma.o
                0x000020a4                DMA2_DriverIRQHandler
 .text.DMA3_DriverIRQHandler
                0x000020bc       0x18 ./drivers/fsl_dma.o
                0x000020bc                DMA3_DriverIRQHandler
 .text.GPIO_GetInstance
                0x000020d4       0x58 ./drivers/fsl_gpio.o
 .text.GPIO_PinInit
                0x0000212c       0x70 ./drivers/fsl_gpio.o
                0x0000212c                GPIO_PinInit
 .text.GPIO_ClearPinsInterruptFlags
                0x0000219c       0x3c ./drivers/fsl_gpio.o
                0x0000219c                GPIO_ClearPinsInterruptFlags
 .text.I2C_TransferCommonIRQHandler
                0x000021d8       0x54 ./drivers/fsl_i2c.o
 .text.I2C0_DriverIRQHandler
                0x0000222c       0x20 ./drivers/fsl_i2c.o
                0x0000222c                I2C0_DriverIRQHandler
 .text.I2C1_DriverIRQHandler
                0x0000224c       0x20 ./drivers/fsl_i2c.o
                0x0000224c                I2C1_DriverIRQHandler
 .text.CLOCK_EnableClock
                0x0000226c       0x34 ./drivers/fsl_lpsci.o
 .text.LPSCI_GetInstance
                0x000022a0       0x54 ./drivers/fsl_lpsci.o
                0x000022a0                LPSCI_GetInstance
 .text.LPSCI_Init
                0x000022f4      0x270 ./drivers/fsl_lpsci.o
                0x000022f4                LPSCI_Init
 .text.LPSCI_GetDefaultConfig
                0x00002564       0x54 ./drivers/fsl_lpsci.o
                0x00002564                LPSCI_GetDefaultConfig
 .text.LPSCI_ClearStatusFlags
                0x000025b8       0x94 ./drivers/fsl_lpsci.o
                0x000025b8                LPSCI_ClearStatusFlags
 .text.LPSCI_WriteBlocking
                0x0000264c       0x5c ./drivers/fsl_lpsci.o
                0x0000264c                LPSCI_WriteBlocking
 .text.LPSCI_ReadBlocking
                0x000026a8       0xd0 ./drivers/fsl_lpsci.o
                0x000026a8                LPSCI_ReadBlocking
 .text.UART0_DriverIRQHandler
                0x00002778       0x24 ./drivers/fsl_lpsci.o
                0x00002778                UART0_DriverIRQHandler
 .text.CLOCK_EnableClock
                0x0000279c       0x34 ./drivers/fsl_lptmr.o
 .text.LPTMR_GetInstance
                0x000027d0       0x54 ./drivers/fsl_lptmr.o
 .text.LPTMR_Init
                0x00002824       0xa0 ./drivers/fsl_lptmr.o
                0x00002824                LPTMR_Init
 .text.LPTMR_GetDefaultConfig
                0x000028c4       0x58 ./drivers/fsl_lptmr.o
                0x000028c4                LPTMR_GetDefaultConfig
 .text.CLOCK_EnableClock
                0x0000291c       0x34 ./drivers/fsl_spi.o
 .text.CLOCK_DisableClock
                0x00002950       0x38 ./drivers/fsl_spi.o
 .text.SPI_GetInstance
                0x00002988       0x58 ./drivers/fsl_spi.o
                0x00002988                SPI_GetInstance
 .text.SPI_MasterGetDefaultConfig
                0x000029e0       0x44 ./drivers/fsl_spi.o
                0x000029e0                SPI_MasterGetDefaultConfig
 .text.SPI_MasterInit
                0x00002a24      0x124 ./drivers/fsl_spi.o
                0x00002a24                SPI_MasterInit
 .text.SPI_Deinit
                0x00002b48       0x3c ./drivers/fsl_spi.o
                0x00002b48                SPI_Deinit
 .text.SPI_MasterTransferBlocking
                0x00002b84      0x100 ./drivers/fsl_spi.o
                0x00002b84                SPI_MasterTransferBlocking
 .text.SPI_CommonIRQHandler
                0x00002c84       0x54 ./drivers/fsl_spi.o
 .text.SPI0_DriverIRQHandler
                0x00002cd8       0x40 ./drivers/fsl_spi.o
                0x00002cd8                SPI0_DriverIRQHandler
 .text.SPI1_DriverIRQHandler
                0x00002d18       0x40 ./drivers/fsl_spi.o
                0x00002d18                SPI1_DriverIRQHandler
 .text.CLOCK_EnableClock
                0x00002d58       0x34 ./drivers/fsl_tsi_v4.o
 .text.TSI_GetStatusFlags
                0x00002d8c       0x1c ./drivers/fsl_tsi_v4.o
 .text.TSI_SetElectrodeOSCPrescaler
                0x00002da8       0x34 ./drivers/fsl_tsi_v4.o
 .text.TSI_SetNumberOfScans
                0x00002ddc       0x34 ./drivers/fsl_tsi_v4.o
 .text.TSI_EnableModule
                0x00002e10       0x40 ./drivers/fsl_tsi_v4.o
 .text.TSI_SetMeasuredChannelNumber
                0x00002e50       0x50 ./drivers/fsl_tsi_v4.o
 .text.TSI_SetLowThreshold
                0x00002ea0       0x54 ./drivers/fsl_tsi_v4.o
 .text.TSI_SetHighThreshold
                0x00002ef4       0x54 ./drivers/fsl_tsi_v4.o
 .text.TSI_SetAnalogMode
                0x00002f48       0x34 ./drivers/fsl_tsi_v4.o
 .text.TSI_SetReferenceChargeCurrent
                0x00002f7c       0x34 ./drivers/fsl_tsi_v4.o
 .text.TSI_SetElectrodeChargeCurrent
                0x00002fb0       0x34 ./drivers/fsl_tsi_v4.o
 .text.TSI_SetOscVoltageRails
                0x00002fe4       0x34 ./drivers/fsl_tsi_v4.o
 .text.TSI_SetElectrodeSeriesResistor
                0x00003018       0x34 ./drivers/fsl_tsi_v4.o
 .text.TSI_SetFilterBits
                0x0000304c       0x30 ./drivers/fsl_tsi_v4.o
 .text.TSI_Init
                0x0000307c      0x1a4 ./drivers/fsl_tsi_v4.o
                0x0000307c                TSI_Init
 .text.TSI_Calibrate
                0x00003220       0xdc ./drivers/fsl_tsi_v4.o
                0x00003220                TSI_Calibrate
 .text.TSI_EnableInterrupts
                0x000032fc       0x5c ./drivers/fsl_tsi_v4.o
                0x000032fc                TSI_EnableInterrupts
 .text.TSI_DisableInterrupts
                0x00003358       0x5c ./drivers/fsl_tsi_v4.o
                0x00003358                TSI_DisableInterrupts
 .text.TSI_ClearStatusFlags
                0x000033b4       0x48 ./drivers/fsl_tsi_v4.o
                0x000033b4                TSI_ClearStatusFlags
 .text.CLOCK_EnableClock
                0x000033fc       0x34 ./drivers/fsl_uart.o
 .text.UART_GetInstance
                0x00003430       0x60 ./drivers/fsl_uart.o
                0x00003430                UART_GetInstance
 .text.UART_Init
                0x00003490      0x1f8 ./drivers/fsl_uart.o
                0x00003490                UART_Init
 .text.UART_GetDefaultConfig
                0x00003688       0x54 ./drivers/fsl_uart.o
                0x00003688                UART_GetDefaultConfig
 .text.UART_ReadBlocking
                0x000036dc       0xa8 ./drivers/fsl_uart.o
                0x000036dc                UART_ReadBlocking
 .text.UART1_DriverIRQHandler
                0x00003784       0x24 ./drivers/fsl_uart.o
                0x00003784                UART1_DriverIRQHandler
 .text.UART2_DriverIRQHandler
                0x000037a8       0x24 ./drivers/fsl_uart.o
                0x000037a8                UART2_DriverIRQHandler
 .text.CLOCK_SetLpsci0Clock
                0x000037cc       0x38 ./board/board.o
 .text.BOARD_InitDebugConsole
                0x00003804       0x30 ./board/board.o
                0x00003804                BOARD_InitDebugConsole
 .text.CLOCK_SetSimSafeDivs
                0x00003834       0x20 ./board/clock_config.o
 .text.CLOCK_SetXtal0Freq
                0x00003854       0x1c ./board/clock_config.o
 .text.CLOCK_CONFIG_SetFllExtRefDiv
                0x00003870       0x3c ./board/clock_config.o
 .text.BOARD_BootClockRUN
                0x000038ac       0x64 ./board/clock_config.o
                0x000038ac                BOARD_BootClockRUN
 .text.CLOCK_EnableClock
                0x00003910       0x34 ./board/pin_mux.o
 .text.PORT_SetPinMux
                0x00003944       0x40 ./board/pin_mux.o
 .text.BOARD_InitPins
                0x00003984       0xf4 ./board/pin_mux.o
                0x00003984                BOARD_InitPins
 .text.SystemInit
                0x00003a78       0x18 ./CMSIS/system_MKL25Z4.o
                0x00003a78                SystemInit
 .text          0x00003a90      0x114 c:/nxp/mcuxpressoide_10.3.0_2200/ide/plugins/com.nxp.mcuxpresso.tools.win32_10.3.0.201811011841/tools/bin/../lib/gcc/arm-none-eabi/7.3.1/thumb/v6-m\libgcc.a(_udivsi3.o)
                0x00003a90                __aeabi_uidiv
                0x00003a90                __udivsi3
                0x00003b9c                __aeabi_uidivmod
 .text          0x00003ba4      0x1d4 c:/nxp/mcuxpressoide_10.3.0_2200/ide/plugins/com.nxp.mcuxpresso.tools.win32_10.3.0.201811011841/tools/bin/../lib/gcc/arm-none-eabi/7.3.1/thumb/v6-m\libgcc.a(_divsi3.o)
                0x00003ba4                __divsi3
                0x00003ba4                __aeabi_idiv
                0x00003d70                __aeabi_idivmod
 .text          0x00003d78        0x4 c:/nxp/mcuxpressoide_10.3.0_2200/ide/plugins/com.nxp.mcuxpresso.tools.win32_10.3.0.201811011841/tools/bin/../lib/gcc/arm-none-eabi/7.3.1/thumb/v6-m\libgcc.a(_dvmd_tls.o)
                0x00003d78                __aeabi_idiv0
                0x00003d78                __aeabi_ldiv0
 .text          0x00003d7c       0x40 c:/nxp/mcuxpressoide_10.3.0_2200/ide/plugins/com.nxp.mcuxpresso.tools.win32_10.3.0.201811011841/tools/bin/../lib/gcc/arm-none-eabi/7.3.1/thumb/v6-m\libgcc.a(_aeabi_uldivmod.o)
                0x00003d7c                __aeabi_uldivmod
 .text          0x00003dbc       0x54 c:/nxp/mcuxpressoide_10.3.0_2200/ide/plugins/com.nxp.mcuxpresso.tools.win32_10.3.0.201811011841/tools/bin/../lib/gcc/arm-none-eabi/7.3.1/thumb/v6-m\libgcc.a(_muldi3.o)
                0x00003dbc                __muldi3
                0x00003dbc                __aeabi_lmul
 .text          0x00003e10      0x184 c:/nxp/mcuxpressoide_10.3.0_2200/ide/plugins/com.nxp.mcuxpresso.tools.win32_10.3.0.201811011841/tools/bin/../lib/gcc/arm-none-eabi/7.3.1/thumb/v6-m\libgcc.a(_udivmoddi4.o)
                0x00003e10                __udivmoddi4
 .text          0x00003f94      0xa08 c:/nxp/mcuxpressoide_10.3.0_2200/ide/plugins/com.nxp.mcuxpresso.tools.win32_10.3.0.201811011841/tools/bin/../lib/gcc/arm-none-eabi/7.3.1/thumb/v6-m\libgcc.a(unwind-arm.o)
                0x00004250                _Unwind_GetCFA
                0x00004254                __gnu_Unwind_RaiseException
                0x000042a8                __gnu_Unwind_ForcedUnwind
                0x000042bc                __gnu_Unwind_Resume
                0x00004304                __gnu_Unwind_Resume_or_Rethrow
                0x00004320                _Unwind_Complete
                0x00004324                _Unwind_DeleteException
                0x00004334                _Unwind_VRS_Get
                0x0000437c                _Unwind_VRS_Set
                0x000043c4                __gnu_Unwind_Backtrace
                0x00004714                __aeabi_unwind_cpp_pr0
                0x00004720                __aeabi_unwind_cpp_pr1
                0x0000472c                __aeabi_unwind_cpp_pr2
                0x00004738                _Unwind_VRS_Pop
 .text          0x0000499c      0x144 c:/nxp/mcuxpressoide_10.3.0_2200/ide/plugins/com.nxp.mcuxpresso.tools.win32_10.3.0.201811011841/tools/bin/../lib/gcc/arm-none-eabi/7.3.1/thumb/v6-m\libgcc.a(libunwind.o)
                0x0000499c                __restore_core_regs
                0x0000499c                restore_core_regs
                0x000049c8                __gnu_Unwind_Restore_VFP
                0x000049cc                __gnu_Unwind_Save_VFP
                0x000049d0                __gnu_Unwind_Restore_VFP_D
                0x000049d4                __gnu_Unwind_Save_VFP_D
                0x000049d8                __gnu_Unwind_Restore_VFP_D_16_to_31
                0x000049dc                __gnu_Unwind_Save_VFP_D_16_to_31
                0x000049e0                __gnu_Unwind_Restore_WMMXD
                0x000049e4                __gnu_Unwind_Save_WMMXD
                0x000049e8                __gnu_Unwind_Restore_WMMXC
                0x000049ec                __gnu_Unwind_Save_WMMXC
                0x000049f0                ___Unwind_RaiseException
                0x000049f0                _Unwind_RaiseException
                0x00004a20                _Unwind_Resume
                0x00004a20                ___Unwind_Resume
                0x00004a50                _Unwind_Resume_or_Rethrow
                0x00004a50                ___Unwind_Resume_or_Rethrow
                0x00004a80                _Unwind_ForcedUnwind
                0x00004a80                ___Unwind_ForcedUnwind
                0x00004ab0                ___Unwind_Backtrace
                0x00004ab0                _Unwind_Backtrace
 .text          0x00004ae0      0x39c c:/nxp/mcuxpressoide_10.3.0_2200/ide/plugins/com.nxp.mcuxpresso.tools.win32_10.3.0.201811011841/tools/bin/../lib/gcc/arm-none-eabi/7.3.1/thumb/v6-m\libgcc.a(pr-support.o)
                0x00004b34                __gnu_unwind_execute
                0x00004e24                __gnu_unwind_frame
                0x00004e4c                _Unwind_GetRegionStart
                0x00004e58                _Unwind_GetLanguageSpecificData
                0x00004e6c                _Unwind_GetDataRelBase
                0x00004e74                _Unwind_GetTextRelBase
 .text          0x00004e7c       0x18 c:/nxp/mcuxpressoide_10.3.0_2200/ide/plugins/com.nxp.mcuxpresso.tools.win32_10.3.0.201811011841/tools/bin/../lib/gcc/arm-none-eabi/7.3.1/thumb/v6-m\libgcc.a(_clzdi2.o)
                0x00004e7c                __clzdi2
 .text          0x00004e94       0x3c c:/nxp/mcuxpressoide_10.3.0_2200/ide/plugins/com.nxp.mcuxpresso.tools.win32_10.3.0.201811011841/tools/bin/../lib/gcc/arm-none-eabi/7.3.1/thumb/v6-m\libgcc.a(_clzsi2.o)
                0x00004e94                __clzsi2
 .text.__libc_init_array
                0x00004ed0       0x48 c:/nxp/mcuxpressoide_10.3.0_2200/ide/plugins/com.nxp.mcuxpresso.tools.win32_10.3.0.201811011841/tools/bin/../lib/gcc/arm-none-eabi/7.3.1/../../../../arm-none-eabi/lib/thumb/v6-m\libc_nano.a(lib_a-init.o)
                0x00004ed0                __libc_init_array
 .text.malloc   0x00004f18       0x14 c:/nxp/mcuxpressoide_10.3.0_2200/ide/plugins/com.nxp.mcuxpresso.tools.win32_10.3.0.201811011841/tools/bin/../lib/gcc/arm-none-eabi/7.3.1/../../../../arm-none-eabi/lib/thumb/v6-m\libc_nano.a(lib_a-malloc.o)
                0x00004f18                malloc
 .text.free     0x00004f2c       0x14 c:/nxp/mcuxpressoide_10.3.0_2200/ide/plugins/com.nxp.mcuxpresso.tools.win32_10.3.0.201811011841/tools/bin/../lib/gcc/arm-none-eabi/7.3.1/../../../../arm-none-eabi/lib/thumb/v6-m\libc_nano.a(lib_a-malloc.o)
                0x00004f2c                free
 .text._free_r  0x00004f40       0x94 c:/nxp/mcuxpressoide_10.3.0_2200/ide/plugins/com.nxp.mcuxpresso.tools.win32_10.3.0.201811011841/tools/bin/../lib/gcc/arm-none-eabi/7.3.1/../../../../arm-none-eabi/lib/thumb/v6-m\libc_nano.a(lib_a-nano-freer.o)
                0x00004f40                _free_r
 .text._malloc_r
                0x00004fd4       0xbc c:/nxp/mcuxpressoide_10.3.0_2200/ide/plugins/com.nxp.mcuxpresso.tools.win32_10.3.0.201811011841/tools/bin/../lib/gcc/arm-none-eabi/7.3.1/../../../../arm-none-eabi/lib/thumb/v6-m\libc_nano.a(lib_a-nano-mallocr.o)
                0x00004fd4                _malloc_r
 .text.printf   0x00005090       0x34 c:/nxp/mcuxpressoide_10.3.0_2200/ide/plugins/com.nxp.mcuxpresso.tools.win32_10.3.0.201811011841/tools/bin/../lib/gcc/arm-none-eabi/7.3.1/../../../../arm-none-eabi/lib/thumb/v6-m\libc_nano.a(lib_a-printf.o)
                0x00005090                iprintf
                0x00005090                printf
 .text._puts_r  0x000050c4       0xc0 c:/nxp/mcuxpressoide_10.3.0_2200/ide/plugins/com.nxp.mcuxpresso.tools.win32_10.3.0.201811011841/tools/bin/../lib/gcc/arm-none-eabi/7.3.1/../../../../arm-none-eabi/lib/thumb/v6-m\libc_nano.a(lib_a-puts.o)
                0x000050c4                _puts_r
 .text.puts     0x00005184       0x14 c:/nxp/mcuxpressoide_10.3.0_2200/ide/plugins/com.nxp.mcuxpresso.tools.win32_10.3.0.201811011841/tools/bin/../lib/gcc/arm-none-eabi/7.3.1/../../../../arm-none-eabi/lib/thumb/v6-m\libc_nano.a(lib_a-puts.o)
                0x00005184                puts
 .text._sbrk_r  0x00005198       0x24 c:/nxp/mcuxpressoide_10.3.0_2200/ide/plugins/com.nxp.mcuxpresso.tools.win32_10.3.0.201811011841/tools/bin/../lib/gcc/arm-none-eabi/7.3.1/../../../../arm-none-eabi/lib/thumb/v6-m\libc_nano.a(lib_a-sbrkr.o)
                0x00005198                _sbrk_r
 .text.raise    0x000051bc       0x14 c:/nxp/mcuxpressoide_10.3.0_2200/ide/plugins/com.nxp.mcuxpresso.tools.win32_10.3.0.201811011841/tools/bin/../lib/gcc/arm-none-eabi/7.3.1/../../../../arm-none-eabi/lib/thumb/v6-m\libc_nano.a(lib_a-signal.o)
                0x000051bc                raise
 .text._kill_r  0x000051d0       0x24 c:/nxp/mcuxpressoide_10.3.0_2200/ide/plugins/com.nxp.mcuxpresso.tools.win32_10.3.0.201811011841/tools/bin/../lib/gcc/arm-none-eabi/7.3.1/../../../../arm-none-eabi/lib/thumb/v6-m\libc_nano.a(lib_a-signalr.o)
                0x000051d0                _kill_r
 .text.__swbuf_r
                0x000051f4       0xac c:/nxp/mcuxpressoide_10.3.0_2200/ide/plugins/com.nxp.mcuxpresso.tools.win32_10.3.0.201811011841/tools/bin/../lib/gcc/arm-none-eabi/7.3.1/../../../../arm-none-eabi/lib/thumb/v6-m\libc_nano.a(lib_a-wbuf.o)
                0x000051f4                __swbuf_r
 .text.__swsetup_r
                0x000052a0       0xec c:/nxp/mcuxpressoide_10.3.0_2200/ide/plugins/com.nxp.mcuxpresso.tools.win32_10.3.0.201811011841/tools/bin/../lib/gcc/arm-none-eabi/7.3.1/../../../../arm-none-eabi/lib/thumb/v6-m\libc_nano.a(lib_a-wsetup.o)
                0x000052a0                __swsetup_r
 .text.__sflush_r
                0x0000538c      0x114 c:/nxp/mcuxpressoide_10.3.0_2200/ide/plugins/com.nxp.mcuxpresso.tools.win32_10.3.0.201811011841/tools/bin/../lib/gcc/arm-none-eabi/7.3.1/../../../../arm-none-eabi/lib/thumb/v6-m\libc_nano.a(lib_a-fflush.o)
                0x0000538c                __sflush_r
 .text._fflush_r
                0x000054a0       0x58 c:/nxp/mcuxpressoide_10.3.0_2200/ide/plugins/com.nxp.mcuxpresso.tools.win32_10.3.0.201811011841/tools/bin/../lib/gcc/arm-none-eabi/7.3.1/../../../../arm-none-eabi/lib/thumb/v6-m\libc_nano.a(lib_a-fflush.o)
                0x000054a0                _fflush_r
 .text.std      0x000054f8       0x48 c:/nxp/mcuxpressoide_10.3.0_2200/ide/plugins/com.nxp.mcuxpresso.tools.win32_10.3.0.201811011841/tools/bin/../lib/gcc/arm-none-eabi/7.3.1/../../../../arm-none-eabi/lib/thumb/v6-m\libc_nano.a(lib_a-findfp.o)
 .text._cleanup_r
                0x00005540       0x10 c:/nxp/mcuxpressoide_10.3.0_2200/ide/plugins/com.nxp.mcuxpresso.tools.win32_10.3.0.201811011841/tools/bin/../lib/gcc/arm-none-eabi/7.3.1/../../../../arm-none-eabi/lib/thumb/v6-m\libc_nano.a(lib_a-findfp.o)
                0x00005540                _cleanup_r
 .text.__sinit  0x00005550       0x68 c:/nxp/mcuxpressoide_10.3.0_2200/ide/plugins/com.nxp.mcuxpresso.tools.win32_10.3.0.201811011841/tools/bin/../lib/gcc/arm-none-eabi/7.3.1/../../../../arm-none-eabi/lib/thumb/v6-m\libc_nano.a(lib_a-findfp.o)
                0x00005550                __sinit
 .text.__sfp    0x000055b8       0x7c c:/nxp/mcuxpressoide_10.3.0_2200/ide/plugins/com.nxp.mcuxpresso.tools.win32_10.3.0.201811011841/tools/bin/../lib/gcc/arm-none-eabi/7.3.1/../../../../arm-none-eabi/lib/thumb/v6-m\libc_nano.a(lib_a-findfp.o)
                0x000055b8                __sfp
 .text.__swhatbuf_r
                0x00005634       0x50 c:/nxp/mcuxpressoide_10.3.0_2200/ide/plugins/com.nxp.mcuxpresso.tools.win32_10.3.0.201811011841/tools/bin/../lib/gcc/arm-none-eabi/7.3.1/../../../../arm-none-eabi/lib/thumb/v6-m\libc_nano.a(lib_a-makebuf.o)
                0x00005634                __swhatbuf_r
 .text.__smakebuf_r
                0x00005684       0x88 c:/nxp/mcuxpressoide_10.3.0_2200/ide/plugins/com.nxp.mcuxpresso.tools.win32_10.3.0.201811011841/tools/bin/../lib/gcc/arm-none-eabi/7.3.1/../../../../arm-none-eabi/lib/thumb/v6-m\libc_nano.a(lib_a-makebuf.o)
                0x00005684                __smakebuf_r
 .text._vfprintf_r
                0x0000570c      0x22c c:/nxp/mcuxpressoide_10.3.0_2200/ide/plugins/com.nxp.mcuxpresso.tools.win32_10.3.0.201811011841/tools/bin/../lib/gcc/arm-none-eabi/7.3.1/../../../../arm-none-eabi/lib/thumb/v6-m\libc_nano.a(lib_a-nano-vfprintf.o)
                0x0000570c                _vfprintf_r
                0x0000570c                _vfiprintf_r
 .text._printf_i
                0x00005938      0x210 c:/nxp/mcuxpressoide_10.3.0_2200/ide/plugins/com.nxp.mcuxpresso.tools.win32_10.3.0.201811011841/tools/bin/../lib/gcc/arm-none-eabi/7.3.1/../../../../arm-none-eabi/lib/thumb/v6-m\libc_nano.a(lib_a-nano-vfprintf_i.o)
                0x00005938                _printf_i
 .text.__sread  0x00005b48       0x28 c:/nxp/mcuxpressoide_10.3.0_2200/ide/plugins/com.nxp.mcuxpresso.tools.win32_10.3.0.201811011841/tools/bin/../lib/gcc/arm-none-eabi/7.3.1/../../../../arm-none-eabi/lib/thumb/v6-m\libc_nano.a(lib_a-stdio.o)
                0x00005b48                __sread
 .text.__swrite
                0x00005b70       0x38 c:/nxp/mcuxpressoide_10.3.0_2200/ide/plugins/com.nxp.mcuxpresso.tools.win32_10.3.0.201811011841/tools/bin/../lib/gcc/arm-none-eabi/7.3.1/../../../../arm-none-eabi/lib/thumb/v6-m\libc_nano.a(lib_a-stdio.o)
                0x00005b70                __swrite
 .text.__sseek  0x00005ba8       0x2c c:/nxp/mcuxpressoide_10.3.0_2200/ide/plugins/com.nxp.mcuxpresso.tools.win32_10.3.0.201811011841/tools/bin/../lib/gcc/arm-none-eabi/7.3.1/../../../../arm-none-eabi/lib/thumb/v6-m\libc_nano.a(lib_a-stdio.o)
                0x00005ba8                __sseek
 .text._write_r
                0x00005bd4       0x28 c:/nxp/mcuxpressoide_10.3.0_2200/ide/plugins/com.nxp.mcuxpresso.tools.win32_10.3.0.201811011841/tools/bin/../lib/gcc/arm-none-eabi/7.3.1/../../../../arm-none-eabi/lib/thumb/v6-m\libc_nano.a(lib_a-writer.o)
                0x00005bd4                _write_r
 .text._close_r
                0x00005bfc       0x24 c:/nxp/mcuxpressoide_10.3.0_2200/ide/plugins/com.nxp.mcuxpresso.tools.win32_10.3.0.201811011841/tools/bin/../lib/gcc/arm-none-eabi/7.3.1/../../../../arm-none-eabi/lib/thumb/v6-m\libc_nano.a(lib_a-closer.o)
                0x00005bfc                _close_r
 .text._fstat_r
                0x00005c20       0x24 c:/nxp/mcuxpressoide_10.3.0_2200/ide/plugins/com.nxp.mcuxpresso.tools.win32_10.3.0.201811011841/tools/bin/../lib/gcc/arm-none-eabi/7.3.1/../../../../arm-none-eabi/lib/thumb/v6-m\libc_nano.a(lib_a-fstatr.o)
                0x00005c20                _fstat_r
 .text._isatty_r
                0x00005c44       0x24 c:/nxp/mcuxpressoide_10.3.0_2200/ide/plugins/com.nxp.mcuxpresso.tools.win32_10.3.0.201811011841/tools/bin/../lib/gcc/arm-none-eabi/7.3.1/../../../../arm-none-eabi/lib/thumb/v6-m\libc_nano.a(lib_a-isattyr.o)
                0x00005c44                _isatty_r
 .text._lseek_r
                0x00005c68       0x28 c:/nxp/mcuxpressoide_10.3.0_2200/ide/plugins/com.nxp.mcuxpresso.tools.win32_10.3.0.201811011841/tools/bin/../lib/gcc/arm-none-eabi/7.3.1/../../../../arm-none-eabi/lib/thumb/v6-m\libc_nano.a(lib_a-lseekr.o)
                0x00005c68                _lseek_r
 .text._read_r  0x00005c90       0x28 c:/nxp/mcuxpressoide_10.3.0_2200/ide/plugins/com.nxp.mcuxpresso.tools.win32_10.3.0.201811011841/tools/bin/../lib/gcc/arm-none-eabi/7.3.1/../../../../arm-none-eabi/lib/thumb/v6-m\libc_nano.a(lib_a-readr.o)
                0x00005c90                _read_r
 .text.__cxa_get_globals
                0x00005cb8        0x8 c:/nxp/mcuxpressoide_10.3.0_2200/ide/plugins/com.nxp.mcuxpresso.tools.win32_10.3.0.201811011841/tools/bin/../lib/gcc/arm-none-eabi/7.3.1/../../../../arm-none-eabi/lib/thumb/v6-m\libstdc++_nano.a(eh_globals.o)
                0x00005cb8                __cxa_get_globals
 .text._ZSt9terminatev
                0x00005cc0       0x10 c:/nxp/mcuxpressoide_10.3.0_2200/ide/plugins/com.nxp.mcuxpresso.tools.win32_10.3.0.201811011841/tools/bin/../lib/gcc/arm-none-eabi/7.3.1/../../../../arm-none-eabi/lib/thumb/v6-m\libstdc++_nano.a(eh_terminate.o)
                0x00005cc0                std::terminate()
 .text._ZSt10unexpectedv
                0x00005cd0       0x10 c:/nxp/mcuxpressoide_10.3.0_2200/ide/plugins/com.nxp.mcuxpresso.tools.win32_10.3.0.201811011841/tools/bin/../lib/gcc/arm-none-eabi/7.3.1/../../../../arm-none-eabi/lib/thumb/v6-m\libstdc++_nano.a(eh_terminate.o)
                0x00005cd0                std::unexpected()
 .text.__cxa_type_match
                0x00005ce0       0xb8 c:/nxp/mcuxpressoide_10.3.0_2200/ide/plugins/com.nxp.mcuxpresso.tools.win32_10.3.0.201811011841/tools/bin/../lib/gcc/arm-none-eabi/7.3.1/../../../../arm-none-eabi/lib/thumb/v6-m\libstdc++_nano.a(eh_arm.o)
                0x00005ce0                __cxa_type_match
 .text._ZN10__cxxabiv120__si_class_type_infoD2Ev
                0x00005d98       0x18 c:/nxp/mcuxpressoide_10.3.0_2200/ide/plugins/com.nxp.mcuxpresso.tools.win32_10.3.0.201811011841/tools/bin/../lib/gcc/arm-none-eabi/7.3.1/../../../../arm-none-eabi/lib/thumb/v6-m\libstdc++_nano.a(si_class_type_info.o)
                0x00005d98                __cxxabiv1::__si_class_type_info::~__si_class_type_info()
                0x00005d98                __cxxabiv1::__si_class_type_info::~__si_class_type_info()
 .text._ZN10__cxxabiv117__class_type_infoD2Ev
                0x00005db0       0x18 c:/nxp/mcuxpressoide_10.3.0_2200/ide/plugins/com.nxp.mcuxpresso.tools.win32_10.3.0.201811011841/tools/bin/../lib/gcc/arm-none-eabi/7.3.1/../../../../arm-none-eabi/lib/thumb/v6-m\libstdc++_nano.a(class_type_info.o)
                0x00005db0                __cxxabiv1::__class_type_info::~__class_type_info()
                0x00005db0                __cxxabiv1::__class_type_info::~__class_type_info()
 .text._sbrk    0x00005dc8       0x40 c:/nxp/mcuxpressoide_10.3.0_2200/ide/plugins/com.nxp.mcuxpresso.tools.win32_10.3.0.201811011841/tools/bin/../lib/gcc/arm-none-eabi/7.3.1/../../../../arm-none-eabi/lib/thumb/v6-m\libcr_newlib_semihost.a(_cr_sbrk.o)
                0x00005dc8                _sbrk
 .text._kill    0x00005e08       0x24 c:/nxp/mcuxpressoide_10.3.0_2200/ide/plugins/com.nxp.mcuxpresso.tools.win32_10.3.0.201811011841/tools/bin/../lib/gcc/arm-none-eabi/7.3.1/../../../../arm-none-eabi/lib/thumb/v6-m\libcr_newlib_semihost.a(_kill.o)
                0x00005e08                _kill
 .text.initialise_monitor_handles.part.0
                0x00005e2c       0x9c c:/nxp/mcuxpressoide_10.3.0_2200/ide/plugins/com.nxp.mcuxpresso.tools.win32_10.3.0.201811011841/tools/bin/../lib/gcc/arm-none-eabi/7.3.1/../../../../arm-none-eabi/lib/thumb/v6-m\libcr_newlib_semihost.a(syscalls.o)
 .text.findslot
                0x00005ec8       0x30 c:/nxp/mcuxpressoide_10.3.0_2200/ide/plugins/com.nxp.mcuxpresso.tools.win32_10.3.0.201811011841/tools/bin/../lib/gcc/arm-none-eabi/7.3.1/../../../../arm-none-eabi/lib/thumb/v6-m\libcr_newlib_semihost.a(syscalls.o)
 .text._close   0x00005ef8       0x4c c:/nxp/mcuxpressoide_10.3.0_2200/ide/plugins/com.nxp.mcuxpresso.tools.win32_10.3.0.201811011841/tools/bin/../lib/gcc/arm-none-eabi/7.3.1/../../../../arm-none-eabi/lib/thumb/v6-m\libcr_newlib_semihost.a(syscalls.o)
                0x00005ef8                _close
 .text.__check_heap_overflow
                0x00005f44       0x14 c:/nxp/mcuxpressoide_10.3.0_2200/ide/plugins/com.nxp.mcuxpresso.tools.win32_10.3.0.201811011841/tools/bin/../lib/gcc/arm-none-eabi/7.3.1/../../../../arm-none-eabi/lib/thumb/v6-m\libcr_newlib_semihost.a(_cr_check_heap.o)
                0x00005f44                __check_heap_overflow
 .text          0x00005f58       0x48 c:/nxp/mcuxpressoide_10.3.0_2200/ide/plugins/com.nxp.mcuxpresso.tools.win32_10.3.0.201811011841/tools/bin/../lib/gcc/arm-none-eabi/7.3.1/thumb/v6-m\crtbegin.o
 .text          0x00005fa0       0x14 c:/nxp/mcuxpressoide_10.3.0_2200/ide/plugins/com.nxp.mcuxpresso.tools.win32_10.3.0.201811011841/tools/bin/../lib/gcc/arm-none-eabi/7.3.1/thumb/v6-m\libgcc.a(_thumb1_case_uqi.o)
                0x00005fa0                __gnu_thumb1_case_uqi
 .text          0x00005fb4       0x14 c:/nxp/mcuxpressoide_10.3.0_2200/ide/plugins/com.nxp.mcuxpresso.tools.win32_10.3.0.201811011841/tools/bin/../lib/gcc/arm-none-eabi/7.3.1/thumb/v6-m\libgcc.a(_thumb1_case_shi.o)
                0x00005fb4                __gnu_thumb1_case_shi
 .text.__errno  0x00005fc8        0xc c:/nxp/mcuxpressoide_10.3.0_2200/ide/plugins/com.nxp.mcuxpresso.tools.win32_10.3.0.201811011841/tools/bin/../lib/gcc/arm-none-eabi/7.3.1/../../../../arm-none-eabi/lib/thumb/v6-m\libc_nano.a(lib_a-errno.o)
                0x00005fc8                __errno
 .text.UART_EnableTx
                0x00005fd4       0x40 ./utilities/fsl_debug_console.o
 .text.UART_EnableRx
                0x00006014       0x40 ./utilities/fsl_debug_console.o
 .text.LPSCI_EnableTx
                0x00006054       0x40 ./utilities/fsl_debug_console.o
 .text.LPSCI_EnableRx
                0x00006094       0x40 ./utilities/fsl_debug_console.o
 .text._ZN4erpc14RequestContext8getCodecEv
                0x000060d4       0x14 ./source/erpc_touch_client.o
                0x000060d4                erpc::RequestContext::getCodec()
 .text._ZNK4erpc14RequestContext11getSequenceEv
                0x000060e8       0x14 ./source/erpc_touch_client.o
                0x000060e8                erpc::RequestContext::getSequence() const
 .text.TSI_GetMeasuredChannelNumber
                0x000060fc       0x1e ./source/main_client.o
 .text.TSI_GetCounter
                0x0000611a       0x16 ./source/main_client.o
 .text.LPTMR_StartTimer
                0x00006130       0x2c ./source/main_client.o
 .text._ZN4erpc9Transport10hasMessageEv
                0x0000615c       0x12 ./eRPC_spi_master_transport/erpc/transports/spi_master_transport.o
                0x0000615c                erpc::Transport::hasMessage()
 .text._ZnwjPv  0x0000616e       0x14 ./eRPC_spi_master_transport/erpc/setup/erpc_setup_mbf_dynamic.o
                0x0000616e                operator new(unsigned int, void*)
 .text._ZN4erpc13MessageBufferC2EPht
                0x00006182       0x2c ./eRPC_spi_master_transport/erpc/setup/erpc_setup_mbf_dynamic.o
                0x00006182                erpc::MessageBuffer::MessageBuffer(unsigned char*, unsigned short)
                0x00006182                erpc::MessageBuffer::MessageBuffer(unsigned char*, unsigned short)
 .text._ZN4erpc13MessageBuffer3getEv
                0x000061ae       0x14 ./eRPC_spi_master_transport/erpc/setup/erpc_setup_mbf_dynamic.o
                0x000061ae                erpc::MessageBuffer::get()
 .text._ZN4erpc20MessageBufferFactoryD0Ev
                0x000061c2       0x22 ./eRPC_spi_master_transport/erpc/setup/erpc_setup_mbf_dynamic.o
                0x000061c2                erpc::MessageBufferFactory::~MessageBufferFactory()
 .text._ZN4erpc20MessageBufferFactory18createServerBufferEv
                0x000061e4       0x12 ./eRPC_spi_master_transport/erpc/setup/erpc_setup_mbf_dynamic.o
                0x000061e4                erpc::MessageBufferFactory::createServerBuffer()
 .text._ZN4erpc19ManuallyConstructedI27DynamicMessageBufferFactoryE9constructEv
                0x000061f6       0x24 ./eRPC_spi_master_transport/erpc/setup/erpc_setup_mbf_dynamic.o
                0x000061f6                erpc::ManuallyConstructed<DynamicMessageBufferFactory>::construct()
 .text._ZN4erpc19ManuallyConstructedI27DynamicMessageBufferFactoryE3getEv
                0x0000621a       0x12 ./eRPC_spi_master_transport/erpc/setup/erpc_setup_mbf_dynamic.o
                0x0000621a                erpc::ManuallyConstructed<DynamicMessageBufferFactory>::get()
 .text._ZN27DynamicMessageBufferFactoryD0Ev
                0x0000622c       0x22 ./eRPC_spi_master_transport/erpc/setup/erpc_setup_mbf_dynamic.o
                0x0000622c                DynamicMessageBufferFactory::~DynamicMessageBufferFactory()
 .text._ZNK4erpc13MessageBuffer7getUsedEv
                0x0000624e       0x16 ./eRPC_spi_master_transport/erpc/infra/framed_transport.o
                0x0000624e                erpc::MessageBuffer::getUsed() const
 .text._ZN4erpc13MessageBuffer7setUsedEt
                0x00006264       0x1e ./eRPC_spi_master_transport/erpc/infra/framed_transport.o
                0x00006264                erpc::MessageBuffer::setUsed(unsigned short)
 .text._ZN4erpc9TransportD0Ev
                0x00006282       0x22 ./eRPC_spi_master_transport/erpc/infra/framed_transport.o
                0x00006282                erpc::Transport::~Transport()
 .text._ZdlPvS_
                0x000062a4       0x12 ./eRPC_spi_master_c_wrapper/erpc/setup/erpc_setup_spi_master.o
                0x000062a4                operator delete(void*, void*)
 .text._ZN4erpc19ManuallyConstructedINS_18SpiMasterTransportEE9constructIP8SPI_TypemmEEvRKT_RKT0_RKT1_
                0x000062b6       0x46 ./eRPC_spi_master_c_wrapper/erpc/setup/erpc_setup_spi_master.o
                0x000062b6                void erpc::ManuallyConstructed<erpc::SpiMasterTransport>::construct<SPI_Type*, unsigned long, unsigned long>(SPI_Type* const&, unsigned long const&, unsigned long const&)
 .text._ZN4erpc19ManuallyConstructedINS_18SpiMasterTransportEEptEv
                0x000062fc       0x1a ./eRPC_spi_master_c_wrapper/erpc/setup/erpc_setup_spi_master.o
                0x000062fc                erpc::ManuallyConstructed<erpc::SpiMasterTransport>::operator->()
 .text._ZN4erpc19ManuallyConstructedINS_18SpiMasterTransportEE3getEv
                0x00006316       0x12 ./eRPC_spi_master_c_wrapper/erpc/setup/erpc_setup_spi_master.o
                0x00006316                erpc::ManuallyConstructed<erpc::SpiMasterTransport>::get()
 .text          0x00006328       0xe8 ./eRPC_port_stdlib/erpc/port/erpc_port_stdlib.o
                0x00006328                operator new(unsigned int)
                0x00006346                operator new(unsigned int, std::nothrow_t const&)
                0x00006366                operator new[](unsigned int)
                0x00006384                operator new[](unsigned int, std::nothrow_t const&)
                0x000063a4                operator delete(void*)
                0x000063bc                operator delete[](void*)
                0x000063d4                erpc_malloc
                0x000063f2                erpc_free
                0x0000640a                __cxa_pure_virtual
 .text          0x00006410      0x656 ./eRPC_common_src/erpc/infra/basic_codec.o
                0x00006410                erpc::BasicCodec::startWriteMessage(erpc::_message_type, unsigned long, unsigned long, unsigned long)
                0x0000648c                erpc::BasicCodec::endWriteMessage()
                0x0000649e                erpc::BasicCodec::write(bool)
                0x000064ce                erpc::BasicCodec::write(signed char)
                0x000064f4                erpc::BasicCodec::write(short)
                0x0000651a                erpc::BasicCodec::write(long)
                0x0000653c                erpc::BasicCodec::write(long long)
                0x00006560                erpc::BasicCodec::write(unsigned char)
                0x00006586                erpc::BasicCodec::write(unsigned short)
                0x000065ac                erpc::BasicCodec::write(unsigned long)
                0x000065ce                erpc::BasicCodec::write(unsigned long long)
                0x000065f2                erpc::BasicCodec::write(float)
                0x00006614                erpc::BasicCodec::write(double)
                0x00006638                erpc::BasicCodec::writeString(unsigned long, char const*)
                0x0000665e                erpc::BasicCodec::writeBinary(unsigned long, unsigned char const*)
                0x000066a0                erpc::BasicCodec::startWriteList(unsigned long)
                0x000066c4                erpc::BasicCodec::endWriteList()
                0x000066d6                erpc::BasicCodec::startWriteStruct()
                0x000066e8                erpc::BasicCodec::endWriteStruct()
                0x000066fa                erpc::BasicCodec::writeNullFlag(bool)
                0x0000672e                erpc::BasicCodec::startReadMessage(erpc::_message_type*, unsigned long*, unsigned long*, unsigned long*)
                0x000067a2                erpc::BasicCodec::endReadMessage()
                0x000067b4                erpc::BasicCodec::read(bool*)
                0x000067f4                erpc::BasicCodec::read(signed char*)
                0x00006816                erpc::BasicCodec::read(short*)
                0x00006838                erpc::BasicCodec::read(long*)
                0x0000685a                erpc::BasicCodec::read(long long*)
                0x0000687c                erpc::BasicCodec::read(unsigned char*)
                0x0000689e                erpc::BasicCodec::read(unsigned short*)
                0x000068c0                erpc::BasicCodec::read(unsigned long*)
                0x000068e2                erpc::BasicCodec::read(unsigned long long*)
                0x00006904                erpc::BasicCodec::read(float*)
                0x00006926                erpc::BasicCodec::read(double*)
                0x00006948                erpc::BasicCodec::readString(unsigned long*, char**)
                0x0000696e                erpc::BasicCodec::readBinary(unsigned long*, unsigned char**)
                0x000069c6                erpc::BasicCodec::startReadList(unsigned long*)
                0x000069ea                erpc::BasicCodec::endReadList()
                0x000069fc                erpc::BasicCodec::startReadStruct()
                0x00006a0e                erpc::BasicCodec::endReadStruct()
                0x00006a20                erpc::BasicCodec::readNullFlag(bool*)
 .text._ZN4erpc13MessageBuffer6Cursor3getEv
                0x00006a66       0x14 ./eRPC_common_src/erpc/infra/basic_codec.o
                0x00006a66                erpc::MessageBuffer::Cursor::get()
 .text._ZN4erpc13MessageBuffer6CursorpLEt
                0x00006a7a       0x36 ./eRPC_common_src/erpc/infra/basic_codec.o
                0x00006a7a                erpc::MessageBuffer::Cursor::operator+=(unsigned short)
 .text._ZN4erpc5CodecD0Ev
                0x00006ab0       0x22 ./eRPC_common_src/erpc/infra/basic_codec.o
                0x00006ab0                erpc::Codec::~Codec()
 .text._ZN4erpc5Codec9setBufferERNS_13MessageBufferE
                0x00006ad2       0x2e ./eRPC_common_src/erpc/infra/basic_codec.o
                0x00006ad2                erpc::Codec::setBuffer(erpc::MessageBuffer&)
 .text._ZN4erpc5Codec5resetEv
                0x00006b00       0x22 ./eRPC_common_src/erpc/infra/basic_codec.o
                0x00006b00                erpc::Codec::reset()
 .text._ZN4erpc10BasicCodecD0Ev
                0x00006b22       0x22 ./eRPC_common_src/erpc/infra/basic_codec.o
                0x00006b22                erpc::BasicCodec::~BasicCodec()
 .text._ZNK4erpc13MessageBuffer9getLengthEv
                0x00006b44       0x16 ./eRPC_common_src/erpc/infra/message_buffer.o
                0x00006b44                erpc::MessageBuffer::getLength() const
 .text._ZN4erpc13MessageBufferC2Ev
                0x00006b5a       0x24 ./eRPC_client/erpc/setup/erpc_client_setup.o
                0x00006b5a                erpc::MessageBuffer::MessageBuffer()
                0x00006b5a                erpc::MessageBuffer::MessageBuffer()
 .text._ZN4erpc13MessageBuffer6CursorC2Ev
                0x00006b7e       0x24 ./eRPC_client/erpc/setup/erpc_client_setup.o
                0x00006b7e                erpc::MessageBuffer::Cursor::Cursor()
                0x00006b7e                erpc::MessageBuffer::Cursor::Cursor()
 .text._ZN4erpc12CodecFactoryD0Ev
                0x00006ba2       0x22 ./eRPC_client/erpc/setup/erpc_client_setup.o
                0x00006ba2                erpc::CodecFactory::~CodecFactory()
 .text._ZN4erpc13ClientManager23setMessageBufferFactoryEPNS_20MessageBufferFactoryE
                0x00006bc4       0x18 ./eRPC_client/erpc/setup/erpc_client_setup.o
                0x00006bc4                erpc::ClientManager::setMessageBufferFactory(erpc::MessageBufferFactory*)
 .text._ZN4erpc13ClientManager15setCodecFactoryEPNS_12CodecFactoryE
                0x00006bdc       0x18 ./eRPC_client/erpc/setup/erpc_client_setup.o
                0x00006bdc                erpc::ClientManager::setCodecFactory(erpc::CodecFactory*)
 .text._ZN4erpc13ClientManager15setErrorHandlerEPFvlE
                0x00006bf4       0x18 ./eRPC_client/erpc/setup/erpc_client_setup.o
                0x00006bf4                erpc::ClientManager::setErrorHandler(void (*)(long))
 .text._ZN4erpc17BasicCodecFactory7disposeEPNS_5CodecE
                0x00006c0c       0x26 ./eRPC_client/erpc/setup/erpc_client_setup.o
                0x00006c0c                erpc::BasicCodecFactory::dispose(erpc::Codec*)
 .text._ZN4erpc19ManuallyConstructedINS_17BasicCodecFactoryEE9constructEv
                0x00006c32       0x24 ./eRPC_client/erpc/setup/erpc_client_setup.o
                0x00006c32                erpc::ManuallyConstructed<erpc::BasicCodecFactory>::construct()
 .text._ZN4erpc19ManuallyConstructedINS_13ClientManagerEE9constructEv
                0x00006c56       0x24 ./eRPC_client/erpc/setup/erpc_client_setup.o
                0x00006c56                erpc::ManuallyConstructed<erpc::ClientManager>::construct()
 .text._ZN4erpc19ManuallyConstructedINS_13ClientManagerEEptEv
                0x00006c7a       0x1a ./eRPC_client/erpc/setup/erpc_client_setup.o
                0x00006c7a                erpc::ManuallyConstructed<erpc::ClientManager>::operator->()
 .text._ZN4erpc19ManuallyConstructedINS_17BasicCodecFactoryEEcvPS1_Ev
                0x00006c94       0x1a ./eRPC_client/erpc/setup/erpc_client_setup.o
                0x00006c94                erpc::ManuallyConstructed<erpc::BasicCodecFactory>::operator erpc::BasicCodecFactory*()
 .text._ZN4erpc19ManuallyConstructedINS_13ClientManagerEEcvPS1_Ev
                0x00006cae       0x1a ./eRPC_client/erpc/setup/erpc_client_setup.o
                0x00006cae                erpc::ManuallyConstructed<erpc::ClientManager>::operator erpc::ClientManager*()
 .text._ZN4erpc19ManuallyConstructedINS_13ClientManagerEE7destroyEv
                0x00006cc8       0x22 ./eRPC_client/erpc/setup/erpc_client_setup.o
                0x00006cc8                erpc::ManuallyConstructed<erpc::ClientManager>::destroy()
 .text._ZN4erpc17BasicCodecFactoryD0Ev
                0x00006cea       0x22 ./eRPC_client/erpc/setup/erpc_client_setup.o
                0x00006cea                erpc::BasicCodecFactory::~BasicCodecFactory()
 .text._ZN4erpc19ManuallyConstructedINS_17BasicCodecFactoryEE7destroyEv
                0x00006d0c       0x22 ./eRPC_client/erpc/setup/erpc_client_setup.o
                0x00006d0c                erpc::ManuallyConstructed<erpc::BasicCodecFactory>::destroy()
 .text._ZN4erpc19ManuallyConstructedINS_13ClientManagerEE3getEv
                0x00006d2e       0x12 ./eRPC_client/erpc/setup/erpc_client_setup.o
                0x00006d2e                erpc::ManuallyConstructed<erpc::ClientManager>::get()
 .text._ZN4erpc19ManuallyConstructedINS_17BasicCodecFactoryEE3getEv
                0x00006d40       0x12 ./eRPC_client/erpc/setup/erpc_client_setup.o
                0x00006d40                erpc::ManuallyConstructed<erpc::BasicCodecFactory>::get()
 .text          0x00006d52      0x262 ./eRPC_client/erpc/infra/client_manager.o
                0x00006d52                erpc::ClientManager::setTransport(erpc::Transport*)
                0x00006d6a                erpc::ClientManager::createRequest(bool)
                0x00006da6                erpc::ClientManager::performRequest(erpc::RequestContext&)
                0x00006e56                erpc::ClientManager::verifyReply(erpc::RequestContext&)
                0x00006ed8                erpc::ClientManager::createBufferAndCodec()
                0x00006f5e                erpc::ClientManager::releaseRequest(erpc::RequestContext&)
 .text._ZN4erpc5Codec9getBufferEv
                0x00006fb4       0x14 ./eRPC_client/erpc/infra/client_manager.o
                0x00006fb4                erpc::Codec::getBuffer()
 .text._ZN4erpc13ClientManagerD0Ev
                0x00006fc8       0x22 ./eRPC_client/erpc/infra/client_manager.o
                0x00006fc8                erpc::ClientManager::~ClientManager()
 .text._ZN4erpc14RequestContextC2EmPNS_5CodecEb
                0x00006fea       0x30 ./eRPC_client/erpc/infra/client_manager.o
                0x00006fea                erpc::RequestContext::RequestContext(unsigned long, erpc::Codec*, bool)
                0x00006fea                erpc::RequestContext::RequestContext(unsigned long, erpc::Codec*, bool)
 .text._ZNK4erpc14RequestContext8isOnewayEv
                0x0000701a       0x14 ./eRPC_client/erpc/infra/client_manager.o
                0x0000701a                erpc::RequestContext::isOneway() const
 .text.OSC_SetExtRefClkConfig
                0x0000702e       0x3e ./drivers/fsl_clock.o
 .text.OSC_SetCapLoad
                0x0000706c       0x42 ./drivers/fsl_clock.o
 .text.CLOCK_GetPll0RefFreq
                0x000070ae       0x10 ./drivers/fsl_clock.o
 .text.CLOCK_GetFixedFreqClkFreq
                0x000070be       0x30 ./drivers/fsl_clock.o
                0x000070be                CLOCK_GetFixedFreqClkFreq
 .text.CLOCK_SetExternalRefClkConfig
                0x000070ee       0x16 ./drivers/fsl_clock.o
                0x000070ee                CLOCK_SetExternalRefClkConfig
 .text.GPIO_WritePinOutput
                0x00007104       0x34 ./drivers/fsl_gpio.o
 .text.LPSCI_GetStatusFlags
                0x00007138       0x26 ./drivers/fsl_lpsci.o
                0x00007138                LPSCI_GetStatusFlags
 .text.SPI_WriteNonBlocking
                0x0000715e       0x54 ./drivers/fsl_spi.o
 .text.SPI_ReadNonBlocking
                0x000071b2       0x54 ./drivers/fsl_spi.o
 .text.SPI_MasterSetBaudRate
                0x00007206       0xb8 ./drivers/fsl_spi.o
                0x00007206                SPI_MasterSetBaudRate
 .text.SPI_WriteData
                0x000072be       0x20 ./drivers/fsl_spi.o
                0x000072be                SPI_WriteData
 .text.SPI_ReadData
                0x000072de       0x26 ./drivers/fsl_spi.o
                0x000072de                SPI_ReadData
 .text.TSI_StartSoftwareTrigger
                0x00007304       0x1e ./drivers/fsl_tsi_v4.o
 .text.TSI_GetCounter
                0x00007322       0x16 ./drivers/fsl_tsi_v4.o
 .text.TSI_GetNormalModeDefaultConfig
                0x00007338       0x40 ./drivers/fsl_tsi_v4.o
                0x00007338                TSI_GetNormalModeDefaultConfig
 .text.UART_GetStatusFlags
                0x00007378       0x26 ./drivers/fsl_uart.o
                0x00007378                UART_GetStatusFlags
 .text.UART_WriteBlocking
                0x0000739e       0x3a ./drivers/fsl_uart.o
                0x0000739e                UART_WriteBlocking
 .text.abort    0x000073d8        0xe c:/nxp/mcuxpressoide_10.3.0_2200/ide/plugins/com.nxp.mcuxpresso.tools.win32_10.3.0.201811011841/tools/bin/../lib/gcc/arm-none-eabi/7.3.1/../../../../arm-none-eabi/lib/thumb/v6-m\libc_nano.a(lib_a-abort.o)
                0x000073d8                abort
 .text.memcpy   0x000073e6       0x12 c:/nxp/mcuxpressoide_10.3.0_2200/ide/plugins/com.nxp.mcuxpresso.tools.win32_10.3.0.201811011841/tools/bin/../lib/gcc/arm-none-eabi/7.3.1/../../../../arm-none-eabi/lib/thumb/v6-m\libc_nano.a(lib_a-memcpy-stub.o)
                0x000073e6                memcpy
 .text.memset   0x000073f8       0x10 c:/nxp/mcuxpressoide_10.3.0_2200/ide/plugins/com.nxp.mcuxpresso.tools.win32_10.3.0.201811011841/tools/bin/../lib/gcc/arm-none-eabi/7.3.1/../../../../arm-none-eabi/lib/thumb/v6-m\libc_nano.a(lib_a-memset.o)
                0x000073f8                memset
 .text._raise_r
                0x00007408       0x54 c:/nxp/mcuxpressoide_10.3.0_2200/ide/plugins/com.nxp.mcuxpresso.tools.win32_10.3.0.201811011841/tools/bin/../lib/gcc/arm-none-eabi/7.3.1/../../../../arm-none-eabi/lib/thumb/v6-m\libc_nano.a(lib_a-signal.o)
                0x00007408                _raise_r
 .text._getpid_r
                0x0000745c        0x8 c:/nxp/mcuxpressoide_10.3.0_2200/ide/plugins/com.nxp.mcuxpresso.tools.win32_10.3.0.201811011841/tools/bin/../lib/gcc/arm-none-eabi/7.3.1/../../../../arm-none-eabi/lib/thumb/v6-m\libc_nano.a(lib_a-signalr.o)
                0x0000745c                _getpid_r
 .text.__sfmoreglue
                0x00007464       0x2c c:/nxp/mcuxpressoide_10.3.0_2200/ide/plugins/com.nxp.mcuxpresso.tools.win32_10.3.0.201811011841/tools/bin/../lib/gcc/arm-none-eabi/7.3.1/../../../../arm-none-eabi/lib/thumb/v6-m\libc_nano.a(lib_a-findfp.o)
                0x00007464                __sfmoreglue
 .text._fwalk_reent
                0x00007490       0x42 c:/nxp/mcuxpressoide_10.3.0_2200/ide/plugins/com.nxp.mcuxpresso.tools.win32_10.3.0.201811011841/tools/bin/../lib/gcc/arm-none-eabi/7.3.1/../../../../arm-none-eabi/lib/thumb/v6-m\libc_nano.a(lib_a-fwalk.o)
                0x00007490                _fwalk_reent
 .text.__malloc_lock
                0x000074d2        0x2 c:/nxp/mcuxpressoide_10.3.0_2200/ide/plugins/com.nxp.mcuxpresso.tools.win32_10.3.0.201811011841/tools/bin/../lib/gcc/arm-none-eabi/7.3.1/../../../../arm-none-eabi/lib/thumb/v6-m\libc_nano.a(lib_a-mlock.o)
                0x000074d2                __malloc_lock
 .text.__malloc_unlock
                0x000074d4        0x2 c:/nxp/mcuxpressoide_10.3.0_2200/ide/plugins/com.nxp.mcuxpresso.tools.win32_10.3.0.201811011841/tools/bin/../lib/gcc/arm-none-eabi/7.3.1/../../../../arm-none-eabi/lib/thumb/v6-m\libc_nano.a(lib_a-mlock.o)
                0x000074d4                __malloc_unlock
 .text.__sfputc_r
                0x000074d6       0x2a c:/nxp/mcuxpressoide_10.3.0_2200/ide/plugins/com.nxp.mcuxpresso.tools.win32_10.3.0.201811011841/tools/bin/../lib/gcc/arm-none-eabi/7.3.1/../../../../arm-none-eabi/lib/thumb/v6-m\libc_nano.a(lib_a-nano-vfprintf.o)
 .text.__sfputs_r
                0x00007500       0x24 c:/nxp/mcuxpressoide_10.3.0_2200/ide/plugins/com.nxp.mcuxpresso.tools.win32_10.3.0.201811011841/tools/bin/../lib/gcc/arm-none-eabi/7.3.1/../../../../arm-none-eabi/lib/thumb/v6-m\libc_nano.a(lib_a-nano-vfprintf.o)
                0x00007500                __sfputs_r
 .text._printf_common
                0x00007524       0xda c:/nxp/mcuxpressoide_10.3.0_2200/ide/plugins/com.nxp.mcuxpresso.tools.win32_10.3.0.201811011841/tools/bin/../lib/gcc/arm-none-eabi/7.3.1/../../../../arm-none-eabi/lib/thumb/v6-m\libc_nano.a(lib_a-nano-vfprintf_i.o)
                0x00007524                _printf_common
 .text.__sclose
                0x000075fe        0xc c:/nxp/mcuxpressoide_10.3.0_2200/ide/plugins/com.nxp.mcuxpresso.tools.win32_10.3.0.201811011841/tools/bin/../lib/gcc/arm-none-eabi/7.3.1/../../../../arm-none-eabi/lib/thumb/v6-m\libc_nano.a(lib_a-stdio.o)
                0x000075fe                __sclose
 .text.memchr   0x0000760a       0x16 c:/nxp/mcuxpressoide_10.3.0_2200/ide/plugins/com.nxp.mcuxpresso.tools.win32_10.3.0.201811011841/tools/bin/../lib/gcc/arm-none-eabi/7.3.1/../../../../arm-none-eabi/lib/thumb/v6-m\libc_nano.a(lib_a-memchr-stub.o)
                0x0000760a                memchr
 .text._ZL12read_uleb128PKhPm
                0x00007620       0x2c c:/nxp/mcuxpressoide_10.3.0_2200/ide/plugins/com.nxp.mcuxpresso.tools.win32_10.3.0.201811011841/tools/bin/../lib/gcc/arm-none-eabi/7.3.1/../../../../arm-none-eabi/lib/thumb/v6-m\libstdc++_nano.a(eh_personality.o)
 .text._ZL12read_sleb128PKhPl
                0x0000764c       0x34 c:/nxp/mcuxpressoide_10.3.0_2200/ide/plugins/com.nxp.mcuxpresso.tools.win32_10.3.0.201811011841/tools/bin/../lib/gcc/arm-none-eabi/7.3.1/../../../../arm-none-eabi/lib/thumb/v6-m\libstdc++_nano.a(eh_personality.o)
 .text._ZL28read_encoded_value_with_basehjPKhPj
                0x00007680       0xb2 c:/nxp/mcuxpressoide_10.3.0_2200/ide/plugins/com.nxp.mcuxpresso.tools.win32_10.3.0.201811011841/tools/bin/../lib/gcc/arm-none-eabi/7.3.1/../../../../arm-none-eabi/lib/thumb/v6-m\libstdc++_nano.a(eh_personality.o)
 .text._Unwind_GetGR
                0x00007732       0x16 c:/nxp/mcuxpressoide_10.3.0_2200/ide/plugins/com.nxp.mcuxpresso.tools.win32_10.3.0.201811011841/tools/bin/../lib/gcc/arm-none-eabi/7.3.1/../../../../arm-none-eabi/lib/thumb/v6-m\libstdc++_nano.a(eh_personality.o)
 .text._ZL21base_of_encoded_valuehP15_Unwind_Context.part.3
                0x00007748       0x3e c:/nxp/mcuxpressoide_10.3.0_2200/ide/plugins/com.nxp.mcuxpresso.tools.win32_10.3.0.201811011841/tools/bin/../lib/gcc/arm-none-eabi/7.3.1/../../../../arm-none-eabi/lib/thumb/v6-m\libstdc++_nano.a(eh_personality.o)
 .text._ZL18read_encoded_valueP15_Unwind_ContexthPKhPj
                0x00007786       0x24 c:/nxp/mcuxpressoide_10.3.0_2200/ide/plugins/com.nxp.mcuxpresso.tools.win32_10.3.0.201811011841/tools/bin/../lib/gcc/arm-none-eabi/7.3.1/../../../../arm-none-eabi/lib/thumb/v6-m\libstdc++_nano.a(eh_personality.o)
 .text._ZL17parse_lsda_headerP15_Unwind_ContextPKhP16lsda_header_info
                0x000077aa       0x62 c:/nxp/mcuxpressoide_10.3.0_2200/ide/plugins/com.nxp.mcuxpresso.tools.win32_10.3.0.201811011841/tools/bin/../lib/gcc/arm-none-eabi/7.3.1/../../../../arm-none-eabi/lib/thumb/v6-m\libstdc++_nano.a(eh_personality.o)
 .text.__gxx_personality_v0
                0x0000780c      0x370 c:/nxp/mcuxpressoide_10.3.0_2200/ide/plugins/com.nxp.mcuxpresso.tools.win32_10.3.0.201811011841/tools/bin/../lib/gcc/arm-none-eabi/7.3.1/../../../../arm-none-eabi/lib/thumb/v6-m\libstdc++_nano.a(eh_personality.o)
                0x0000780c                __gxx_personality_v0
 .text._ZN10__cxxabiv1L24__is_gxx_exception_classEPc
                0x00007b7c       0x3a c:/nxp/mcuxpressoide_10.3.0_2200/ide/plugins/com.nxp.mcuxpresso.tools.win32_10.3.0.201811011841/tools/bin/../lib/gcc/arm-none-eabi/7.3.1/../../../../arm-none-eabi/lib/thumb/v6-m\libstdc++_nano.a(eh_call.o)
 .text.__cxa_call_terminate
                0x00007bb6       0x20 c:/nxp/mcuxpressoide_10.3.0_2200/ide/plugins/com.nxp.mcuxpresso.tools.win32_10.3.0.201811011841/tools/bin/../lib/gcc/arm-none-eabi/7.3.1/../../../../arm-none-eabi/lib/thumb/v6-m\libstdc++_nano.a(eh_call.o)
                0x00007bb6                __cxa_call_terminate
 .text.__cxa_call_unexpected
                0x00007bd6       0x2e c:/nxp/mcuxpressoide_10.3.0_2200/ide/plugins/com.nxp.mcuxpresso.tools.win32_10.3.0.201811011841/tools/bin/../lib/gcc/arm-none-eabi/7.3.1/../../../../arm-none-eabi/lib/thumb/v6-m\libstdc++_nano.a(eh_call.o)
                0x00007bd6                __cxa_call_unexpected
 .text._ZN10__cxxabiv1L24__is_gxx_exception_classEPc
                0x00007c04       0x3a c:/nxp/mcuxpressoide_10.3.0_2200/ide/plugins/com.nxp.mcuxpresso.tools.win32_10.3.0.201811011841/tools/bin/../lib/gcc/arm-none-eabi/7.3.1/../../../../arm-none-eabi/lib/thumb/v6-m\libstdc++_nano.a(eh_catch.o)
 .text.__cxa_begin_catch
                0x00007c3e       0x4e c:/nxp/mcuxpressoide_10.3.0_2200/ide/plugins/com.nxp.mcuxpresso.tools.win32_10.3.0.201811011841/tools/bin/../lib/gcc/arm-none-eabi/7.3.1/../../../../arm-none-eabi/lib/thumb/v6-m\libstdc++_nano.a(eh_catch.o)
                0x00007c3e                __cxa_begin_catch
 .text._ZN10__cxxabiv111__terminateEPFvvE
                0x00007c8c        0x8 c:/nxp/mcuxpressoide_10.3.0_2200/ide/plugins/com.nxp.mcuxpresso.tools.win32_10.3.0.201811011841/tools/bin/../lib/gcc/arm-none-eabi/7.3.1/../../../../arm-none-eabi/lib/thumb/v6-m\libstdc++_nano.a(eh_terminate.o)
                0x00007c8c                __cxxabiv1::__terminate(void (*)())
 .text._ZN10__cxxabiv112__unexpectedEPFvvE
                0x00007c94        0x8 c:/nxp/mcuxpressoide_10.3.0_2200/ide/plugins/com.nxp.mcuxpresso.tools.win32_10.3.0.201811011841/tools/bin/../lib/gcc/arm-none-eabi/7.3.1/../../../../arm-none-eabi/lib/thumb/v6-m\libstdc++_nano.a(eh_terminate.o)
                0x00007c94                __cxxabiv1::__unexpected(void (*)())
 .text.__cxa_end_cleanup
                0x00007c9c        0xc c:/nxp/mcuxpressoide_10.3.0_2200/ide/plugins/com.nxp.mcuxpresso.tools.win32_10.3.0.201811011841/tools/bin/../lib/gcc/arm-none-eabi/7.3.1/../../../../arm-none-eabi/lib/thumb/v6-m\libstdc++_nano.a(eh_arm.o)
                0x00007c9c                __cxa_end_cleanup
 .text._ZN10__cxxabiv1L24__is_gxx_exception_classEPc
                0x00007ca8       0x3a c:/nxp/mcuxpressoide_10.3.0_2200/ide/plugins/com.nxp.mcuxpresso.tools.win32_10.3.0.201811011841/tools/bin/../lib/gcc/arm-none-eabi/7.3.1/../../../../arm-none-eabi/lib/thumb/v6-m\libstdc++_nano.a(eh_arm.o)
 .text.__cxa_begin_cleanup
                0x00007ce2       0x36 c:/nxp/mcuxpressoide_10.3.0_2200/ide/plugins/com.nxp.mcuxpresso.tools.win32_10.3.0.201811011841/tools/bin/../lib/gcc/arm-none-eabi/7.3.1/../../../../arm-none-eabi/lib/thumb/v6-m\libstdc++_nano.a(eh_arm.o)
                0x00007ce2                __cxa_begin_cleanup
 .text.__gnu_end_cleanup
                0x00007d18       0x38 c:/nxp/mcuxpressoide_10.3.0_2200/ide/plugins/com.nxp.mcuxpresso.tools.win32_10.3.0.201811011841/tools/bin/../lib/gcc/arm-none-eabi/7.3.1/../../../../arm-none-eabi/lib/thumb/v6-m\libstdc++_nano.a(eh_arm.o)
                0x00007d18                __gnu_end_cleanup
 .text._ZN10__cxxabiv120__si_class_type_infoD0Ev
                0x00007d50       0x14 c:/nxp/mcuxpressoide_10.3.0_2200/ide/plugins/com.nxp.mcuxpresso.tools.win32_10.3.0.201811011841/tools/bin/../lib/gcc/arm-none-eabi/7.3.1/../../../../arm-none-eabi/lib/thumb/v6-m\libstdc++_nano.a(si_class_type_info.o)
                0x00007d50                __cxxabiv1::__si_class_type_info::~__si_class_type_info()
 .text._ZNK10__cxxabiv120__si_class_type_info20__do_find_public_srcEiPKvPKNS_17__class_type_infoES2_
                0x00007d64       0x32 c:/nxp/mcuxpressoide_10.3.0_2200/ide/plugins/com.nxp.mcuxpresso.tools.win32_10.3.0.201811011841/tools/bin/../lib/gcc/arm-none-eabi/7.3.1/../../../../arm-none-eabi/lib/thumb/v6-m\libstdc++_nano.a(si_class_type_info.o)
                0x00007d64                __cxxabiv1::__si_class_type_info::__do_find_public_src(int, void const*, __cxxabiv1::__class_type_info const*, void const*) const
 .text._ZNK10__cxxabiv120__si_class_type_info12__do_dyncastEiNS_17__class_type_info10__sub_kindEPKS1_PKvS4_S6_RNS1_16__dyncast_resultE
                0x00007d96       0x80 c:/nxp/mcuxpressoide_10.3.0_2200/ide/plugins/com.nxp.mcuxpresso.tools.win32_10.3.0.201811011841/tools/bin/../lib/gcc/arm-none-eabi/7.3.1/../../../../arm-none-eabi/lib/thumb/v6-m\libstdc++_nano.a(si_class_type_info.o)
                0x00007d96                __cxxabiv1::__si_class_type_info::__do_dyncast(int, __cxxabiv1::__class_type_info::__sub_kind, __cxxabiv1::__class_type_info const*, void const*, __cxxabiv1::__class_type_info const*, void const*, __cxxabiv1::__class_type_info::__dyncast_result&) const
 .text._ZNK10__cxxabiv120__si_class_type_info11__do_upcastEPKNS_17__class_type_infoEPKvRNS1_15__upcast_resultE
                0x00007e16       0x22 c:/nxp/mcuxpressoide_10.3.0_2200/ide/plugins/com.nxp.mcuxpresso.tools.win32_10.3.0.201811011841/tools/bin/../lib/gcc/arm-none-eabi/7.3.1/../../../../arm-none-eabi/lib/thumb/v6-m\libstdc++_nano.a(si_class_type_info.o)
                0x00007e16                __cxxabiv1::__si_class_type_info::__do_upcast(__cxxabiv1::__class_type_info const*, void const*, __cxxabiv1::__class_type_info::__upcast_result&) const
 .text._ZNSt9type_infoD2Ev
                0x00007e38        0x2 c:/nxp/mcuxpressoide_10.3.0_2200/ide/plugins/com.nxp.mcuxpresso.tools.win32_10.3.0.201811011841/tools/bin/../lib/gcc/arm-none-eabi/7.3.1/../../../../arm-none-eabi/lib/thumb/v6-m\libstdc++_nano.a(tinfo.o)
                0x00007e38                std::type_info::~type_info()
                0x00007e38                std::type_info::~type_info()
 .text._ZNKSt9type_info14__is_pointer_pEv
                0x00007e3a        0x4 c:/nxp/mcuxpressoide_10.3.0_2200/ide/plugins/com.nxp.mcuxpresso.tools.win32_10.3.0.201811011841/tools/bin/../lib/gcc/arm-none-eabi/7.3.1/../../../../arm-none-eabi/lib/thumb/v6-m\libstdc++_nano.a(tinfo.o)
                0x00007e3a                std::type_info::__is_pointer_p() const
                0x00007e3a                std::type_info::__is_function_p() const
 .text._ZNKSt9type_infoeqERKS_
                0x00007e3e       0x2c c:/nxp/mcuxpressoide_10.3.0_2200/ide/plugins/com.nxp.mcuxpresso.tools.win32_10.3.0.201811011841/tools/bin/../lib/gcc/arm-none-eabi/7.3.1/../../../../arm-none-eabi/lib/thumb/v6-m\libstdc++_nano.a(tinfo.o)
                0x00007e3e                std::type_info::operator==(std::type_info const&) const
 .text._ZNK10__cxxabiv117__class_type_info11__do_upcastEPKS0_PPv
                0x00007e6a       0x34 c:/nxp/mcuxpressoide_10.3.0_2200/ide/plugins/com.nxp.mcuxpresso.tools.win32_10.3.0.201811011841/tools/bin/../lib/gcc/arm-none-eabi/7.3.1/../../../../arm-none-eabi/lib/thumb/v6-m\libstdc++_nano.a(class_type_info.o)
                0x00007e6a                __cxxabiv1::__class_type_info::__do_upcast(__cxxabiv1::__class_type_info const*, void**) const
 .text._ZNK10__cxxabiv117__class_type_info20__do_find_public_srcEiPKvPKS0_S2_
                0x00007e9e        0xc c:/nxp/mcuxpressoide_10.3.0_2200/ide/plugins/com.nxp.mcuxpresso.tools.win32_10.3.0.201811011841/tools/bin/../lib/gcc/arm-none-eabi/7.3.1/../../../../arm-none-eabi/lib/thumb/v6-m\libstdc++_nano.a(class_type_info.o)
                0x00007e9e                __cxxabiv1::__class_type_info::__do_find_public_src(int, void const*, __cxxabiv1::__class_type_info const*, void const*) const
 .text._ZN10__cxxabiv117__class_type_infoD0Ev
                0x00007eaa       0x14 c:/nxp/mcuxpressoide_10.3.0_2200/ide/plugins/com.nxp.mcuxpresso.tools.win32_10.3.0.201811011841/tools/bin/../lib/gcc/arm-none-eabi/7.3.1/../../../../arm-none-eabi/lib/thumb/v6-m\libstdc++_nano.a(class_type_info.o)
                0x00007eaa                __cxxabiv1::__class_type_info::~__class_type_info()
 .text._ZNK10__cxxabiv117__class_type_info12__do_dyncastEiNS0_10__sub_kindEPKS0_PKvS3_S5_RNS0_16__dyncast_resultE
                0x00007ebe       0x3a c:/nxp/mcuxpressoide_10.3.0_2200/ide/plugins/com.nxp.mcuxpresso.tools.win32_10.3.0.201811011841/tools/bin/../lib/gcc/arm-none-eabi/7.3.1/../../../../arm-none-eabi/lib/thumb/v6-m\libstdc++_nano.a(class_type_info.o)
                0x00007ebe                __cxxabiv1::__class_type_info::__do_dyncast(int, __cxxabiv1::__class_type_info::__sub_kind, __cxxabiv1::__class_type_info const*, void const*, __cxxabiv1::__class_type_info const*, void const*, __cxxabiv1::__class_type_info::__dyncast_result&) const
 .text._ZNK10__cxxabiv117__class_type_info11__do_upcastEPKS0_PKvRNS0_15__upcast_resultE
                0x00007ef8       0x1a c:/nxp/mcuxpressoide_10.3.0_2200/ide/plugins/com.nxp.mcuxpresso.tools.win32_10.3.0.201811011841/tools/bin/../lib/gcc/arm-none-eabi/7.3.1/../../../../arm-none-eabi/lib/thumb/v6-m\libstdc++_nano.a(class_type_info.o)
                0x00007ef8                __cxxabiv1::__class_type_info::__do_upcast(__cxxabiv1::__class_type_info const*, void const*, __cxxabiv1::__class_type_info::__upcast_result&) const
 .text._ZNK10__cxxabiv117__class_type_info10__do_catchEPKSt9type_infoPPvj
                0x00007f12       0x24 c:/nxp/mcuxpressoide_10.3.0_2200/ide/plugins/com.nxp.mcuxpresso.tools.win32_10.3.0.201811011841/tools/bin/../lib/gcc/arm-none-eabi/7.3.1/../../../../arm-none-eabi/lib/thumb/v6-m\libstdc++_nano.a(class_type_info.o)
                0x00007f12                __cxxabiv1::__class_type_info::__do_catch(std::type_info const*, void**, unsigned int) const
 .text._ZdlPvj  0x00007f36        0x8 c:/nxp/mcuxpressoide_10.3.0_2200/ide/plugins/com.nxp.mcuxpresso.tools.win32_10.3.0.201811011841/tools/bin/../lib/gcc/arm-none-eabi/7.3.1/../../../../arm-none-eabi/lib/thumb/v6-m\libstdc++_nano.a(del_ops.o)
                0x00007f36                operator delete(void*, unsigned int)
 .text._exit    0x00007f3e        0xc c:/nxp/mcuxpressoide_10.3.0_2200/ide/plugins/com.nxp.mcuxpresso.tools.win32_10.3.0.201811011841/tools/bin/../lib/gcc/arm-none-eabi/7.3.1/../../../../arm-none-eabi/lib/thumb/v6-m\libcr_newlib_semihost.a(_exit.o)
                0x00007f3e                _exit
 .text.error    0x00007f4a       0x1c c:/nxp/mcuxpressoide_10.3.0_2200/ide/plugins/com.nxp.mcuxpresso.tools.win32_10.3.0.201811011841/tools/bin/../lib/gcc/arm-none-eabi/7.3.1/../../../../arm-none-eabi/lib/thumb/v6-m\libcr_newlib_semihost.a(syscalls.o)
 .text.checkerror
                0x00007f66       0x20 c:/nxp/mcuxpressoide_10.3.0_2200/ide/plugins/com.nxp.mcuxpresso.tools.win32_10.3.0.201811011841/tools/bin/../lib/gcc/arm-none-eabi/7.3.1/../../../../arm-none-eabi/lib/thumb/v6-m\libcr_newlib_semihost.a(syscalls.o)
 .text._swiread
                0x00007f86       0x20 c:/nxp/mcuxpressoide_10.3.0_2200/ide/plugins/com.nxp.mcuxpresso.tools.win32_10.3.0.201811011841/tools/bin/../lib/gcc/arm-none-eabi/7.3.1/../../../../arm-none-eabi/lib/thumb/v6-m\libcr_newlib_semihost.a(syscalls.o)
                0x00007f86                _swiread
 .text._read    0x00007fa6       0x34 c:/nxp/mcuxpressoide_10.3.0_2200/ide/plugins/com.nxp.mcuxpresso.tools.win32_10.3.0.201811011841/tools/bin/../lib/gcc/arm-none-eabi/7.3.1/../../../../arm-none-eabi/lib/thumb/v6-m\libcr_newlib_semihost.a(syscalls.o)
                0x00007fa6                _read
 .text._swilseek
                0x00007fda       0x76 c:/nxp/mcuxpressoide_10.3.0_2200/ide/plugins/com.nxp.mcuxpresso.tools.win32_10.3.0.201811011841/tools/bin/../lib/gcc/arm-none-eabi/7.3.1/../../../../arm-none-eabi/lib/thumb/v6-m\libcr_newlib_semihost.a(syscalls.o)
                0x00007fda                _swilseek
 .text._lseek   0x00008050        0x8 c:/nxp/mcuxpressoide_10.3.0_2200/ide/plugins/com.nxp.mcuxpresso.tools.win32_10.3.0.201811011841/tools/bin/../lib/gcc/arm-none-eabi/7.3.1/../../../../arm-none-eabi/lib/thumb/v6-m\libcr_newlib_semihost.a(syscalls.o)
                0x00008050                _lseek
 .text._swiwrite
                0x00008058       0x20 c:/nxp/mcuxpressoide_10.3.0_2200/ide/plugins/com.nxp.mcuxpresso.tools.win32_10.3.0.201811011841/tools/bin/../lib/gcc/arm-none-eabi/7.3.1/../../../../arm-none-eabi/lib/thumb/v6-m\libcr_newlib_semihost.a(syscalls.o)
                0x00008058                _swiwrite
 .text._write   0x00008078       0x3e c:/nxp/mcuxpressoide_10.3.0_2200/ide/plugins/com.nxp.mcuxpresso.tools.win32_10.3.0.201811011841/tools/bin/../lib/gcc/arm-none-eabi/7.3.1/../../../../arm-none-eabi/lib/thumb/v6-m\libcr_newlib_semihost.a(syscalls.o)
                0x00008078                _write
 .text._swiclose
                0x000080b6       0x18 c:/nxp/mcuxpressoide_10.3.0_2200/ide/plugins/com.nxp.mcuxpresso.tools.win32_10.3.0.201811011841/tools/bin/../lib/gcc/arm-none-eabi/7.3.1/../../../../arm-none-eabi/lib/thumb/v6-m\libcr_newlib_semihost.a(syscalls.o)
                0x000080b6                _swiclose
 .text._getpid  0x000080ce        0x4 c:/nxp/mcuxpressoide_10.3.0_2200/ide/plugins/com.nxp.mcuxpresso.tools.win32_10.3.0.201811011841/tools/bin/../lib/gcc/arm-none-eabi/7.3.1/../../../../arm-none-eabi/lib/thumb/v6-m\libcr_newlib_semihost.a(syscalls.o)
                0x000080ce                _getpid
 .text._swistat
                0x000080d2       0x44 c:/nxp/mcuxpressoide_10.3.0_2200/ide/plugins/com.nxp.mcuxpresso.tools.win32_10.3.0.201811011841/tools/bin/../lib/gcc/arm-none-eabi/7.3.1/../../../../arm-none-eabi/lib/thumb/v6-m\libcr_newlib_semihost.a(syscalls.o)
                0x000080d2                _swistat
 .text._fstat   0x00008116       0x1a c:/nxp/mcuxpressoide_10.3.0_2200/ide/plugins/com.nxp.mcuxpresso.tools.win32_10.3.0.201811011841/tools/bin/../lib/gcc/arm-none-eabi/7.3.1/../../../../arm-none-eabi/lib/thumb/v6-m\libcr_newlib_semihost.a(syscalls.o)
                0x00008116                _fstat
 .text._isatty  0x00008130       0x28 c:/nxp/mcuxpressoide_10.3.0_2200/ide/plugins/com.nxp.mcuxpresso.tools.win32_10.3.0.201811011841/tools/bin/../lib/gcc/arm-none-eabi/7.3.1/../../../../arm-none-eabi/lib/thumb/v6-m\libcr_newlib_semihost.a(syscalls.o)
                0x00008130                _isatty
 .text          0x00008158       0x14 c:/nxp/mcuxpressoide_10.3.0_2200/ide/plugins/com.nxp.mcuxpresso.tools.win32_10.3.0.201811011841/tools/bin/../lib/gcc/arm-none-eabi/7.3.1/../../../../arm-none-eabi/lib/thumb/v6-m\libc_nano.a(lib_a-strcmp.o)
                0x00008158                strcmp
 *(SORT_BY_ALIGNMENT(.rodata) SORT_BY_ALIGNMENT(.rodata.*) SORT_BY_ALIGNMENT(.constdata) SORT_BY_ALIGNMENT(.constdata.*))
 .rodata        0x0000816c       0xd5 ./source/main_client.o
 *fill*         0x00008241        0x3 ff
 .rodata.__func__.6403
                0x00008244       0x1d ./source/main_client.o
 *fill*         0x00008261        0x3 ff
 .rodata.__func__.6535
                0x00008264       0x15 ./source/main_client.o
 *fill*         0x00008279        0x3 ff
 .rodata        0x0000827c      0x264 ./erpc/erpc_error_handler.o
 .rodata        0x000084e0       0x50 ./eRPC_spi_master_transport/erpc/transports/spi_master_transport.o
                0x000084e0                vtable for erpc::SpiMasterTransport
                0x00008508                typeinfo for erpc::SpiMasterTransport
                0x00008514                typeinfo name for erpc::SpiMasterTransport
 .rodata        0x00008530       0x90 ./eRPC_spi_master_transport/erpc/setup/erpc_setup_mbf_dynamic.o
 .rodata._ZTV27DynamicMessageBufferFactory
                0x000085c0       0x20 ./eRPC_spi_master_transport/erpc/setup/erpc_setup_mbf_dynamic.o
                0x000085c0                vtable for DynamicMessageBufferFactory
 .rodata._ZTI27DynamicMessageBufferFactory
                0x000085e0        0xc ./eRPC_spi_master_transport/erpc/setup/erpc_setup_mbf_dynamic.o
                0x000085e0                typeinfo for DynamicMessageBufferFactory
 .rodata._ZTS27DynamicMessageBufferFactory
                0x000085ec       0x1e ./eRPC_spi_master_transport/erpc/setup/erpc_setup_mbf_dynamic.o
                0x000085ec                typeinfo name for DynamicMessageBufferFactory
 *fill*         0x0000860a        0x2 ff
 .rodata        0x0000860c       0xe9 ./eRPC_spi_master_transport/erpc/infra/framed_transport.o
                0x00008658                vtable for erpc::FramedTransport
                0x0000867c                typeinfo for erpc::FramedTransport
                0x00008688                typeinfo name for erpc::FramedTransport
 *fill*         0x000086f5        0x3 ff
 .rodata._ZTVN4erpc9TransportE
                0x000086f8       0x1c ./eRPC_spi_master_transport/erpc/infra/framed_transport.o
                0x000086f8                vtable for erpc::Transport
 .rodata._ZTIN4erpc9TransportE
                0x00008714        0x8 ./eRPC_spi_master_transport/erpc/infra/framed_transport.o
                0x00008714                typeinfo for erpc::Transport
 .rodata._ZTSN4erpc9TransportE
                0x0000871c       0x12 ./eRPC_spi_master_transport/erpc/infra/framed_transport.o
                0x0000871c                typeinfo name for erpc::Transport
 *fill*         0x0000872e        0x2 ff
 .rodata        0x00008730       0xd8 ./eRPC_common_src/erpc/infra/basic_codec.o
                0x00008730                vtable for erpc::BasicCodec
                0x000087e8                typeinfo for erpc::BasicCodec